Archive member included because of file (symbol)

.\CortexM3\ARM_GCC_493\Debug\CS301_Class.a(cyfitter_cfg.o)
                              .\CortexM3\ARM_GCC_493\Debug\Cm3Start.o (cyfitter_cfg)
.\CortexM3\ARM_GCC_493\Debug\CS301_Class.a(ADC.o)
                              .\CortexM3\ARM_GCC_493\Debug\main.o (ADC_Start)
.\CortexM3\ARM_GCC_493\Debug\CS301_Class.a(isr_TS.o)
                              .\CortexM3\ARM_GCC_493\Debug\main.o (isr_TS_Start)
.\CortexM3\ARM_GCC_493\Debug\CS301_Class.a(Timer_TS.o)
                              .\CortexM3\ARM_GCC_493\Debug\main.o (Timer_TS_Start)
.\CortexM3\ARM_GCC_493\Debug\CS301_Class.a(USBUART.o)
                              .\CortexM3\ARM_GCC_493\Debug\main.o (USBUART_Start)
.\CortexM3\ARM_GCC_493\Debug\CS301_Class.a(USBUART_drv.o)
                              .\CortexM3\ARM_GCC_493\Debug\CS301_Class.a(USBUART.o) (USBUART_EP)
.\CortexM3\ARM_GCC_493\Debug\CS301_Class.a(USBUART_episr.o)
                              .\CortexM3\ARM_GCC_493\Debug\CS301_Class.a(USBUART.o) (USBUART_EP_1_ISR)
.\CortexM3\ARM_GCC_493\Debug\CS301_Class.a(USBUART_pm.o)
                              .\CortexM3\ARM_GCC_493\Debug\CS301_Class.a(USBUART.o) (USBUART_DP_ISR)
.\CortexM3\ARM_GCC_493\Debug\CS301_Class.a(USBUART_std.o)
                              .\CortexM3\ARM_GCC_493\Debug\CS301_Class.a(USBUART_drv.o) (USBUART_HandleStandardRqst)
.\CortexM3\ARM_GCC_493\Debug\CS301_Class.a(USBUART_vnd.o)
                              .\CortexM3\ARM_GCC_493\Debug\CS301_Class.a(USBUART_drv.o) (USBUART_HandleVendorRqst)
.\CortexM3\ARM_GCC_493\Debug\CS301_Class.a(ADC_SAR.o)
                              .\CortexM3\ARM_GCC_493\Debug\CS301_Class.a(ADC.o) (ADC_SAR_shift)
.\CortexM3\ARM_GCC_493\Debug\CS301_Class.a(ADC_TempBuf_dma.o)
                              .\CortexM3\ARM_GCC_493\Debug\CS301_Class.a(ADC.o) (ADC_TempBuf_DmaInitialize)
.\CortexM3\ARM_GCC_493\Debug\CS301_Class.a(ADC_FinalBuf_dma.o)
                              .\CortexM3\ARM_GCC_493\Debug\CS301_Class.a(ADC.o) (ADC_FinalBuf_DmaInitialize)
.\CortexM3\ARM_GCC_493\Debug\CS301_Class.a(ADC_IRQ.o)
                              .\CortexM3\ARM_GCC_493\Debug\CS301_Class.a(ADC.o) (ADC_IRQ_SetVector)
.\CortexM3\ARM_GCC_493\Debug\CS301_Class.a(USBUART_Dp.o)
                              .\CortexM3\ARM_GCC_493\Debug\CS301_Class.a(USBUART_pm.o) (USBUART_Dp_ClearInterrupt)
.\CortexM3\ARM_GCC_493\Debug\CS301_Class.a(CyBootAsmGnu.o)
                              .\CortexM3\ARM_GCC_493\Debug\CS301_Class.a(cyfitter_cfg.o) (CyDelayCycles)
.\CortexM3\ARM_GCC_493\Debug\CS301_Class.a(CyDmac.o)
                              .\CortexM3\ARM_GCC_493\Debug\Cm3Start.o (CyDmacConfigure)
.\CortexM3\ARM_GCC_493\Debug\CS301_Class.a(CyLib.o)
                              .\CortexM3\ARM_GCC_493\Debug\Cm3Start.o (CyResetStatus)
.\CortexM3\ARM_GCC_493\Debug\CS301_Class.a(cyPm.o)
                              .\CortexM3\ARM_GCC_493\Debug\CS301_Class.a(CyLib.o) (CyPmReadStatus)
.\CortexM3\ARM_GCC_493\Debug\CS301_Class.a(PWM_1.o)
                              .\CortexM3\ARM_GCC_493\Debug\main.o (PWM_1_Start)
.\CortexM3\ARM_GCC_493\Debug\CS301_Class.a(isr_eoc.o)
                              .\CortexM3\ARM_GCC_493\Debug\main.o (isr_eoc_StartEx)
.\CortexM3\ARM_GCC_493\Debug\CS301_Class.a(PWM_2.o)
                              .\CortexM3\ARM_GCC_493\Debug\main.o (PWM_2_Start)
.\CortexM3\ARM_GCC_493\Debug\CS301_Class.a(LED.o)
                              .\CortexM3\ARM_GCC_493\Debug\main.o (LED_Write)
.\CortexM3\ARM_GCC_493\Debug\CS301_Class.a(QuadDec_M1.o)
                              .\CortexM3\ARM_GCC_493\Debug\main.o (QuadDec_M1_Start)
.\CortexM3\ARM_GCC_493\Debug\CS301_Class.a(QuadDec_M2.o)
                              .\CortexM3\ARM_GCC_493\Debug\main.o (QuadDec_M2_Start)
.\CortexM3\ARM_GCC_493\Debug\CS301_Class.a(QuadDec_M1_Cnt16.o)
                              .\CortexM3\ARM_GCC_493\Debug\CS301_Class.a(QuadDec_M1.o) (QuadDec_M1_Cnt16_WriteCounter)
.\CortexM3\ARM_GCC_493\Debug\CS301_Class.a(QuadDec_M2_Cnt16.o)
                              .\CortexM3\ARM_GCC_493\Debug\CS301_Class.a(QuadDec_M2.o) (QuadDec_M2_Cnt16_WriteCounter)
.\CortexM3\ARM_GCC_493\Debug\CS301_Class.a(INV2.o)
                              .\CortexM3\ARM_GCC_493\Debug\main.o (INV2_Write)
.\CortexM3\ARM_GCC_493\Debug\CS301_Class.a(INV1.o)
                              .\CortexM3\ARM_GCC_493\Debug\main.o (INV1_Write)
.\CortexM3\ARM_GCC_493\Debug\CS301_Class.a(ADC_DEBUG.o)
                              .\CortexM3\ARM_GCC_493\Debug\main.o (ADC_DEBUG_Write)
.\CortexM3\ARM_GCC_493\Debug\CS301_Class.a(USBUART_cdc.o)
                              .\CortexM3\ARM_GCC_493\Debug\CS301_Class.a(USBUART_std.o) (USBUART_Cdc_EpInit)
.\CortexM3\ARM_GCC_493\Debug\CS301_Class.a(USBUART_cls.o)
                              .\CortexM3\ARM_GCC_493\Debug\CS301_Class.a(USBUART_drv.o) (USBUART_DispatchClassRqst)
.\CortexM3\ARM_GCC_493\Debug\CS301_Class.a(USBUART_descr.o)
[...]
Memory Configuration

Name             Origin             Length             Attributes
rom              0x00000000         0x00040000         xr
ram              0x1fff8000         0x00010000         xrw
*default*        0x00000000         0xffffffff

Linker script and memory map

LOAD c:/program files (x86)/cypress/psoc creator/3.3/psoc creator/import/gnu/arm/4.9.3/bin/../lib/gcc/arm-none-eabi/4.9.3/armv7-m/crti.o
LOAD c:/program files (x86)/cypress/psoc creator/3.3/psoc creator/import/gnu/arm/4.9.3/bin/../lib/gcc/arm-none-eabi/4.9.3/armv7-m/crtbegin.o
LOAD c:/program files (x86)/cypress/psoc creator/3.3/psoc creator/import/gnu/arm/4.9.3/bin/../lib/gcc/arm-none-eabi/4.9.3/../../../../arm-none-eabi/lib/armv7-m/crt0.o
START GROUP
LOAD .\CortexM3\ARM_GCC_493\Debug\main.o
LOAD .\CortexM3\ARM_GCC_493\Debug\tacho.o
LOAD .\CortexM3\ARM_GCC_493\Debug\cymetadata.o
LOAD .\CortexM3\ARM_GCC_493\Debug\Cm3Start.o
LOAD .\CortexM3\ARM_GCC_493\Debug\CS301_Class.a
LOAD C:\Program Files (x86)\Cypress\PSoC Creator\3.3\PSoC Creator\psoc\content\cycomponentlibrary\CyComponentLibrary.cylib\CortexM3\ARM_GCC_493\Debug\CyComponentLibrary.a
END GROUP
START GROUP
LOAD c:/program files (x86)/cypress/psoc creator/3.3/psoc creator/import/gnu/arm/4.9.3/bin/../lib/gcc/arm-none-eabi/4.9.3/armv7-m\libgcc.a
LOAD c:/program files (x86)/cypress/psoc creator/3.3/psoc creator/import/gnu/arm/4.9.3/bin/../lib/gcc/arm-none-eabi/4.9.3/../../../../arm-none-eabi/lib/armv7-m\libg_nano.a
LOAD c:/program files (x86)/cypress/psoc creator/3.3/psoc creator/import/gnu/arm/4.9.3/bin/../lib/gcc/arm-none-eabi/4.9.3/../../../../arm-none-eabi/lib/armv7-m\libc_nano.a
END GROUP
START GROUP
LOAD c:/program files (x86)/cypress/psoc creator/3.3/psoc creator/import/gnu/arm/4.9.3/bin/../lib/gcc/arm-none-eabi/4.9.3/armv7-m\libgcc.a
LOAD c:/program files (x86)/cypress/psoc creator/3.3/psoc creator/import/gnu/arm/4.9.3/bin/../lib/gcc/arm-none-eabi/4.9.3/../../../../arm-none-eabi/lib/armv7-m\libc_nano.a
END GROUP
LOAD c:/program files (x86)/cypress/psoc creator/3.3/psoc creator/import/gnu/arm/4.9.3/bin/../lib/gcc/arm-none-eabi/4.9.3/armv7-m/crtend.o
LOAD c:/program files (x86)/cypress/psoc creator/3.3/psoc creator/import/gnu/arm/4.9.3/bin/../lib/gcc/arm-none-eabi/4.9.3/armv7-m/crtn.o
START GROUP
LOAD c:/program files (x86)/cypress/psoc creator/3.3/psoc creator/import/gnu/arm/4.9.3/bin/../lib/gcc/arm-none-eabi/4.9.3/armv7-m\libgcc.a
LOAD c:/program files (x86)/cypress/psoc creator/3.3/psoc creator/import/gnu/arm/4.9.3/bin/../lib/gcc/arm-none-eabi/4.9.3/../../../../arm-none-eabi/lib/armv7-m\libc.a
LOAD c:/program files (x86)/cypress/psoc creator/3.3/psoc creator/import/gnu/arm/4.9.3/bin/../lib/gcc/arm-none-eabi/4.9.3/../../../../arm-none-eabi/lib/armv7-m\libnosys.a
END GROUP
                0x00000000                CY_APPL_ORIGIN = 0x0
                0x00000100                CY_FLASH_ROW_SIZE = 0x100
                0x00000020                CY_ECC_ROW_SIZE = 0x20
                0x00000000                CY_EE_IN_BTLDR = 0x0
                0x00000000                CY_APPL_LOADABLE = 0x0
                0x00000800                CY_EE_SIZE = 0x800
                0x00000001                CY_APPL_NUM = 0x1
                0x00000001                CY_APPL_MAX = 0x1
                0x00000040                CY_METADATA_SIZE = 0x40
                0x00000000                CY_APPL_LOADABLE = 0x0
                0x00000000                CY_CHECKSUM_EXCLUDE_SIZE = ALIGN (0x0, CY_FLASH_ROW_SIZE)
                0x1fff82c8                PROVIDE (__cy_heap_start, _end)
                0x00000001                PROVIDE (__cy_region_num, ((__cy_regions_end - __cy_regions) / 0x10))
                0x20008000                PROVIDE (__cy_stack, (ORIGIN (ram) + 0x10000))
                0x20007800                PROVIDE (__cy_heap_end, (__cy_stack - 0x800))

.cybootloader   0x00000000        0x0
 *(.cybootloader)
                0x00000000                appl1_start = CY_APPL_ORIGIN?CY_APPL_ORIGIN:ALIGN (CY_FLASH_ROW_SIZE)
                0x0001ff00                appl2_start = (appl1_start + ALIGN ((((0x40000 - appl1_start) - (0x2 * CY_FLASH_ROW_SIZE)) / 0x2), CY_FLASH_ROW_SIZE))
                0x00000000                appl_start = (CY_APPL_NUM == 0x1)?appl1_start:appl2_start
                0x00000000                ecc_offset = ((appl_start / CY_FLASH_ROW_SIZE) * CY_ECC_ROW_SIZE)
                0x00000000                ee_offset = (CY_APPL_LOADABLE && ! (CY_EE_IN_BTLDR))?((CY_EE_SIZE / CY_APPL_MAX) * (CY_APPL_NUM - 0x1)):0x0
                0x00000800                ee_size = (CY_APPL_LOADABLE && ! (CY_EE_IN_BTLDR))?(CY_EE_SIZE / CY_APPL_MAX):CY_EE_SIZE
                0x00000000                PROVIDE (CY_ECC_OFFSET, ecc_offset)

.text           0x00000000     0x5850
 CREATE_OBJECT_SYMBOLS
                0x00000000                PROVIDE (__cy_interrupt_vector, RomVectors)
 *(.romvectors)
 .romvectors    0x00000000       0x10 .\CortexM3\ARM_GCC_493\Debug\Cm3Start.o
                0x00000000                RomVectors
                0x00000001                ASSERT ((. != __cy_interrupt_vector), No interrupt vector)
                0x00000001                ASSERT (CY_APPL_ORIGIN?(SIZEOF (.cybootloader) <= CY_APPL_ORIGIN):0x1, Wrong image location)
                0x00000010                PROVIDE (__cy_reset, Reset)
 *(.text.Reset)
 .text.Reset    0x00000010       0x18 .\CortexM3\ARM_GCC_493\Debug\Cm3Start.o
                0x00000010                Reset
                0x00000001                ASSERT ((. != __cy_reset), No reset code)
 *(.dma_init)
                0x00000001                ASSERT ((((appl_start + .) <= 0x10000) || 0x1), DMA Init must be within the first 64k of flash)
 *(.text .text.* .gnu.linkonce.t.*)
 .text          0x00000028       0x5c c:/program files (x86)/cypress/psoc creator/3.3/psoc creator/import/gnu/arm/4.9.3/bin/../lib/gcc/arm-none-eabi/4.9.3/armv7-m/crtbegin.o
 .text.ENCODER_ISR
                0x00000084       0x30 .\CortexM3\ARM_GCC_493\Debug\main.o
                0x00000084                ENCODER_ISR
 .text.ADC_ISR  0x000000b4       0x18 .\CortexM3\ARM_GCC_493\Debug\main.o
                0x000000b4                ADC_ISR
 .text.main     0x000000cc      0x268 .\CortexM3\ARM_GCC_493\Debug\main.o
                0x000000cc                main
 .text.getValForChannel
                0x00000334       0x24 .\CortexM3\ARM_GCC_493\Debug\main.o
                0x00000334                getValForChannel
 .text.updateSensorValues
                0x00000358       0xe4 .\CortexM3\ARM_GCC_493\Debug\main.o
                0x00000358                updateSensorValues
 .text.goStraightForBlock
                0x0000043c      0x1b8 .\CortexM3\ARM_GCC_493\Debug\main.o
                0x0000043c                goStraightForBlock
 .text.turnLeft
                0x000005f4       0x78 .\CortexM3\ARM_GCC_493\Debug\main.o
                0x000005f4                turnLeft
 .text.turnRight
                0x0000066c       0x78 .\CortexM3\ARM_GCC_493\Debug\main.o
                0x0000066c                turnRight
 .text.turnForDegrees
                0x000006e4       0xb0 .\CortexM3\ARM_GCC_493\Debug\main.o
                0x000006e4                turnForDegrees
 .text.sharpTurnLeft
                0x00000794       0xc0 .\CortexM3\ARM_GCC_493\Debug\main.o
                0x00000794                sharpTurnLeft
 .text.sharpTurnRight
                0x00000854       0xe8 .\CortexM3\ARM_GCC_493\Debug\main.o
                0x00000854                sharpTurnRight
 .text.uTurn    0x0000093c      0x19c .\CortexM3\ARM_GCC_493\Debug\main.o
                0x0000093c                uTurn
 .text.changeLeftWheelSpeed
                0x00000ad8       0x2c .\CortexM3\ARM_GCC_493\Debug\main.o
                0x00000ad8                changeLeftWheelSpeed
 .text.changeRightWheelSpeed
                0x00000b04       0x2c .\CortexM3\ARM_GCC_493\Debug\main.o
                0x00000b04                changeRightWheelSpeed
 .text.startWheels
                0x00000b30       0x18 .\CortexM3\ARM_GCC_493\Debug\main.o
                0x00000b30                startWheels
 .text.stopWheels
                0x00000b48       0x14 .\CortexM3\ARM_GCC_493\Debug\main.o
                0x00000b48                stopWheels
 *fill*         0x00000b5c        0x4 
 .text.getDistance
                0x00000b60       0xd0 .\CortexM3\ARM_GCC_493\Debug\main.o
                0x00000b60                getDistance
 .text.correctSpeed
                0x00000c30       0x54 .\CortexM3\ARM_GCC_493\Debug\main.o
                0x00000c30                correctSpeed
 .text.setWheelDirection
                0x00000c84       0x2c .\CortexM3\ARM_GCC_493\Debug\main.o
                0x00000c84                setWheelDirection
 .text.usbPutString
                0x00000cb0       0x14 .\CortexM3\ARM_GCC_493\Debug\main.o
                0x00000cb0                usbPutString
 .text.printCommandsUSB
                0x00000cc4       0xcc .\CortexM3\ARM_GCC_493\Debug\main.o
                0x00000cc4                printCommandsUSB
 .text.printSingleCommandUSB
                0x00000d90       0x6c .\CortexM3\ARM_GCC_493\Debug\main.o
                0x00000d90                printSingleCommandUSB
 .text.IntDefaultHandler
                0x00000dfc        0x8 .\CortexM3\ARM_GCC_493\Debug\Cm3Start.o
                0x00000dfc                IntDefaultHandler
 .text.Start_c  0x00000e04       0x98 .\CortexM3\ARM_GCC_493\Debug\Cm3Start.o
                0x00000e04                Start_c
 .text.initialize_psoc
                0x00000e9c       0x90 .\CortexM3\ARM_GCC_493\Debug\Cm3Start.o
                0x00000e9c                initialize_psoc
 .text.CYMEMZERO
                0x00000f2c       0x1c .\CortexM3\ARM_GCC_493\Debug\CS301_Class.a(cyfitter_cfg.o)
 .text.CYCONFIGCPY
                0x00000f48       0x1c .\CortexM3\ARM_GCC_493\Debug\CS301_Class.a(cyfitter_cfg.o)
 .text.CyClockStartupError
                0x00000f64        0xc .\CortexM3\ARM_GCC_493\Debug\CS301_Class.a(cyfitter_cfg.o)
 .text.cfg_write_bytes32
                0x00000f70       0x74 .\CortexM3\ARM_GCC_493\Debug\CS301_Class.a(cyfitter_cfg.o)
 .text.ClockSetup
                0x00000fe4      0x154 .\CortexM3\ARM_GCC_493\Debug\CS301_Class.a(cyfitter_cfg.o)
 .text.AnalogSetDefault
                0x00001138       0xc4 .\CortexM3\ARM_GCC_493\Debug\CS301_Class.a(cyfitter_cfg.o)
 .text.cyfitter_cfg
                0x000011fc      0x1dc .\CortexM3\ARM_GCC_493\Debug\CS301_Class.a(cyfitter_cfg.o)
                0x000011fc                cyfitter_cfg
 .text.ADC_Init
                0x000013d8       0x50 .\CortexM3\ARM_GCC_493\Debug\CS301_Class.a(ADC.o)
                0x000013d8                ADC_Init
 .text.ADC_Enable
                0x00001428      0x13c .\CortexM3\ARM_GCC_493\Debug\CS301_Class.a(ADC.o)
                0x00001428                ADC_Enable
 .text.ADC_Start
                0x00001564       0x2c .\CortexM3\ARM_GCC_493\Debug\CS301_Class.a(ADC.o)
                0x00001564                ADC_Start
 .text.ADC_StartConvert
                0x00001590        0xc .\CortexM3\ARM_GCC_493\Debug\CS301_Class.a(ADC.o)
                0x00001590                ADC_StartConvert
 .text.ADC_GetResult16
                0x0000159c       0x3c .\CortexM3\ARM_GCC_493\Debug\CS301_Class.a(ADC.o)
                0x0000159c                ADC_GetResult16
 .text.ADC_CountsTo_mVolts
                0x000015d8       0x20 .\CortexM3\ARM_GCC_493\Debug\CS301_Class.a(ADC.o)
                0x000015d8                ADC_CountsTo_mVolts
 .text.isr_TS_Start
                0x000015f8       0x20 .\CortexM3\ARM_GCC_493\Debug\CS301_Class.a(isr_TS.o)
                0x000015f8                isr_TS_Start
 .text.isr_TS_StartEx
                0x00001618       0x24 .\CortexM3\ARM_GCC_493\Debug\CS301_Class.a(isr_TS.o)
                0x00001618                isr_TS_StartEx
 .text.isr_TS_Interrupt
                0x0000163c       0x1c .\CortexM3\ARM_GCC_493\Debug\CS301_Class.a(isr_TS.o)
                0x0000163c                isr_TS_Interrupt
 .text.isr_TS_SetVector
                0x00001658       0x24 .\CortexM3\ARM_GCC_493\Debug\CS301_Class.a(isr_TS.o)
                0x00001658                isr_TS_SetVector
 .text.isr_TS_SetPriority
                0x0000167c       0x24 .\CortexM3\ARM_GCC_493\Debug\CS301_Class.a(isr_TS.o)
                0x0000167c                isr_TS_SetPriority
 .text.isr_TS_Enable
                0x000016a0       0x18 .\CortexM3\ARM_GCC_493\Debug\CS301_Class.a(isr_TS.o)
                0x000016a0                isr_TS_Enable
 .text.isr_TS_Disable
                0x000016b8       0x18 .\CortexM3\ARM_GCC_493\Debug\CS301_Class.a(isr_TS.o)
                0x000016b8                isr_TS_Disable
 .text.Timer_TS_Init
                0x000016d0       0x9c .\CortexM3\ARM_GCC_493\Debug\CS301_Class.a(Timer_TS.o)
                0x000016d0                Timer_TS_Init
 .text.Timer_TS_Enable
                0x0000176c       0x48 .\CortexM3\ARM_GCC_493\Debug\CS301_Class.a(Timer_TS.o)
                0x0000176c                Timer_TS_Enable
 .text.Timer_TS_Start
                0x000017b4       0x20 .\CortexM3\ARM_GCC_493\Debug\CS301_Class.a(Timer_TS.o)
                0x000017b4                Timer_TS_Start
 .text.Timer_TS_SetInterruptMode
                0x000017d4       0x20 .\CortexM3\ARM_GCC_493\Debug\CS301_Class.a(Timer_TS.o)
                0x000017d4                Timer_TS_SetInterruptMode
 .text.Timer_TS_WritePeriod
                0x000017f4       0x24 .\CortexM3\ARM_GCC_493\Debug\CS301_Class.a(Timer_TS.o)
                0x000017f4                Timer_TS_WritePeriod
 .text.Timer_TS_WriteCounter
                0x00001818       0x20 .\CortexM3\ARM_GCC_493\Debug\CS301_Class.a(Timer_TS.o)
                0x00001818                Timer_TS_WriteCounter
 .text.USBUART_Start
                0x00001838       0x38 .\CortexM3\ARM_GCC_493\Debug\CS301_Class.a(USBUART.o)
                0x00001838                USBUART_Start
 .text.USBUART_Init
                0x00001870      0x1a0 .\CortexM3\ARM_GCC_493\Debug\CS301_Class.a(USBUART.o)
                0x00001870                USBUART_Init
 .text.USBUART_InitComponent
                0x00001a10      0x100 .\CortexM3\ARM_GCC_493\Debug\CS301_Class.a(USBUART.o)
                0x00001a10                USBUART_InitComponent
 .text.USBUART_ReInitComponent
                0x00001b10       0x68 .\CortexM3\ARM_GCC_493\Debug\CS301_Class.a(USBUART.o)
                0x00001b10                USBUART_ReInitComponent
 .text.USBUART_EP_0_ISR
                0x00001b78       0xf8 .\CortexM3\ARM_GCC_493\Debug\CS301_Class.a(USBUART_drv.o)
                0x00001b78                USBUART_EP_0_ISR
 .text.USBUART_HandleSetup
                0x00001c70       0x88 .\CortexM3\ARM_GCC_493\Debug\CS301_Class.a(USBUART_drv.o)
                0x00001c70                USBUART_HandleSetup
 .text.USBUART_HandleIN
                0x00001cf8       0x4c .\CortexM3\ARM_GCC_493\Debug\CS301_Class.a(USBUART_drv.o)
                0x00001cf8                USBUART_HandleIN
 .text.USBUART_HandleOUT
                0x00001d44       0x58 .\CortexM3\ARM_GCC_493\Debug\CS301_Class.a(USBUART_drv.o)
                0x00001d44                USBUART_HandleOUT
 .text.USBUART_LoadEP0
                0x00001d9c       0xd0 .\CortexM3\ARM_GCC_493\Debug\CS301_Class.a(USBUART_drv.o)
                0x00001d9c                USBUART_LoadEP0
 .text.USBUART_InitControlRead
                0x00001e6c       0x70 .\CortexM3\ARM_GCC_493\Debug\CS301_Class.a(USBUART_drv.o)
                0x00001e6c                USBUART_InitControlRead
 .text.USBUART_InitZeroLengthControlTransfer
                0x00001edc       0x44 .\CortexM3\ARM_GCC_493\Debug\CS301_Class.a(USBUART_drv.o)
                0x00001edc                USBUART_InitZeroLengthControlTransfer
 .text.USBUART_ControlReadDataStage
                0x00001f20        0xc .\CortexM3\ARM_GCC_493\Debug\CS301_Class.a(USBUART_drv.o)
                0x00001f20                USBUART_ControlReadDataStage
 .text.USBUART_ControlReadStatusStage
                0x00001f2c       0x40 .\CortexM3\ARM_GCC_493\Debug\CS301_Class.a(USBUART_drv.o)
                0x00001f2c                USBUART_ControlReadStatusStage
 .text.USBUART_InitControlWrite
                0x00001f6c       0x64 .\CortexM3\ARM_GCC_493\Debug\CS301_Class.a(USBUART_drv.o)
                0x00001f6c                USBUART_InitControlWrite
 .text.USBUART_ControlWriteDataStage
                0x00001fd0       0xb4 .\CortexM3\ARM_GCC_493\Debug\CS301_Class.a(USBUART_drv.o)
                0x00001fd0                USBUART_ControlWriteDataStage
 .text.USBUART_ControlWriteStatusStage
                0x00002084       0x20 .\CortexM3\ARM_GCC_493\Debug\CS301_Class.a(USBUART_drv.o)
                0x00002084                USBUART_ControlWriteStatusStage
 .text.USBUART_InitNoDataControlTransfer
                0x000020a4       0x38 .\CortexM3\ARM_GCC_493\Debug\CS301_Class.a(USBUART_drv.o)
                0x000020a4                USBUART_InitNoDataControlTransfer
 .text.USBUART_NoDataControlStatusStage
                0x000020dc       0x48 .\CortexM3\ARM_GCC_493\Debug\CS301_Class.a(USBUART_drv.o)
                0x000020dc                USBUART_NoDataControlStatusStage
 .text.USBUART_UpdateStatusBlock
                0x00002124       0x40 .\CortexM3\ARM_GCC_493\Debug\CS301_Class.a(USBUART_drv.o)
                0x00002124                USBUART_UpdateStatusBlock
 .text.USBUART_InitializeStatusBlock
                0x00002164       0x34 .\CortexM3\ARM_GCC_493\Debug\CS301_Class.a(USBUART_drv.o)
                0x00002164                USBUART_InitializeStatusBlock
 .text.USBUART_EP_1_ISR
                0x00002198       0x54 .\CortexM3\ARM_GCC_493\Debug\CS301_Class.a(USBUART_episr.o)
                0x00002198                USBUART_EP_1_ISR
 .text.USBUART_EP_2_ISR
                0x000021ec       0x54 .\CortexM3\ARM_GCC_493\Debug\CS301_Class.a(USBUART_episr.o)
                0x000021ec                USBUART_EP_2_ISR
 .text.USBUART_EP_3_ISR
                0x00002240       0x5c .\CortexM3\ARM_GCC_493\Debug\CS301_Class.a(USBUART_episr.o)
                0x00002240                USBUART_EP_3_ISR
 .text.USBUART_SOF_ISR
                0x0000229c        0xc .\CortexM3\ARM_GCC_493\Debug\CS301_Class.a(USBUART_episr.o)
                0x0000229c                USBUART_SOF_ISR
 .text.USBUART_BUS_RESET_ISR
                0x000022a8        0xc .\CortexM3\ARM_GCC_493\Debug\CS301_Class.a(USBUART_episr.o)
                0x000022a8                USBUART_BUS_RESET_ISR
 .text.USBUART_DP_ISR
                0x000022b4        0xc .\CortexM3\ARM_GCC_493\Debug\CS301_Class.a(USBUART_pm.o)
                0x000022b4                USBUART_DP_ISR
 .text.USBUART_HandleStandardRqst
                0x000022c0      0x48c .\CortexM3\ARM_GCC_493\Debug\CS301_Class.a(USBUART_std.o)
                0x000022c0                USBUART_HandleStandardRqst
 .text.USBUART_ReadDieID
                0x0000274c       0xd4 .\CortexM3\ARM_GCC_493\Debug\CS301_Class.a(USBUART_std.o)
                0x0000274c                USBUART_ReadDieID
 .text.USBUART_ConfigReg
                0x00002820      0x11c .\CortexM3\ARM_GCC_493\Debug\CS301_Class.a(USBUART_std.o)
                0x00002820                USBUART_ConfigReg
 .text.USBUART_Config
                0x0000293c      0x394 .\CortexM3\ARM_GCC_493\Debug\CS301_Class.a(USBUART_std.o)
                0x0000293c                USBUART_Config
 .text.USBUART_ConfigAltChanged
                0x00002cd0      0x23c .\CortexM3\ARM_GCC_493\Debug\CS301_Class.a(USBUART_std.o)
                0x00002cd0                USBUART_ConfigAltChanged
 .text.USBUART_GetConfigTablePtr
                0x00002f0c       0x54 .\CortexM3\ARM_GCC_493\Debug\CS301_Class.a(USBUART_std.o)
                0x00002f0c                USBUART_GetConfigTablePtr
 .text.USBUART_GetDeviceTablePtr
                0x00002f60       0x24 .\CortexM3\ARM_GCC_493\Debug\CS301_Class.a(USBUART_std.o)
                0x00002f60                USBUART_GetDeviceTablePtr
 .text.USBUART_GetInterfaceClassTablePtr
                0x00002f84       0x4c .\CortexM3\ARM_GCC_493\Debug\CS301_Class.a(USBUART_std.o)
                0x00002f84                USBUART_GetInterfaceClassTablePtr
 .text.USBUART_SetEndpointHalt
                0x00002fd0       0xdc .\CortexM3\ARM_GCC_493\Debug\CS301_Class.a(USBUART_std.o)
                0x00002fd0                USBUART_SetEndpointHalt
 .text.USBUART_ClearEndpointHalt
                0x000030ac      0x130 .\CortexM3\ARM_GCC_493\Debug\CS301_Class.a(USBUART_std.o)
                0x000030ac                USBUART_ClearEndpointHalt
 .text.USBUART_ValidateAlternateSetting
                0x000031dc       0x70 .\CortexM3\ARM_GCC_493\Debug\CS301_Class.a(USBUART_std.o)
                0x000031dc                USBUART_ValidateAlternateSetting
 .text.USBUART_HandleVendorRqst
                0x0000324c       0x54 .\CortexM3\ARM_GCC_493\Debug\CS301_Class.a(USBUART_vnd.o)
                0x0000324c                USBUART_HandleVendorRqst
 .text.ADC_SAR_Start
                0x000032a0       0x20 .\CortexM3\ARM_GCC_493\Debug\CS301_Class.a(ADC_SAR.o)
                0x000032a0                ADC_SAR_Start
 .text.ADC_SAR_Init
                0x000032c0       0x2c .\CortexM3\ARM_GCC_493\Debug\CS301_Class.a(ADC_SAR.o)
                0x000032c0                ADC_SAR_Init
 .text.ADC_SAR_Enable
                0x000032ec       0xc0 .\CortexM3\ARM_GCC_493\Debug\CS301_Class.a(ADC_SAR.o)
                0x000032ec                ADC_SAR_Enable
 .text.ADC_SAR_SetResolution
                0x000033ac       0x50 .\CortexM3\ARM_GCC_493\Debug\CS301_Class.a(ADC_SAR.o)
                0x000033ac                ADC_SAR_SetResolution
 .text.ADC_SAR_StartConvert
                0x000033fc       0x20 .\CortexM3\ARM_GCC_493\Debug\CS301_Class.a(ADC_SAR.o)
                0x000033fc                ADC_SAR_StartConvert
 .text.ADC_SAR_CalcGain
                0x0000341c       0x80 .\CortexM3\ARM_GCC_493\Debug\CS301_Class.a(ADC_SAR.o)
 .text.ADC_SAR_CountsTo_mVolts
                0x0000349c       0x8c .\CortexM3\ARM_GCC_493\Debug\CS301_Class.a(ADC_SAR.o)
                0x0000349c                ADC_SAR_CountsTo_mVolts
 .text.ADC_TempBuf_DmaInitialize
                0x00003528       0x68 .\CortexM3\ARM_GCC_493\Debug\CS301_Class.a(ADC_TempBuf_dma.o)
                0x00003528                ADC_TempBuf_DmaInitialize
 .text.ADC_FinalBuf_DmaInitialize
                0x00003590       0x68 .\CortexM3\ARM_GCC_493\Debug\CS301_Class.a(ADC_FinalBuf_dma.o)
                0x00003590                ADC_FinalBuf_DmaInitialize
 .text.ADC_IRQ_SetVector
                0x000035f8       0x24 .\CortexM3\ARM_GCC_493\Debug\CS301_Class.a(ADC_IRQ.o)
                0x000035f8                ADC_IRQ_SetVector
 .text.ADC_IRQ_SetPriority
                0x0000361c       0x24 .\CortexM3\ARM_GCC_493\Debug\CS301_Class.a(ADC_IRQ.o)
                0x0000361c                ADC_IRQ_SetPriority
 .text.ADC_IRQ_Enable
                0x00003640       0x18 .\CortexM3\ARM_GCC_493\Debug\CS301_Class.a(ADC_IRQ.o)
                0x00003640                ADC_IRQ_Enable
 .text.USBUART_Dp_ClearInterrupt
                0x00003658       0x20 .\CortexM3\ARM_GCC_493\Debug\CS301_Class.a(USBUART_Dp.o)
                0x00003658                USBUART_Dp_ClearInterrupt
 .text          0x00003678       0x20 .\CortexM3\ARM_GCC_493\Debug\CS301_Class.a(CyBootAsmGnu.o)
                0x00003678                CyDelayCycles
                0x00003688                CyEnterCriticalSection
                0x00003690                CyExitCriticalSection
 .text.CyDmacConfigure
                0x00003698       0x5c .\CortexM3\ARM_GCC_493\Debug\CS301_Class.a(CyDmac.o)
                0x00003698                CyDmacConfigure
 .text.CyDmaChEnable
                0x000036f4       0x8c .\CortexM3\ARM_GCC_493\Debug\CS301_Class.a(CyDmac.o)
                0x000036f4                CyDmaChEnable
 .text.CyDmaClearPendingDrq
                0x00003780       0x64 .\CortexM3\ARM_GCC_493\Debug\CS301_Class.a(CyDmac.o)
                0x00003780                CyDmaClearPendingDrq
 .text.CyDmaChPriority
                0x000037e4       0x60 .\CortexM3\ARM_GCC_493\Debug\CS301_Class.a(CyDmac.o)
                0x000037e4                CyDmaChPriority
 .text.CyDmaChSetExtendedAddress
                0x00003844       0x7c .\CortexM3\ARM_GCC_493\Debug\CS301_Class.a(CyDmac.o)
                0x00003844                CyDmaChSetExtendedAddress
 .text.CyDmaChSetInitialTd
                0x000038c0       0x3c .\CortexM3\ARM_GCC_493\Debug\CS301_Class.a(CyDmac.o)
                0x000038c0                CyDmaChSetInitialTd
 .text.CyDmaChSetConfiguration
                0x000038fc       0xa0 .\CortexM3\ARM_GCC_493\Debug\CS301_Class.a(CyDmac.o)
                0x000038fc                CyDmaChSetConfiguration
 .text.CyDmaTdAllocate
                0x0000399c       0x5c .\CortexM3\ARM_GCC_493\Debug\CS301_Class.a(CyDmac.o)
                0x0000399c                CyDmaTdAllocate
 .text.CyDmaTdSetConfiguration
                0x000039f8       0x80 .\CortexM3\ARM_GCC_493\Debug\CS301_Class.a(CyDmac.o)
                0x000039f8                CyDmaTdSetConfiguration
 .text.CyDmaTdSetAddress
                0x00003a78       0x5c .\CortexM3\ARM_GCC_493\Debug\CS301_Class.a(CyDmac.o)
                0x00003a78                CyDmaTdSetAddress
 .text.CyHalt   0x00003ad4       0x18 .\CortexM3\ARM_GCC_493\Debug\CS301_Class.a(CyLib.o)
                0x00003ad4                CyHalt
 .text.CyDelay  0x00003aec       0x44 .\CortexM3\ARM_GCC_493\Debug\CS301_Class.a(CyLib.o)
                0x00003aec                CyDelay
 .text.CyDelayUs
                0x00003b30       0x24 .\CortexM3\ARM_GCC_493\Debug\CS301_Class.a(CyLib.o)
                0x00003b30                CyDelayUs
 .text.CyIntSetVector
                0x00003b54       0x50 .\CortexM3\ARM_GCC_493\Debug\CS301_Class.a(CyLib.o)
                0x00003b54                CyIntSetVector
 .text.CyIntSetPriority
                0x00003ba4       0x44 .\CortexM3\ARM_GCC_493\Debug\CS301_Class.a(CyLib.o)
                0x00003ba4                CyIntSetPriority
 .text.CyGetUniqueId
                0x00003be8       0xc4 .\CortexM3\ARM_GCC_493\Debug\CS301_Class.a(CyLib.o)
                0x00003be8                CyGetUniqueId
 .text.PWM_1_Start
                0x00003cac       0x20 .\CortexM3\ARM_GCC_493\Debug\CS301_Class.a(PWM_1.o)
                0x00003cac                PWM_1_Start
 .text.PWM_1_Init
                0x00003ccc       0xc0 .\CortexM3\ARM_GCC_493\Debug\CS301_Class.a(PWM_1.o)
                0x00003ccc                PWM_1_Init
 .text.PWM_1_Enable
                0x00003d8c       0x48 .\CortexM3\ARM_GCC_493\Debug\CS301_Class.a(PWM_1.o)
                0x00003d8c                PWM_1_Enable
 .text.PWM_1_WritePeriod
                0x00003dd4       0x20 .\CortexM3\ARM_GCC_493\Debug\CS301_Class.a(PWM_1.o)
                0x00003dd4                PWM_1_WritePeriod
 .text.PWM_1_WriteCompare
                0x00003df4       0x20 .\CortexM3\ARM_GCC_493\Debug\CS301_Class.a(PWM_1.o)
                0x00003df4                PWM_1_WriteCompare
 .text.PWM_1_SetInterruptMode
                0x00003e14       0x20 .\CortexM3\ARM_GCC_493\Debug\CS301_Class.a(PWM_1.o)
                0x00003e14                PWM_1_SetInterruptMode
 .text.PWM_1_ReadCompare
                0x00003e34       0x18 .\CortexM3\ARM_GCC_493\Debug\CS301_Class.a(PWM_1.o)
                0x00003e34                PWM_1_ReadCompare
 .text.isr_eoc_StartEx
                0x00003e4c       0x24 .\CortexM3\ARM_GCC_493\Debug\CS301_Class.a(isr_eoc.o)
                0x00003e4c                isr_eoc_StartEx
 .text.isr_eoc_SetVector
                0x00003e70       0x24 .\CortexM3\ARM_GCC_493\Debug\CS301_Class.a(isr_eoc.o)
                0x00003e70                isr_eoc_SetVector
 .text.isr_eoc_SetPriority
                0x00003e94       0x24 .\CortexM3\ARM_GCC_493\Debug\CS301_Class.a(isr_eoc.o)
                0x00003e94                isr_eoc_SetPriority
 .text.isr_eoc_Enable
                0x00003eb8       0x18 .\CortexM3\ARM_GCC_493\Debug\CS301_Class.a(isr_eoc.o)
                0x00003eb8                isr_eoc_Enable
 .text.isr_eoc_Disable
                0x00003ed0       0x18 .\CortexM3\ARM_GCC_493\Debug\CS301_Class.a(isr_eoc.o)
                0x00003ed0                isr_eoc_Disable
 .text.PWM_2_Start
                0x00003ee8       0x20 .\CortexM3\ARM_GCC_493\Debug\CS301_Class.a(PWM_2.o)
                0x00003ee8                PWM_2_Start
 .text.PWM_2_Init
                0x00003f08       0x94 .\CortexM3\ARM_GCC_493\Debug\CS301_Class.a(PWM_2.o)
                0x00003f08                PWM_2_Init
 .text.PWM_2_Enable
                0x00003f9c       0x20 .\CortexM3\ARM_GCC_493\Debug\CS301_Class.a(PWM_2.o)
                0x00003f9c                PWM_2_Enable
 .text.PWM_2_WriteCounter
                0x00003fbc       0x20 .\CortexM3\ARM_GCC_493\Debug\CS301_Class.a(PWM_2.o)
                0x00003fbc                PWM_2_WriteCounter
 .text.PWM_2_ClearFIFO
                0x00003fdc       0x1c .\CortexM3\ARM_GCC_493\Debug\CS301_Class.a(PWM_2.o)
                0x00003fdc                PWM_2_ClearFIFO
 .text.PWM_2_WritePeriod
                0x00003ff8       0x20 .\CortexM3\ARM_GCC_493\Debug\CS301_Class.a(PWM_2.o)
                0x00003ff8                PWM_2_WritePeriod
 .text.PWM_2_WriteCompare
                0x00004018       0x20 .\CortexM3\ARM_GCC_493\Debug\CS301_Class.a(PWM_2.o)
                0x00004018                PWM_2_WriteCompare
 .text.PWM_2_SetInterruptMode
                0x00004038       0x20 .\CortexM3\ARM_GCC_493\Debug\CS301_Class.a(PWM_2.o)
                0x00004038                PWM_2_SetInterruptMode
 .text.PWM_2_ReadStatusRegister
                0x00004058       0x18 .\CortexM3\ARM_GCC_493\Debug\CS301_Class.a(PWM_2.o)
                0x00004058                PWM_2_ReadStatusRegister
 .text.PWM_2_ReadCapture
                0x00004070       0x18 .\CortexM3\ARM_GCC_493\Debug\CS301_Class.a(PWM_2.o)
                0x00004070                PWM_2_ReadCapture
 .text.PWM_2_ReadCompare
                0x00004088       0x18 .\CortexM3\ARM_GCC_493\Debug\CS301_Class.a(PWM_2.o)
                0x00004088                PWM_2_ReadCompare
 .text.LED_Write
                0x000040a0       0x3c .\CortexM3\ARM_GCC_493\Debug\CS301_Class.a(LED.o)
                0x000040a0                LED_Write
 .text.QuadDec_M1_Init
                0x000040dc        0xc .\CortexM3\ARM_GCC_493\Debug\CS301_Class.a(QuadDec_M1.o)
                0x000040dc                QuadDec_M1_Init
 .text.QuadDec_M1_Enable
                0x000040e8       0x3c .\CortexM3\ARM_GCC_493\Debug\CS301_Class.a(QuadDec_M1.o)
                0x000040e8                QuadDec_M1_Enable
 .text.QuadDec_M1_Start
                0x00004124       0x2c .\CortexM3\ARM_GCC_493\Debug\CS301_Class.a(QuadDec_M1.o)
                0x00004124                QuadDec_M1_Start
 .text.QuadDec_M1_GetCounter
                0x00004150       0x24 .\CortexM3\ARM_GCC_493\Debug\CS301_Class.a(QuadDec_M1.o)
                0x00004150                QuadDec_M1_GetCounter
 .text.QuadDec_M1_SetCounter
                0x00004174       0x34 .\CortexM3\ARM_GCC_493\Debug\CS301_Class.a(QuadDec_M1.o)
                0x00004174                QuadDec_M1_SetCounter
 .text.QuadDec_M1_GetEvents
                0x000041a8       0x20 .\CortexM3\ARM_GCC_493\Debug\CS301_Class.a(QuadDec_M1.o)
                0x000041a8                QuadDec_M1_GetEvents
 .text.QuadDec_M1_SetInterruptMask
                0x000041c8       0x20 .\CortexM3\ARM_GCC_493\Debug\CS301_Class.a(QuadDec_M1.o)
                0x000041c8                QuadDec_M1_SetInterruptMask
 .text.QuadDec_M2_Init
                0x000041e8        0xc .\CortexM3\ARM_GCC_493\Debug\CS301_Class.a(QuadDec_M2.o)
                0x000041e8                QuadDec_M2_Init
 .text.QuadDec_M2_Enable
                0x000041f4       0x3c .\CortexM3\ARM_GCC_493\Debug\CS301_Class.a(QuadDec_M2.o)
                0x000041f4                QuadDec_M2_Enable
 .text.QuadDec_M2_Start
                0x00004230       0x2c .\CortexM3\ARM_GCC_493\Debug\CS301_Class.a(QuadDec_M2.o)
                0x00004230                QuadDec_M2_Start
 .text.QuadDec_M2_GetCounter
                0x0000425c       0x24 .\CortexM3\ARM_GCC_493\Debug\CS301_Class.a(QuadDec_M2.o)
                0x0000425c                QuadDec_M2_GetCounter
 .text.QuadDec_M2_SetCounter
                0x00004280       0x34 .\CortexM3\ARM_GCC_493\Debug\CS301_Class.a(QuadDec_M2.o)
                0x00004280                QuadDec_M2_SetCounter
 .text.QuadDec_M2_GetEvents
                0x000042b4       0x20 .\CortexM3\ARM_GCC_493\Debug\CS301_Class.a(QuadDec_M2.o)
                0x000042b4                QuadDec_M2_GetEvents
 .text.QuadDec_M2_SetInterruptMask
                0x000042d4       0x20 .\CortexM3\ARM_GCC_493\Debug\CS301_Class.a(QuadDec_M2.o)
                0x000042d4                QuadDec_M2_SetInterruptMask
 .text.QuadDec_M1_Cnt16_Init
                0x000042f4       0x80 .\CortexM3\ARM_GCC_493\Debug\CS301_Class.a(QuadDec_M1_Cnt16.o)
                0x000042f4                QuadDec_M1_Cnt16_Init
 .text.QuadDec_M1_Cnt16_Enable
                0x00004374       0x20 .\CortexM3\ARM_GCC_493\Debug\CS301_Class.a(QuadDec_M1_Cnt16.o)
                0x00004374                QuadDec_M1_Cnt16_Enable
 .text.QuadDec_M1_Cnt16_Start
                0x00004394       0x20 .\CortexM3\ARM_GCC_493\Debug\CS301_Class.a(QuadDec_M1_Cnt16.o)
                0x00004394                QuadDec_M1_Cnt16_Start
 .text.QuadDec_M1_Cnt16_SetInterruptMode
                0x000043b4       0x20 .\CortexM3\ARM_GCC_493\Debug\CS301_Class.a(QuadDec_M1_Cnt16.o)
                0x000043b4                QuadDec_M1_Cnt16_SetInterruptMode
 .text.QuadDec_M1_Cnt16_ReadStatusRegister
                0x000043d4       0x18 .\CortexM3\ARM_GCC_493\Debug\CS301_Class.a(QuadDec_M1_Cnt16.o)
                0x000043d4                QuadDec_M1_Cnt16_ReadStatusRegister
 .text.QuadDec_M1_Cnt16_WriteCounter
                0x000043ec       0x20 .\CortexM3\ARM_GCC_493\Debug\CS301_Class.a(QuadDec_M1_Cnt16.o)
                0x000043ec                QuadDec_M1_Cnt16_WriteCounter
 .text.QuadDec_M1_Cnt16_ReadCounter
                0x0000440c       0x20 .\CortexM3\ARM_GCC_493\Debug\CS301_Class.a(QuadDec_M1_Cnt16.o)
                0x0000440c                QuadDec_M1_Cnt16_ReadCounter
 .text.QuadDec_M1_Cnt16_ReadCapture
                0x0000442c       0x18 .\CortexM3\ARM_GCC_493\Debug\CS301_Class.a(QuadDec_M1_Cnt16.o)
                0x0000442c                QuadDec_M1_Cnt16_ReadCapture
 .text.QuadDec_M1_Cnt16_WritePeriod
                0x00004444       0x20 .\CortexM3\ARM_GCC_493\Debug\CS301_Class.a(QuadDec_M1_Cnt16.o)
                0x00004444                QuadDec_M1_Cnt16_WritePeriod
 .text.QuadDec_M1_Cnt16_WriteCompare
                0x00004464       0x20 .\CortexM3\ARM_GCC_493\Debug\CS301_Class.a(QuadDec_M1_Cnt16.o)
                0x00004464                QuadDec_M1_Cnt16_WriteCompare
 .text.QuadDec_M1_Cnt16_ClearFIFO
                0x00004484       0x1c .\CortexM3\ARM_GCC_493\Debug\CS301_Class.a(QuadDec_M1_Cnt16.o)
                0x00004484                QuadDec_M1_Cnt16_ClearFIFO
 .text.QuadDec_M2_Cnt16_Init
                0x000044a0       0x80 .\CortexM3\ARM_GCC_493\Debug\CS301_Class.a(QuadDec_M2_Cnt16.o)
                0x000044a0                QuadDec_M2_Cnt16_Init
 .text.QuadDec_M2_Cnt16_Enable
                0x00004520       0x20 .\CortexM3\ARM_GCC_493\Debug\CS301_Class.a(QuadDec_M2_Cnt16.o)
                0x00004520                QuadDec_M2_Cnt16_Enable
 .text.QuadDec_M2_Cnt16_Start
                0x00004540       0x20 .\CortexM3\ARM_GCC_493\Debug\CS301_Class.a(QuadDec_M2_Cnt16.o)
                0x00004540                QuadDec_M2_Cnt16_Start
 .text.QuadDec_M2_Cnt16_SetInterruptMode
                0x00004560       0x20 .\CortexM3\ARM_GCC_493\Debug\CS301_Class.a(QuadDec_M2_Cnt16.o)
                0x00004560                QuadDec_M2_Cnt16_SetInterruptMode
 .text.QuadDec_M2_Cnt16_ReadStatusRegister
                0x00004580       0x18 .\CortexM3\ARM_GCC_493\Debug\CS301_Class.a(QuadDec_M2_Cnt16.o)
                0x00004580                QuadDec_M2_Cnt16_ReadStatusRegister
 .text.QuadDec_M2_Cnt16_WriteCounter
                0x00004598       0x20 .\CortexM3\ARM_GCC_493\Debug\CS301_Class.a(QuadDec_M2_Cnt16.o)
                0x00004598                QuadDec_M2_Cnt16_WriteCounter
 .text.QuadDec_M2_Cnt16_ReadCounter
                0x000045b8       0x20 .\CortexM3\ARM_GCC_493\Debug\CS301_Class.a(QuadDec_M2_Cnt16.o)
                0x000045b8                QuadDec_M2_Cnt16_ReadCounter
 .text.QuadDec_M2_Cnt16_ReadCapture
                0x000045d8       0x18 .\CortexM3\ARM_GCC_493\Debug\CS301_Class.a(QuadDec_M2_Cnt16.o)
                0x000045d8                QuadDec_M2_Cnt16_ReadCapture
 .text.QuadDec_M2_Cnt16_WritePeriod
                0x000045f0       0x20 .\CortexM3\ARM_GCC_493\Debug\CS301_Class.a(QuadDec_M2_Cnt16.o)
                0x000045f0                QuadDec_M2_Cnt16_WritePeriod
 .text.QuadDec_M2_Cnt16_WriteCompare
                0x00004610       0x20 .\CortexM3\ARM_GCC_493\Debug\CS301_Class.a(QuadDec_M2_Cnt16.o)
                0x00004610                QuadDec_M2_Cnt16_WriteCompare
 .text.QuadDec_M2_Cnt16_ClearFIFO
                0x00004630       0x1c .\CortexM3\ARM_GCC_493\Debug\CS301_Class.a(QuadDec_M2_Cnt16.o)
                0x00004630                QuadDec_M2_Cnt16_ClearFIFO
 .text.INV2_Write
                0x0000464c       0x3c .\CortexM3\ARM_GCC_493\Debug\CS301_Class.a(INV2.o)
                0x0000464c                INV2_Write
 .text.INV1_Write
                0x00004688       0x3c .\CortexM3\ARM_GCC_493\Debug\CS301_Class.a(INV1.o)
                0x00004688                INV1_Write
 .text.ADC_DEBUG_Write
                0x000046c4       0x3c .\CortexM3\ARM_GCC_493\Debug\CS301_Class.a(ADC_DEBUG.o)
                0x000046c4                ADC_DEBUG_Write
 .text.USBUART_DispatchCDCClassRqst
                0x00004700       0xe8 .\CortexM3\ARM_GCC_493\Debug\CS301_Class.a(USBUART_cdc.o)
                0x00004700                USBUART_DispatchCDCClassRqst
 .text.USBUART_GetInterfaceComPort
                0x000047e8       0x60 .\CortexM3\ARM_GCC_493\Debug\CS301_Class.a(USBUART_cdc.o)
                0x000047e8                USBUART_GetInterfaceComPort
 .text.USBUART_Cdc_EpInit
                0x00004848       0x94 .\CortexM3\ARM_GCC_493\Debug\CS301_Class.a(USBUART_cdc.o)
                0x00004848                USBUART_Cdc_EpInit
 .text.USBUART_DispatchClassRqst
                0x000048dc       0x7c .\CortexM3\ARM_GCC_493\Debug\CS301_Class.a(USBUART_cls.o)
                0x000048dc                USBUART_DispatchClassRqst
 .text          0x00004958      0x370 c:/program files (x86)/cypress/psoc creator/3.3/psoc creator/import/gnu/arm/4.9.3/bin/../lib/gcc/arm-none-eabi/4.9.3/armv7-m\libgcc.a(_arm_addsubdf3.o)
                0x00004958                __aeabi_drsub
                0x00004960                __aeabi_dsub
                0x00004960                __subdf3
                0x00004964                __aeabi_dadd
                0x00004964                __adddf3
                0x00004bdc                __floatunsidf
                0x00004bdc                __aeabi_ui2d
                0x00004bfc                __floatsidf
                0x00004bfc                __aeabi_i2d
                0x00004c20                __aeabi_f2d
                0x00004c20                __extendsfdf2
                0x00004c5c                __floatundidf
                0x00004c5c                __aeabi_ul2d
                0x00004c6c                __floatdidf
                0x00004c6c                __aeabi_l2d
 .text          0x00004cc8      0x424 c:/program files (x86)/cypress/psoc creator/3.3/psoc creator/import/gnu/arm/4.9.3/bin/../lib/gcc/arm-none-eabi/4.9.3/armv7-m\libgcc.a(_arm_muldivdf3.o)
                0x00004cc8                __aeabi_dmul
                0x00004cc8                __muldf3
                0x00004f1c                __divdf3
                0x00004f1c                __aeabi_ddiv
 .text          0x000050ec       0xa0 c:/program files (x86)/cypress/psoc creator/3.3/psoc creator/import/gnu/arm/4.9.3/bin/../lib/gcc/arm-none-eabi/4.9.3/armv7-m\libgcc.a(_arm_truncdfsf2.o)
                0x000050ec                __truncdfsf2
                0x000050ec                __aeabi_d2f
 .text          0x0000518c      0x21c c:/program files (x86)/cypress/psoc creator/3.3/psoc creator/import/gnu/arm/4.9.3/bin/../lib/gcc/arm-none-eabi/4.9.3/armv7-m\libgcc.a(_arm_addsubsf3.o)
                0x0000518c                __aeabi_frsub
                0x00005194                __subsf3
                0x00005194                __aeabi_fsub
                0x00005198                __aeabi_fadd
                0x00005198                __addsf3
                0x000052f8                __aeabi_ui2f
                0x000052f8                __floatunsisf
                0x00005300                __aeabi_i2f
                0x00005300                __floatsisf
                0x0000531c                __aeabi_ul2f
                0x0000531c                __floatundisf
                0x0000532c                __aeabi_l2f
                0x0000532c                __floatdisf
 .text          0x000053a8      0x2a0 c:/program files (x86)/cypress/psoc creator/3.3/psoc creator/import/gnu/arm/4.9.3/bin/../lib/gcc/arm-none-eabi/4.9.3/armv7-m\libgcc.a(_arm_muldivsf3.o)
                0x000053a8                __mulsf3
                0x000053a8                __aeabi_fmul
                0x00005510                __aeabi_fdiv
                0x00005510                __divsf3
 .text          0x00005648       0xec c:/program files (x86)/cypress/psoc creator/3.3/psoc creator/import/gnu/arm/4.9.3/bin/../lib/gcc/arm-none-eabi/4.9.3/armv7-m\libgcc.a(_arm_cmpsf2.o)
                0x00005648                __gesf2
                0x00005648                __gtsf2
                0x00005650                __lesf2
                0x00005650                __ltsf2
                0x00005658                __nesf2
                0x00005658                __eqsf2
                0x00005658                __cmpsf2
                0x000056b8                __aeabi_cfrcmple
                0x000056c0                __aeabi_cfcmpeq
                0x000056c0                __aeabi_cfcmple
                0x000056d0                __aeabi_fcmpeq
                0x000056e4                __aeabi_fcmplt
                0x000056f8                __aeabi_fcmple
                0x0000570c                __aeabi_fcmpge
                0x00005720                __aeabi_fcmpgt
 .text.__libc_init_array
                0x00005734       0x4c c:/program files (x86)/cypress/psoc creator/3.3/psoc creator/import/gnu/arm/4.9.3/bin/../lib/gcc/arm-none-eabi/4.9.3/../../../../arm-none-eabi/lib/armv7-m\libg_nano.a(lib_a-init.o)
                0x00005734                __libc_init_array
 .text.__itoa   0x00005780       0x2e c:/program files (x86)/cypress/psoc creator/3.3/psoc creator/import/gnu/arm/4.9.3/bin/../lib/gcc/arm-none-eabi/4.9.3/../../../../arm-none-eabi/lib/armv7-m\libg_nano.a(lib_a-itoa.o)
                0x00005780                __itoa
 .text.itoa     0x000057ae        0x4 c:/program files (x86)/cypress/psoc creator/3.3/psoc creator/import/gnu/arm/4.9.3/bin/../lib/gcc/arm-none-eabi/4.9.3/../../../../arm-none-eabi/lib/armv7-m\libg_nano.a(lib_a-itoa.o)
                0x000057ae                itoa
 .text.memcpy   0x000057b2       0x16 c:/program files (x86)/cypress/psoc creator/3.3/psoc creator/import/gnu/arm/4.9.3/bin/../lib/gcc/arm-none-eabi/4.9.3/../../../../arm-none-eabi/lib/armv7-m\libg_nano.a(lib_a-memcpy.o)
                0x000057b2                memcpy
 .text.memset   0x000057c8       0x10 c:/program files (x86)/cypress/psoc creator/3.3/psoc creator/import/gnu/arm/4.9.3/bin/../lib/gcc/arm-none-eabi/4.9.3/../../../../arm-none-eabi/lib/armv7-m\libg_nano.a(lib_a-memset.o)
                0x000057c8                memset
 .text.__utoa   0x000057d8       0x78 c:/program files (x86)/cypress/psoc creator/3.3/psoc creator/import/gnu/arm/4.9.3/bin/../lib/gcc/arm-none-eabi/4.9.3/../../../../arm-none-eabi/lib/armv7-m\libg_nano.a(lib_a-utoa.o)
                0x000057d8                __utoa
 *(.plt)
 *(.gnu.warning)
 *(.glue_7t)
 .glue_7t       0x00000000        0x0 linker stubs
 *(.glue_7)
 .glue_7        0x00000000        0x0 linker stubs
 *(.vfp11_veneer)
 .vfp11_veneer  0x00000000        0x0 linker stubs
 *(.bootloader)
 *(.ARM.extab* .gnu.linkonce.armextab.*)
 *(.gcc_except_table)

.v4_bx          0x00005850        0x0
 .v4_bx         0x00000000        0x0 linker stubs

.iplt           0x00005850        0x0
 .iplt          0x00000000        0x0 c:/program files (x86)/cypress/psoc creator/3.3/psoc creator/import/gnu/arm/4.9.3/bin/../lib/gcc/arm-none-eabi/4.9.3/armv7-m/crtbegin.o

.eh_frame_hdr
 *(.eh_frame_hdr)

.eh_frame       0x00005850        0x4
 *(.eh_frame)
 .eh_frame      0x00005850        0x0 c:/program files (x86)/cypress/psoc creator/3.3/psoc creator/import/gnu/arm/4.9.3/bin/../lib/gcc/arm-none-eabi/4.9.3/armv7-m/crtbegin.o
 .eh_frame      0x00005850        0x4 c:/program files (x86)/cypress/psoc creator/3.3/psoc creator/import/gnu/arm/4.9.3/bin/../lib/gcc/arm-none-eabi/4.9.3/armv7-m/crtend.o
                0x00005854                PROVIDE (__exidx_start, .)

.ARM.exidx
 *(.ARM.exidx* .gnu.linkonce.armexidx.*)
                0x00005854                __exidx_end = .

.rodata         0x00005854      0x494
 *(.rodata .rodata.* .gnu.linkonce.r.*)
 .rodata        0x00005854      0x250 .\CortexM3\ARM_GCC_493\Debug\main.o
 .rodata        0x00005aa4       0x38 .\CortexM3\ARM_GCC_493\Debug\CS301_Class.a(cyfitter_cfg.o)
 .rodata        0x00005adc       0x14 .\CortexM3\ARM_GCC_493\Debug\CS301_Class.a(USBUART_std.o)
 .rodata        0x00005af0      0x19c .\CortexM3\ARM_GCC_493\Debug\CS301_Class.a(USBUART_descr.o)
                0x00005af0                USBUART_DEVICE0_DESCR
                0x00005b04                USBUART_DEVICE0_CONFIGURATION0_DESCR
                0x00005b48                USBUART_STRING_DESCRIPTORS
                0x00005be8                USBUART_SN_STRING_DESCRIPTOR
                0x00005bec                USBUART_DEVICE0_CONFIGURATION0_EP_SETTINGS_TABLE
                0x00005c04                USBUART_DEVICE0_CONFIGURATION0_INTERFACE_CLASS
                0x00005c08                USBUART_DEVICE0_CONFIGURATION0_TABLE
                0x00005c30                USBUART_DEVICE0_TABLE
                0x00005c48                USBUART_TABLE
                0x00005c50                USBUART_MSOS_DESCRIPTOR
                0x00005c64                USBUART_MSOS_CONFIGURATION_DESCR
 .rodata.str1.1
                0x00005c8c       0x25 c:/program files (x86)/cypress/psoc creator/3.3/psoc creator/import/gnu/arm/4.9.3/bin/../lib/gcc/arm-none-eabi/4.9.3/../../../../arm-none-eabi/lib/armv7-m\libg_nano.a(lib_a-utoa.o)
                0x00005cb4                . = ALIGN (0x4)
 *fill*         0x00005cb1        0x3 
 *(.init)
 .init          0x00005cb4        0x4 c:/program files (x86)/cypress/psoc creator/3.3/psoc creator/import/gnu/arm/4.9.3/bin/../lib/gcc/arm-none-eabi/4.9.3/armv7-m/crti.o
                0x00005cb4                _init
 .init          0x00005cb8        0x8 c:/program files (x86)/cypress/psoc creator/3.3/psoc creator/import/gnu/arm/4.9.3/bin/../lib/gcc/arm-none-eabi/4.9.3/armv7-m/crtn.o
                0x00005cc0                . = ALIGN (0x4)
                0x00005cc0                __preinit_array_start = .
 *(.preinit_array)
                0x00005cc0                __preinit_array_end = .
                0x00005cc0                . = ALIGN (0x4)
                0x00005cc0                __init_array_start = .
 *(SORT(.init_array.*))
 *(.init_array)
 .init_array    0x00005cc0        0x4 c:/program files (x86)/cypress/psoc creator/3.3/psoc creator/import/gnu/arm/4.9.3/bin/../lib/gcc/arm-none-eabi/4.9.3/armv7-m/crtbegin.o
 .init_array    0x00005cc4        0x4 .\CortexM3\ARM_GCC_493\Debug\Cm3Start.o
                0x00005cc8                __init_array_end = .
                0x00005cc8                . = ALIGN (0x4)
 *(.fini)
 .fini          0x00005cc8        0x4 c:/program files (x86)/cypress/psoc creator/3.3/psoc creator/import/gnu/arm/4.9.3/bin/../lib/gcc/arm-none-eabi/4.9.3/armv7-m/crti.o
                0x00005cc8                _fini
 .fini          0x00005ccc        0x8 c:/program files (x86)/cypress/psoc creator/3.3/psoc creator/import/gnu/arm/4.9.3/bin/../lib/gcc/arm-none-eabi/4.9.3/armv7-m/crtn.o
                0x00005cd4                . = ALIGN (0x4)
                0x00005cd4                __fini_array_start = .
 *(.fini_array)
 .fini_array    0x00005cd4        0x4 c:/program files (x86)/cypress/psoc creator/3.3/psoc creator/import/gnu/arm/4.9.3/bin/../lib/gcc/arm-none-eabi/4.9.3/armv7-m/crtbegin.o
 *(SORT(.fini_array.*))
                0x00005cd8                __fini_array_end = .
                0x00005cd8                . = ALIGN (0x4)
 *crtbegin.o(.ctors)
 *(EXCLUDE_FILE(*crtend.o) .ctors)
 *(SORT(.ctors.*))
 *crtend.o(.ctors)
                0x00005cd8                . = ALIGN (0x4)
 *crtbegin.o(.dtors)
 *(EXCLUDE_FILE(*crtend.o) .dtors)
 *(SORT(.dtors.*))
 *crtend.o(.dtors)
                0x00005cd8                . = ALIGN (0x4)
                0x00005cd8                __cy_regions = .
                0x00005cd8        0x4 LONG 0x5ce8 __cy_region_init_ram
                0x00005cdc        0x4 LONG 0x1fff8108 __cy_region_start_data
                0x00005ce0        0x4 LONG 0x40 __cy_region_init_size_ram
                0x00005ce4        0x4 LONG 0x180 __cy_region_zero_size_ram
                0x00005ce8                __cy_regions_end = .
                0x00005ce8                . = ALIGN (0x8)
                0x00005ce8                _etext = .

.cy_checksum_exclude
                0x00005ce8        0x0
 *(.cy_checksum_exclude)

.ramvectors     0x1fff8000      0x100
                0x1fff8000                __cy_region_start_ram = .
 *(.ramvectors)
 .ramvectors    0x1fff8000      0x100 .\CortexM3\ARM_GCC_493\Debug\Cm3Start.o
                0x1fff8000                CyRamVectors

.noinit         0x1fff8100        0x5
 *(.noinit)
 .noinit        0x1fff8100        0x4 .\CortexM3\ARM_GCC_493\Debug\Cm3Start.o
 .noinit        0x1fff8104        0x1 .\CortexM3\ARM_GCC_493\Debug\CS301_Class.a(CyLib.o)
                0x1fff8104                CyResetStatus

.data           0x1fff8108       0x40 load address 0x00005ce8
                0x1fff8108                __cy_region_start_data = .
 *(.jcr)
 .jcr           0x1fff8108        0x0 c:/program files (x86)/cypress/psoc creator/3.3/psoc creator/import/gnu/arm/4.9.3/bin/../lib/gcc/arm-none-eabi/4.9.3/armv7-m/crtbegin.o
 .jcr           0x1fff8108        0x4 c:/program files (x86)/cypress/psoc creator/3.3/psoc creator/import/gnu/arm/4.9.3/bin/../lib/gcc/arm-none-eabi/4.9.3/armv7-m/crtend.o
 *(.got.plt)
 *(.got)
 *(.shdata)
 *(.data .data.* .gnu.linkonce.d.*)
 .data          0x1fff810c        0x2 .\CortexM3\ARM_GCC_493\Debug\CS301_Class.a(ADC.o)
 .data          0x1fff810e        0x1 .\CortexM3\ARM_GCC_493\Debug\CS301_Class.a(ADC_TempBuf_dma.o)
                0x1fff810e                ADC_TempBuf_DmaHandle
 .data          0x1fff810f        0x1 .\CortexM3\ARM_GCC_493\Debug\CS301_Class.a(ADC_FinalBuf_dma.o)
                0x1fff810f                ADC_FinalBuf_DmaHandle
 .data          0x1fff8110        0x8 .\CortexM3\ARM_GCC_493\Debug\CS301_Class.a(CyDmac.o)
 .data          0x1fff8118       0x10 .\CortexM3\ARM_GCC_493\Debug\CS301_Class.a(CyLib.o)
                0x1fff8118                cydelay_freq_hz
                0x1fff811c                cydelay_freq_khz
                0x1fff8120                cydelay_freq_mhz
                0x1fff8124                cydelay_32k_ms
 .data          0x1fff8128       0x1c .\CortexM3\ARM_GCC_493\Debug\CS301_Class.a(USBUART_cdc.o)
                0x1fff8128                USBUART_linesCoding
                0x1fff8148                . = ALIGN (0x8)
 *fill*         0x1fff8144        0x4 
 *(.ram)
                0x1fff8148                _edata = .

.igot.plt       0x1fff8148        0x0 load address 0x00005d28
 .igot.plt      0x00000000        0x0 c:/program files (x86)/cypress/psoc creator/3.3/psoc creator/import/gnu/arm/4.9.3/bin/../lib/gcc/arm-none-eabi/4.9.3/armv7-m/crtbegin.o

.bss            0x1fff8148      0x180 load address 0x00005d28
                0x1fff8148                PROVIDE (__bss_start__, .)
 *(.shbss)
 *(.bss .bss.* .gnu.linkonce.b.*)
 .bss           0x1fff8148       0x1c c:/program files (x86)/cypress/psoc creator/3.3/psoc creator/import/gnu/arm/4.9.3/bin/../lib/gcc/arm-none-eabi/4.9.3/armv7-m/crtbegin.o
 .bss           0x1fff8164       0x50 .\CortexM3\ARM_GCC_493\Debug\main.o
                0x1fff8164                ts
                0x1fff8166                ts_enc
                0x1fff8168                ts_update
                0x1fff816a                ts_speed
                0x1fff816c                ts_display
                0x1fff816e                flag_ts_enc
                0x1fff816f                flag_ts_update
                0x1fff8170                flag_ts_speed
                0x1fff8171                flag_ts_display
                0x1fff8172                flag_rx
                0x1fff8173                flag_packet
                0x1fff8174                flag_KB_string
                0x1fff8175                dataready_flag
                0x1fff8178                adc_flag
                0x1fff817c                sensor_readings
                0x1fff8184                adc_readings
                0x1fff819c                sample_count
                0x1fff81a0                timer_flag
                0x1fff81a4                countM1
                0x1fff81a8                countM2
                0x1fff81ac                prevCountM1
                0x1fff81b0                prevCountM2
 .bss           0x1fff81b4       0x14 .\CortexM3\ARM_GCC_493\Debug\CS301_Class.a(ADC.o)
                0x1fff81b4                ADC_initVar
 .bss           0x1fff81c8        0x1 .\CortexM3\ARM_GCC_493\Debug\CS301_Class.a(Timer_TS.o)
                0x1fff81c8                Timer_TS_initVar
 .bss           0x1fff81c9        0x1 .\CortexM3\ARM_GCC_493\Debug\CS301_Class.a(USBUART.o)
                0x1fff81c9                USBUART_initVar
 *fill*         0x1fff81ca        0x2 
 .bss           0x1fff81cc        0x4 .\CortexM3\ARM_GCC_493\Debug\CS301_Class.a(USBUART_std.o)
 .bss           0x1fff81d0        0x1 .\CortexM3\ARM_GCC_493\Debug\CS301_Class.a(ADC_SAR.o)
                0x1fff81d0                ADC_SAR_initVar
 .bss           0x1fff81d1        0x1 .\CortexM3\ARM_GCC_493\Debug\CS301_Class.a(PWM_1.o)
                0x1fff81d1                PWM_1_initVar
 .bss           0x1fff81d2        0x1 .\CortexM3\ARM_GCC_493\Debug\CS301_Class.a(PWM_2.o)
                0x1fff81d2                PWM_2_initVar
 .bss           0x1fff81d3        0x1 .\CortexM3\ARM_GCC_493\Debug\CS301_Class.a(QuadDec_M1.o)
                0x1fff81d3                QuadDec_M1_initVar
 .bss           0x1fff81d4        0x1 .\CortexM3\ARM_GCC_493\Debug\CS301_Class.a(QuadDec_M2.o)
                0x1fff81d4                QuadDec_M2_initVar
 .bss           0x1fff81d5        0x1 .\CortexM3\ARM_GCC_493\Debug\CS301_Class.a(QuadDec_M1_Cnt16.o)
                0x1fff81d5                QuadDec_M1_Cnt16_initVar
 .bss           0x1fff81d6        0x1 .\CortexM3\ARM_GCC_493\Debug\CS301_Class.a(QuadDec_M2_Cnt16.o)
                0x1fff81d6                QuadDec_M2_Cnt16_initVar
 *(COMMON)
 *fill*         0x1fff81d7        0x1 
 COMMON         0x1fff81d8        0xc .\CortexM3\ARM_GCC_493\Debug\CS301_Class.a(ADC.o)
                0x1fff81d8                ADC_finalArray
 COMMON         0x1fff81e4       0x9a .\CortexM3\ARM_GCC_493\Debug\CS301_Class.a(USBUART_drv.o)
                0x1fff81e4                USBUART_lastPacketSize
                0x1fff81e5                USBUART_device
                0x1fff81e6                USBUART_transferByteCount
                0x1fff81e8                USBUART_transferState
                0x1fff81ec                USBUART_interfaceSettingLast
                0x1fff81f0                USBUART_currentTD
                0x1fff81fc                USBUART_interfaceNumber
                0x1fff8200                USBUART_interfaceClass
                0x1fff8204                USBUART_configurationChanged
                0x1fff8205                USBUART_ep0Mode
                0x1fff8206                USBUART_deviceAddress
                0x1fff8207                USBUART_configuration
                0x1fff8208                USBUART_ep0Count
                0x1fff8209                USBUART_deviceStatus
                0x1fff820c                USBUART_EP
                0x1fff8278                USBUART_interfaceSetting
                0x1fff827a                USBUART_ep0Toggle
                0x1fff827c                USBUART_interfaceStatus
 *fill*         0x1fff827e        0x2 
 COMMON         0x1fff8280        0xa .\CortexM3\ARM_GCC_493\Debug\CS301_Class.a(ADC_SAR.o)
                0x1fff8280                ADC_SAR_countsPerVolt
                0x1fff8282                ADC_SAR_shift
                0x1fff8284                ADC_SAR_countsPer10Volt
                0x1fff8288                ADC_SAR_offset
 *fill*         0x1fff828a        0x2 
 COMMON         0x1fff828c       0x18 .\CortexM3\ARM_GCC_493\Debug\CS301_Class.a(USBUART_cdc.o)
                0x1fff828c                USBUART_linesChanged
                0x1fff8290                USBUART_cdcDataInEp
                0x1fff8294                USBUART_cdcCommInInterruptEp
                0x1fff8298                USBUART_cdcDataOutEp
                0x1fff829c                USBUART_serialStateBitmap
                0x1fff82a0                USBUART_linesControlBitmap
 COMMON         0x1fff82a4       0x22 .\CortexM3\ARM_GCC_493\Debug\CS301_Class.a(USBUART_descr.o)
                0x1fff82a4                USBUART_idSerialNumberStringDescriptor
                0x1fff82c8                . = ALIGN (0x8)
 *fill*         0x1fff82c6        0x2 
 *(.ram.b)
                0x1fff82c8                _end = .
                0x1fff82c8                __end = .
                0x1fff82c8                PROVIDE (end, .)
                0x1fff82c8                PROVIDE (__bss_end__, .)
                0x00005ce8                __cy_region_init_ram = LOADADDR (.data)
                0x00000040                __cy_region_init_size_ram = (_edata - ADDR (.data))
                0x00000180                __cy_region_zero_size_ram = (_end - _edata)

.heap           0x1fff82c8       0x80 load address 0x00005d28
                0x1fff82c8                . = _end
                0x1fff8348                . = (. + 0x80)
 *fill*         0x1fff82c8       0x80 
                0x1fff8348                __cy_heap_limit = .

.stack          0x20007800      0x800
                0x20007800                __cy_stack_limit = .
                0x20008000                . = (. + 0x800)
 *fill*         0x20007800      0x800 
                0x00000001                ASSERT ((__cy_stack_limit >= __cy_heap_limit), region RAM overflowed with stack)
                0x00000000                cy_checksum_exclude_size = (CY_APPL_LOADABLE == 0x1)?SIZEOF (.cy_checksum_exclude):0x0
                0x00000001                ASSERT ((cy_checksum_exclude_size <= CY_CHECKSUM_EXCLUDE_SIZE), CY_BOOT: Section .cy_checksum_exclude size exceedes specified limit.)

.cyloadermeta
 *(.cyloadermeta)

.cyloadablemeta
 *(.cyloadablemeta)

.cyconfigecc    0x80000000     0x1028
 *(.cyconfigecc)
 .cyconfigecc   0x80000000     0x1028 .\CortexM3\ARM_GCC_493\Debug\cymetadata.o
                0x80000000                cy_meta_configecc

.cycustnvl      0x90000000        0x4
 *(.cycustnvl)
 .cycustnvl     0x90000000        0x4 .\CortexM3\ARM_GCC_493\Debug\cymetadata.o
                0x90000000                cy_meta_custnvl

.cywolatch      0x90100000        0x4
 *(.cywolatch)
 .cywolatch     0x90100000        0x4 .\CortexM3\ARM_GCC_493\Debug\cymetadata.o
                0x90100000                cy_meta_wonvl

.cyeeprom       0x90200000        0x0
 *(.cyeeprom)
                0x00000001                ASSERT ((. <= ((0x90200000 + ee_offset) + ee_size)), .cyeeprom data will not fit in EEPROM)

.cyflashprotect
                0x90400000      0x100
 *(.cyflashprotect)
 .cyflashprotect
                0x90400000      0x100 .\CortexM3\ARM_GCC_493\Debug\cymetadata.o
                0x90400000                cy_meta_flashprotect

.cymeta         0x90500000        0xc
 *(.cymeta)
 .cymeta        0x90500000        0xc .\CortexM3\ARM_GCC_493\Debug\cymetadata.o
                0x90500000                cy_metadata

.rel.dyn        0x00005d28        0x0 load address 0x9050000c
 .rel.iplt      0x00000000        0x0 c:/program files (x86)/cypress/psoc creator/3.3/psoc creator/import/gnu/arm/4.9.3/bin/../lib/gcc/arm-none-eabi/4.9.3/armv7-m/crtbegin.o

.stab           0x00000000       0x9c
 *(.stab)
 .stab          0x00000000       0x24 c:/program files (x86)/cypress/psoc creator/3.3/psoc creator/import/gnu/arm/4.9.3/bin/../lib/gcc/arm-none-eabi/4.9.3/../../../../arm-none-eabi/lib/armv7-m\libnosys.a(close.o)
 .stab          0x00000024       0x18 c:/program files (x86)/cypress/psoc creator/3.3/psoc creator/import/gnu/arm/4.9.3/bin/../lib/gcc/arm-none-eabi/4.9.3/../../../../arm-none-eabi/lib/armv7-m\libnosys.a(fstat.o)
                                 0x24 (size before relaxing)
 .stab          0x0000003c       0x18 c:/program files (x86)/cypress/psoc creator/3.3/psoc creator/import/gnu/arm/4.9.3/bin/../lib/gcc/arm-none-eabi/4.9.3/../../../../arm-none-eabi/lib/armv7-m\libnosys.a(isatty.o)
                                 0x24 (size before relaxing)
 .stab          0x00000054       0x18 c:/program files (x86)/cypress/psoc creator/3.3/psoc creator/import/gnu/arm/4.9.3/bin/../lib/gcc/arm-none-eabi/4.9.3/../../../../arm-none-eabi/lib/armv7-m\libnosys.a(lseek.o)
                                 0x24 (size before relaxing)
 .stab          0x0000006c       0x18 c:/program files (x86)/cypress/psoc creator/3.3/psoc creator/import/gnu/arm/4.9.3/bin/../lib/gcc/arm-none-eabi/4.9.3/../../../../arm-none-eabi/lib/armv7-m\libnosys.a(read.o)
                                 0x24 (size before relaxing)
 .stab          0x00000084       0x18 c:/program files (x86)/cypress/psoc creator/3.3/psoc creator/import/gnu/arm/4.9.3/bin/../lib/gcc/arm-none-eabi/4.9.3/../../../../arm-none-eabi/lib/armv7-m\libnosys.a(write.o)
                                 0x24 (size before relaxing)

.stabstr        0x00000000      0x14d
 *(.stabstr)
 .stabstr       0x00000000      0x14d c:/program files (x86)/cypress/psoc creator/3.3/psoc creator/import/gnu/arm/4.9.3/bin/../lib/gcc/arm-none-eabi/4.9.3/../../../../arm-none-eabi/lib/armv7-m\libnosys.a(close.o)

.debug
 *(.debug)

.line
 *(.line)

.debug_srcinfo
 *(.debug_srcinfo)

.debug_sfnames
 *(.debug_sfnames)

.debug_aranges  0x00000000     0x12c8
 *(.debug_aranges)
 .debug_aranges
                0x00000000      0x158 .\CortexM3\ARM_GCC_493\Debug\main.o
 .debug_aranges
                0x00000158       0x28 .\CortexM3\ARM_GCC_493\Debug\tacho.o
 .debug_aranges
                0x00000180       0x18 .\CortexM3\ARM_GCC_493\Debug\cymetadata.o
 .debug_aranges
                0x00000198       0x48 .\CortexM3\ARM_GCC_493\Debug\Cm3Start.o
 .debug_aranges
                0x000001e0       0x60 .\CortexM3\ARM_GCC_493\Debug\CS301_Class.a(cyfitter_cfg.o)
 .debug_aranges
                0x00000240       0xa0 .\CortexM3\ARM_GCC_493\Debug\CS301_Class.a(ADC.o)
 .debug_aranges
                0x000002e0       0x80 .\CortexM3\ARM_GCC_493\Debug\CS301_Class.a(isr_TS.o)
 .debug_aranges
                0x00000360       0x88 .\CortexM3\ARM_GCC_493\Debug\CS301_Class.a(Timer_TS.o)
 .debug_aranges
                0x000003e8       0xc8 .\CortexM3\ARM_GCC_493\Debug\CS301_Class.a(USBUART.o)
 .debug_aranges
                0x000004b0       0x98 .\CortexM3\ARM_GCC_493\Debug\CS301_Class.a(USBUART_drv.o)
 .debug_aranges
                0x00000548       0x40 .\CortexM3\ARM_GCC_493\Debug\CS301_Class.a(USBUART_episr.o)
 .debug_aranges
                0x00000588       0x40 .\CortexM3\ARM_GCC_493\Debug\CS301_Class.a(USBUART_pm.o)
 .debug_aranges
                0x000005c8       0x80 .\CortexM3\ARM_GCC_493\Debug\CS301_Class.a(USBUART_std.o)
 .debug_aranges
                0x00000648       0x20 .\CortexM3\ARM_GCC_493\Debug\CS301_Class.a(USBUART_vnd.o)
 .debug_aranges
                0x00000668       0xa8 .\CortexM3\ARM_GCC_493\Debug\CS301_Class.a(ADC_SAR.o)
 .debug_aranges
                0x00000710       0x28 .\CortexM3\ARM_GCC_493\Debug\CS301_Class.a(ADC_TempBuf_dma.o)
 .debug_aranges
                0x00000738       0x28 .\CortexM3\ARM_GCC_493\Debug\CS301_Class.a(ADC_FinalBuf_dma.o)
 .debug_aranges
                0x00000760       0x80 .\CortexM3\ARM_GCC_493\Debug\CS301_Class.a(ADC_IRQ.o)
 .debug_aranges
                0x000007e0       0x48 .\CortexM3\ARM_GCC_493\Debug\CS301_Class.a(USBUART_Dp.o)
 .debug_aranges
                0x00000828       0x20 .\CortexM3\ARM_GCC_493\Debug\CS301_Class.a(CyBootAsmGnu.o)
 .debug_aranges
                0x00000848       0xd8 .\CortexM3\ARM_GCC_493\Debug\CS301_Class.a(CyDmac.o)
 .debug_aranges
                0x00000920      0x298 .\CortexM3\ARM_GCC_493\Debug\CS301_Class.a(CyLib.o)
 .debug_aranges
                0x00000bb8       0x98 .\CortexM3\ARM_GCC_493\Debug\CS301_Class.a(cyPm.o)
 .debug_aranges
                0x00000c50       0x78 .\CortexM3\ARM_GCC_493\Debug\CS301_Class.a(PWM_1.o)
 .debug_aranges
                0x00000cc8       0x80 .\CortexM3\ARM_GCC_493\Debug\CS301_Class.a(isr_eoc.o)
 .debug_aranges
                0x00000d48       0x98 .\CortexM3\ARM_GCC_493\Debug\CS301_Class.a(PWM_2.o)
 .debug_aranges
                0x00000de0       0x38 .\CortexM3\ARM_GCC_493\Debug\CS301_Class.a(LED.o)
 .debug_aranges
                0x00000e18       0x60 .\CortexM3\ARM_GCC_493\Debug\CS301_Class.a(QuadDec_M1.o)
 .debug_aranges
                0x00000e78       0x60 .\CortexM3\ARM_GCC_493\Debug\CS301_Class.a(QuadDec_M2.o)
 .debug_aranges
                0x00000ed8       0x98 .\CortexM3\ARM_GCC_493\Debug\CS301_Class.a(QuadDec_M1_Cnt16.o)
 .debug_aranges
                0x00000f70       0x98 .\CortexM3\ARM_GCC_493\Debug\CS301_Class.a(QuadDec_M2_Cnt16.o)
 .debug_aranges
                0x00001008       0x38 .\CortexM3\ARM_GCC_493\Debug\CS301_Class.a(INV2.o)
 .debug_aranges
                0x00001040       0x38 .\CortexM3\ARM_GCC_493\Debug\CS301_Class.a(INV1.o)
 .debug_aranges
                0x00001078       0x38 .\CortexM3\ARM_GCC_493\Debug\CS301_Class.a(ADC_DEBUG.o)
 .debug_aranges
                0x000010b0       0xe8 .\CortexM3\ARM_GCC_493\Debug\CS301_Class.a(USBUART_cdc.o)
 .debug_aranges
                0x00001198       0x20 .\CortexM3\ARM_GCC_493\Debug\CS301_Class.a(USBUART_cls.o)
 .debug_aranges
                0x000011b8       0x18 .\CortexM3\ARM_GCC_493\Debug\CS301_Class.a(USBUART_descr.o)
 .debug_aranges
                0x000011d0       0x80 .\CortexM3\ARM_GCC_493\Debug\CS301_Class.a(CyFlash.o)
 .debug_aranges
                0x00001250       0x78 .\CortexM3\ARM_GCC_493\Debug\CS301_Class.a(CySpc.o)

.debug_pubnames
 *(.debug_pubnames)

.debug_info     0x00000000     0x95a8
 *(.debug_info .gnu.linkonce.wi.*)
 .debug_info    0x00000000     0x172b .\CortexM3\ARM_GCC_493\Debug\main.o
 .debug_info    0x0000172b      0x147 .\CortexM3\ARM_GCC_493\Debug\tacho.o
 .debug_info    0x00001872      0x13f .\CortexM3\ARM_GCC_493\Debug\cymetadata.o
 .debug_info    0x000019b1      0x313 .\CortexM3\ARM_GCC_493\Debug\Cm3Start.o
 .debug_info    0x00001cc4      0x469 .\CortexM3\ARM_GCC_493\Debug\CS301_Class.a(cyfitter_cfg.o)
 .debug_info    0x0000212d      0x3a4 .\CortexM3\ARM_GCC_493\Debug\CS301_Class.a(ADC.o)
 .debug_info    0x000024d1      0x244 .\CortexM3\ARM_GCC_493\Debug\CS301_Class.a(isr_TS.o)
 .debug_info    0x00002715      0x23e .\CortexM3\ARM_GCC_493\Debug\CS301_Class.a(Timer_TS.o)
 .debug_info    0x00002953      0x70b .\CortexM3\ARM_GCC_493\Debug\CS301_Class.a(USBUART.o)
 .debug_info    0x0000305e      0x521 .\CortexM3\ARM_GCC_493\Debug\CS301_Class.a(USBUART_drv.o)
 .debug_info    0x0000357f      0x22f .\CortexM3\ARM_GCC_493\Debug\CS301_Class.a(USBUART_episr.o)
 .debug_info    0x000037ae      0x186 .\CortexM3\ARM_GCC_493\Debug\CS301_Class.a(USBUART_pm.o)
 .debug_info    0x00003934      0x950 .\CortexM3\ARM_GCC_493\Debug\CS301_Class.a(USBUART_std.o)
 .debug_info    0x00004284      0x19d .\CortexM3\ARM_GCC_493\Debug\CS301_Class.a(USBUART_vnd.o)
 .debug_info    0x00004421      0x45b .\CortexM3\ARM_GCC_493\Debug\CS301_Class.a(ADC_SAR.o)
 .debug_info    0x0000487c      0x114 .\CortexM3\ARM_GCC_493\Debug\CS301_Class.a(ADC_TempBuf_dma.o)
 .debug_info    0x00004990      0x114 .\CortexM3\ARM_GCC_493\Debug\CS301_Class.a(ADC_FinalBuf_dma.o)
 .debug_info    0x00004aa4      0x23a .\CortexM3\ARM_GCC_493\Debug\CS301_Class.a(ADC_IRQ.o)
 .debug_info    0x00004cde      0x171 .\CortexM3\ARM_GCC_493\Debug\CS301_Class.a(USBUART_Dp.o)
 .debug_info    0x00004e4f       0xda .\CortexM3\ARM_GCC_493\Debug\CS301_Class.a(CyBootAsmGnu.o)
 .debug_info    0x00004f29      0x8b4 .\CortexM3\ARM_GCC_493\Debug\CS301_Class.a(CyDmac.o)
 .debug_info    0x000057dd      0xe34 .\CortexM3\ARM_GCC_493\Debug\CS301_Class.a(CyLib.o)
 .debug_info    0x00006611      0x561 .\CortexM3\ARM_GCC_493\Debug\CS301_Class.a(cyPm.o)
 .debug_info    0x00006b72      0x22e .\CortexM3\ARM_GCC_493\Debug\CS301_Class.a(PWM_1.o)
 .debug_info    0x00006da0      0x293 .\CortexM3\ARM_GCC_493\Debug\CS301_Class.a(isr_eoc.o)
 .debug_info    0x00007033      0x2a0 .\CortexM3\ARM_GCC_493\Debug\CS301_Class.a(PWM_2.o)
 .debug_info    0x000072d3      0x11e .\CortexM3\ARM_GCC_493\Debug\CS301_Class.a(LED.o)
 .debug_info    0x000073f1      0x201 .\CortexM3\ARM_GCC_493\Debug\CS301_Class.a(QuadDec_M1.o)
 .debug_info    0x000075f2      0x201 .\CortexM3\ARM_GCC_493\Debug\CS301_Class.a(QuadDec_M2.o)
 .debug_info    0x000077f3      0x28a .\CortexM3\ARM_GCC_493\Debug\CS301_Class.a(QuadDec_M1_Cnt16.o)
 .debug_info    0x00007a7d      0x28a .\CortexM3\ARM_GCC_493\Debug\CS301_Class.a(QuadDec_M2_Cnt16.o)
 .debug_info    0x00007d07      0x11e .\CortexM3\ARM_GCC_493\Debug\CS301_Class.a(INV2.o)
 .debug_info    0x00007e25      0x11e .\CortexM3\ARM_GCC_493\Debug\CS301_Class.a(INV1.o)
 .debug_info    0x00007f43      0x11e .\CortexM3\ARM_GCC_493\Debug\CS301_Class.a(ADC_DEBUG.o)
 .debug_info    0x00008061      0x903 .\CortexM3\ARM_GCC_493\Debug\CS301_Class.a(USBUART_cdc.o)
 .debug_info    0x00008964      0x1bc .\CortexM3\ARM_GCC_493\Debug\CS301_Class.a(USBUART_cls.o)
 .debug_info    0x00008b20      0x2cb .\CortexM3\ARM_GCC_493\Debug\CS301_Class.a(USBUART_descr.o)
 .debug_info    0x00008deb      0x36a .\CortexM3\ARM_GCC_493\Debug\CS301_Class.a(CyFlash.o)
 .debug_info    0x00009155      0x453 .\CortexM3\ARM_GCC_493\Debug\CS301_Class.a(CySpc.o)

.debug_abbrev   0x00000000     0x2e4c
 *(.debug_abbrev)
 .debug_abbrev  0x00000000      0x3a1 .\CortexM3\ARM_GCC_493\Debug\main.o
 .debug_abbrev  0x000003a1       0x96 .\CortexM3\ARM_GCC_493\Debug\tacho.o
 .debug_abbrev  0x00000437       0x77 .\CortexM3\ARM_GCC_493\Debug\cymetadata.o
 .debug_abbrev  0x000004ae      0x1a7 .\CortexM3\ARM_GCC_493\Debug\Cm3Start.o
 .debug_abbrev  0x00000655      0x1b7 .\CortexM3\ARM_GCC_493\Debug\CS301_Class.a(cyfitter_cfg.o)
 .debug_abbrev  0x0000080c      0x155 .\CortexM3\ARM_GCC_493\Debug\CS301_Class.a(ADC.o)
 .debug_abbrev  0x00000961      0x183 .\CortexM3\ARM_GCC_493\Debug\CS301_Class.a(isr_TS.o)
 .debug_abbrev  0x00000ae4       0xe9 .\CortexM3\ARM_GCC_493\Debug\CS301_Class.a(Timer_TS.o)
 .debug_abbrev  0x00000bcd      0x1f3 .\CortexM3\ARM_GCC_493\Debug\CS301_Class.a(USBUART.o)
 .debug_abbrev  0x00000dc0      0x161 .\CortexM3\ARM_GCC_493\Debug\CS301_Class.a(USBUART_drv.o)
 .debug_abbrev  0x00000f21       0xfd .\CortexM3\ARM_GCC_493\Debug\CS301_Class.a(USBUART_episr.o)
 .debug_abbrev  0x0000101e       0xd1 .\CortexM3\ARM_GCC_493\Debug\CS301_Class.a(USBUART_pm.o)
 .debug_abbrev  0x000010ef      0x1c2 .\CortexM3\ARM_GCC_493\Debug\CS301_Class.a(USBUART_std.o)
 .debug_abbrev  0x000012b1       0xc5 .\CortexM3\ARM_GCC_493\Debug\CS301_Class.a(USBUART_vnd.o)
 .debug_abbrev  0x00001376      0x173 .\CortexM3\ARM_GCC_493\Debug\CS301_Class.a(ADC_SAR.o)
 .debug_abbrev  0x000014e9       0x8b .\CortexM3\ARM_GCC_493\Debug\CS301_Class.a(ADC_TempBuf_dma.o)
 .debug_abbrev  0x00001574       0x8b .\CortexM3\ARM_GCC_493\Debug\CS301_Class.a(ADC_FinalBuf_dma.o)
 .debug_abbrev  0x000015ff      0x172 .\CortexM3\ARM_GCC_493\Debug\CS301_Class.a(ADC_IRQ.o)
 .debug_abbrev  0x00001771       0x90 .\CortexM3\ARM_GCC_493\Debug\CS301_Class.a(USBUART_Dp.o)
 .debug_abbrev  0x00001801       0x14 .\CortexM3\ARM_GCC_493\Debug\CS301_Class.a(CyBootAsmGnu.o)
 .debug_abbrev  0x00001815      0x194 .\CortexM3\ARM_GCC_493\Debug\CS301_Class.a(CyDmac.o)
 .debug_abbrev  0x000019a9      0x217 .\CortexM3\ARM_GCC_493\Debug\CS301_Class.a(CyLib.o)
 .debug_abbrev  0x00001bc0      0x161 .\CortexM3\ARM_GCC_493\Debug\CS301_Class.a(cyPm.o)
 .debug_abbrev  0x00001d21      0x116 .\CortexM3\ARM_GCC_493\Debug\CS301_Class.a(PWM_1.o)
 .debug_abbrev  0x00001e37      0x19b .\CortexM3\ARM_GCC_493\Debug\CS301_Class.a(isr_eoc.o)
 .debug_abbrev  0x00001fd2      0x12e .\CortexM3\ARM_GCC_493\Debug\CS301_Class.a(PWM_2.o)
 .debug_abbrev  0x00002100       0x90 .\CortexM3\ARM_GCC_493\Debug\CS301_Class.a(LED.o)
 .debug_abbrev  0x00002190      0x130 .\CortexM3\ARM_GCC_493\Debug\CS301_Class.a(QuadDec_M1.o)
 .debug_abbrev  0x000022c0      0x130 .\CortexM3\ARM_GCC_493\Debug\CS301_Class.a(QuadDec_M2.o)
 .debug_abbrev  0x000023f0      0x12c .\CortexM3\ARM_GCC_493\Debug\CS301_Class.a(QuadDec_M1_Cnt16.o)
 .debug_abbrev  0x0000251c      0x12c .\CortexM3\ARM_GCC_493\Debug\CS301_Class.a(QuadDec_M2_Cnt16.o)
 .debug_abbrev  0x00002648       0x90 .\CortexM3\ARM_GCC_493\Debug\CS301_Class.a(INV2.o)
 .debug_abbrev  0x000026d8       0x90 .\CortexM3\ARM_GCC_493\Debug\CS301_Class.a(INV1.o)
 .debug_abbrev  0x00002768       0x90 .\CortexM3\ARM_GCC_493\Debug\CS301_Class.a(ADC_DEBUG.o)
 .debug_abbrev  0x000027f8      0x233 .\CortexM3\ARM_GCC_493\Debug\CS301_Class.a(USBUART_cdc.o)
 .debug_abbrev  0x00002a2b       0xc5 .\CortexM3\ARM_GCC_493\Debug\CS301_Class.a(USBUART_cls.o)
 .debug_abbrev  0x00002af0       0xb4 .\CortexM3\ARM_GCC_493\Debug\CS301_Class.a(USBUART_descr.o)
 .debug_abbrev  0x00002ba4      0x13c .\CortexM3\ARM_GCC_493\Debug\CS301_Class.a(CyFlash.o)
 .debug_abbrev  0x00002ce0      0x16c .\CortexM3\ARM_GCC_493\Debug\CS301_Class.a(CySpc.o)

.debug_line     0x00000000     0x496b
 *(.debug_line)
 .debug_line    0x00000000      0x9ba .\CortexM3\ARM_GCC_493\Debug\main.o
 .debug_line    0x000009ba      0x180 .\CortexM3\ARM_GCC_493\Debug\tacho.o
 .debug_line    0x00000b3a       0x53 .\CortexM3\ARM_GCC_493\Debug\cymetadata.o
 .debug_line    0x00000b8d      0x1d5 .\CortexM3\ARM_GCC_493\Debug\Cm3Start.o
 .debug_line    0x00000d62      0x237 .\CortexM3\ARM_GCC_493\Debug\CS301_Class.a(cyfitter_cfg.o)
 .debug_line    0x00000f99      0x1c1 .\CortexM3\ARM_GCC_493\Debug\CS301_Class.a(ADC.o)
 .debug_line    0x0000115a      0x169 .\CortexM3\ARM_GCC_493\Debug\CS301_Class.a(isr_TS.o)
 .debug_line    0x000012c3      0x162 .\CortexM3\ARM_GCC_493\Debug\CS301_Class.a(Timer_TS.o)
 .debug_line    0x00001425      0x304 .\CortexM3\ARM_GCC_493\Debug\CS301_Class.a(USBUART.o)
 .debug_line    0x00001729      0x21c .\CortexM3\ARM_GCC_493\Debug\CS301_Class.a(USBUART_drv.o)
 .debug_line    0x00001945       0xf4 .\CortexM3\ARM_GCC_493\Debug\CS301_Class.a(USBUART_episr.o)
 .debug_line    0x00001a39       0xe8 .\CortexM3\ARM_GCC_493\Debug\CS301_Class.a(USBUART_pm.o)
 .debug_line    0x00001b21      0x458 .\CortexM3\ARM_GCC_493\Debug\CS301_Class.a(USBUART_std.o)
 .debug_line    0x00001f79       0x91 .\CortexM3\ARM_GCC_493\Debug\CS301_Class.a(USBUART_vnd.o)
 .debug_line    0x0000200a      0x209 .\CortexM3\ARM_GCC_493\Debug\CS301_Class.a(ADC_SAR.o)
 .debug_line    0x00002213       0x97 .\CortexM3\ARM_GCC_493\Debug\CS301_Class.a(ADC_TempBuf_dma.o)
 .debug_line    0x000022aa       0x98 .\CortexM3\ARM_GCC_493\Debug\CS301_Class.a(ADC_FinalBuf_dma.o)
 .debug_line    0x00002342      0x15b .\CortexM3\ARM_GCC_493\Debug\CS301_Class.a(ADC_IRQ.o)
 .debug_line    0x0000249d       0xc0 .\CortexM3\ARM_GCC_493\Debug\CS301_Class.a(USBUART_Dp.o)
 .debug_line    0x0000255d       0x68 .\CortexM3\ARM_GCC_493\Debug\CS301_Class.a(CyBootAsmGnu.o)
 .debug_line    0x000025c5      0x2b7 .\CortexM3\ARM_GCC_493\Debug\CS301_Class.a(CyDmac.o)
 .debug_line    0x0000287c      0x872 .\CortexM3\ARM_GCC_493\Debug\CS301_Class.a(CyLib.o)
 .debug_line    0x000030ee      0x381 .\CortexM3\ARM_GCC_493\Debug\CS301_Class.a(cyPm.o)
 .debug_line    0x0000346f      0x142 .\CortexM3\ARM_GCC_493\Debug\CS301_Class.a(PWM_1.o)
 .debug_line    0x000035b1      0x279 .\CortexM3\ARM_GCC_493\Debug\CS301_Class.a(isr_eoc.o)
 .debug_line    0x0000382a      0x18b .\CortexM3\ARM_GCC_493\Debug\CS301_Class.a(PWM_2.o)
 .debug_line    0x000039b5       0x94 .\CortexM3\ARM_GCC_493\Debug\CS301_Class.a(LED.o)
 .debug_line    0x00003a49      0x10c .\CortexM3\ARM_GCC_493\Debug\CS301_Class.a(QuadDec_M1.o)
 .debug_line    0x00003b55      0x10c .\CortexM3\ARM_GCC_493\Debug\CS301_Class.a(QuadDec_M2.o)
 .debug_line    0x00003c61      0x190 .\CortexM3\ARM_GCC_493\Debug\CS301_Class.a(QuadDec_M1_Cnt16.o)
 .debug_line    0x00003df1      0x190 .\CortexM3\ARM_GCC_493\Debug\CS301_Class.a(QuadDec_M2_Cnt16.o)
 .debug_line    0x00003f81       0x95 .\CortexM3\ARM_GCC_493\Debug\CS301_Class.a(INV2.o)
 .debug_line    0x00004016       0x95 .\CortexM3\ARM_GCC_493\Debug\CS301_Class.a(INV1.o)
 .debug_line    0x000040ab       0x9a .\CortexM3\ARM_GCC_493\Debug\CS301_Class.a(ADC_DEBUG.o)
 .debug_line    0x00004145      0x30e .\CortexM3\ARM_GCC_493\Debug\CS301_Class.a(USBUART_cdc.o)
 .debug_line    0x00004453       0x97 .\CortexM3\ARM_GCC_493\Debug\CS301_Class.a(USBUART_cls.o)
 .debug_line    0x000044ea       0x63 .\CortexM3\ARM_GCC_493\Debug\CS301_Class.a(USBUART_descr.o)
 .debug_line    0x0000454d      0x207 .\CortexM3\ARM_GCC_493\Debug\CS301_Class.a(CyFlash.o)
 .debug_line    0x00004754      0x217 .\CortexM3\ARM_GCC_493\Debug\CS301_Class.a(CySpc.o)

.debug_frame    0x00000000     0x5514
 *(.debug_frame)
 .debug_frame   0x00000000      0x638 .\CortexM3\ARM_GCC_493\Debug\main.o
 .debug_frame   0x00000638       0x60 .\CortexM3\ARM_GCC_493\Debug\tacho.o
 .debug_frame   0x00000698       0xd8 .\CortexM3\ARM_GCC_493\Debug\Cm3Start.o
 .debug_frame   0x00000770      0x16c .\CortexM3\ARM_GCC_493\Debug\CS301_Class.a(cyfitter_cfg.o)
 .debug_frame   0x000008dc      0x264 .\CortexM3\ARM_GCC_493\Debug\CS301_Class.a(ADC.o)
 .debug_frame   0x00000b40      0x1e8 .\CortexM3\ARM_GCC_493\Debug\CS301_Class.a(isr_TS.o)
 .debug_frame   0x00000d28      0x208 .\CortexM3\ARM_GCC_493\Debug\CS301_Class.a(Timer_TS.o)
 .debug_frame   0x00000f30      0x37c .\CortexM3\ARM_GCC_493\Debug\CS301_Class.a(USBUART.o)
 .debug_frame   0x000012ac      0x23c .\CortexM3\ARM_GCC_493\Debug\CS301_Class.a(USBUART_drv.o)
 .debug_frame   0x000014e8       0xbc .\CortexM3\ARM_GCC_493\Debug\CS301_Class.a(USBUART_episr.o)
 .debug_frame   0x000015a4       0xbc .\CortexM3\ARM_GCC_493\Debug\CS301_Class.a(USBUART_pm.o)
 .debug_frame   0x00001660      0x224 .\CortexM3\ARM_GCC_493\Debug\CS301_Class.a(USBUART_std.o)
 .debug_frame   0x00001884       0x38 .\CortexM3\ARM_GCC_493\Debug\CS301_Class.a(USBUART_vnd.o)
 .debug_frame   0x000018bc      0x2c0 .\CortexM3\ARM_GCC_493\Debug\CS301_Class.a(ADC_SAR.o)
 .debug_frame   0x00001b7c       0x58 .\CortexM3\ARM_GCC_493\Debug\CS301_Class.a(ADC_TempBuf_dma.o)
 .debug_frame   0x00001bd4       0x58 .\CortexM3\ARM_GCC_493\Debug\CS301_Class.a(ADC_FinalBuf_dma.o)
 .debug_frame   0x00001c2c      0x1e8 .\CortexM3\ARM_GCC_493\Debug\CS301_Class.a(ADC_IRQ.o)
 .debug_frame   0x00001e14       0xf4 .\CortexM3\ARM_GCC_493\Debug\CS301_Class.a(USBUART_Dp.o)
 .debug_frame   0x00001f08      0x3d0 .\CortexM3\ARM_GCC_493\Debug\CS301_Class.a(CyDmac.o)
 .debug_frame   0x000022d8      0xbe8 .\CortexM3\ARM_GCC_493\Debug\CS301_Class.a(CyLib.o)
 .debug_frame   0x00002ec0      0x234 .\CortexM3\ARM_GCC_493\Debug\CS301_Class.a(cyPm.o)
 .debug_frame   0x000030f4      0x1d0 .\CortexM3\ARM_GCC_493\Debug\CS301_Class.a(PWM_1.o)
 .debug_frame   0x000032c4      0x1e0 .\CortexM3\ARM_GCC_493\Debug\CS301_Class.a(isr_eoc.o)
 .debug_frame   0x000034a4      0x25c .\CortexM3\ARM_GCC_493\Debug\CS301_Class.a(PWM_2.o)
 .debug_frame   0x00003700       0xa8 .\CortexM3\ARM_GCC_493\Debug\CS301_Class.a(LED.o)
 .debug_frame   0x000037a8      0x160 .\CortexM3\ARM_GCC_493\Debug\CS301_Class.a(QuadDec_M1.o)
 .debug_frame   0x00003908      0x160 .\CortexM3\ARM_GCC_493\Debug\CS301_Class.a(QuadDec_M2.o)
 .debug_frame   0x00003a68      0x258 .\CortexM3\ARM_GCC_493\Debug\CS301_Class.a(QuadDec_M1_Cnt16.o)
 .debug_frame   0x00003cc0      0x258 .\CortexM3\ARM_GCC_493\Debug\CS301_Class.a(QuadDec_M2_Cnt16.o)
 .debug_frame   0x00003f18       0xa8 .\CortexM3\ARM_GCC_493\Debug\CS301_Class.a(INV2.o)
 .debug_frame   0x00003fc0       0xa8 .\CortexM3\ARM_GCC_493\Debug\CS301_Class.a(INV1.o)
 .debug_frame   0x00004068       0xa8 .\CortexM3\ARM_GCC_493\Debug\CS301_Class.a(ADC_DEBUG.o)
 .debug_frame   0x00004110      0x3ec .\CortexM3\ARM_GCC_493\Debug\CS301_Class.a(USBUART_cdc.o)
 .debug_frame   0x000044fc       0x38 .\CortexM3\ARM_GCC_493\Debug\CS301_Class.a(USBUART_cls.o)
 .debug_frame   0x00004534      0x210 .\CortexM3\ARM_GCC_493\Debug\CS301_Class.a(CyFlash.o)
 .debug_frame   0x00004744      0x1f8 .\CortexM3\ARM_GCC_493\Debug\CS301_Class.a(CySpc.o)
 .debug_frame   0x0000493c       0x28 c:/program files (x86)/cypress/psoc creator/3.3/psoc creator/import/gnu/arm/4.9.3/bin/../lib/gcc/arm-none-eabi/4.9.3/armv7-m\libgcc.a(_aeabi_ldivmod.o)
 .debug_frame   0x00004964       0x54 c:/program files (x86)/cypress/psoc creator/3.3/psoc creator/import/gnu/arm/4.9.3/bin/../lib/gcc/arm-none-eabi/4.9.3/armv7-m\libgcc.a(bpabi.o)
 .debug_frame   0x000049b8       0x34 c:/program files (x86)/cypress/psoc creator/3.3/psoc creator/import/gnu/arm/4.9.3/bin/../lib/gcc/arm-none-eabi/4.9.3/armv7-m\libgcc.a(_divdi3.o)
 .debug_frame   0x000049ec       0x34 c:/program files (x86)/cypress/psoc creator/3.3/psoc creator/import/gnu/arm/4.9.3/bin/../lib/gcc/arm-none-eabi/4.9.3/armv7-m\libgcc.a(_udivdi3.o)
 .debug_frame   0x00004a20       0x20 c:/program files (x86)/cypress/psoc creator/3.3/psoc creator/import/gnu/arm/4.9.3/bin/../lib/gcc/arm-none-eabi/4.9.3/../../../../arm-none-eabi/lib/armv7-m\libg_nano.a(lib_a-errno.o)
 .debug_frame   0x00004a40       0x28 c:/program files (x86)/cypress/psoc creator/3.3/psoc creator/import/gnu/arm/4.9.3/bin/../lib/gcc/arm-none-eabi/4.9.3/../../../../arm-none-eabi/lib/armv7-m\libg_nano.a(lib_a-exit.o)
 .debug_frame   0x00004a68       0x54 c:/program files (x86)/cypress/psoc creator/3.3/psoc creator/import/gnu/arm/4.9.3/bin/../lib/gcc/arm-none-eabi/4.9.3/../../../../arm-none-eabi/lib/armv7-m\libg_nano.a(lib_a-fwrite.o)
 .debug_frame   0x00004abc       0x2c c:/program files (x86)/cypress/psoc creator/3.3/psoc creator/import/gnu/arm/4.9.3/bin/../lib/gcc/arm-none-eabi/4.9.3/../../../../arm-none-eabi/lib/armv7-m\libg_nano.a(lib_a-init.o)
 .debug_frame   0x00004ae8       0x38 c:/program files (x86)/cypress/psoc creator/3.3/psoc creator/import/gnu/arm/4.9.3/bin/../lib/gcc/arm-none-eabi/4.9.3/../../../../arm-none-eabi/lib/armv7-m\libg_nano.a(lib_a-itoa.o)
 .debug_frame   0x00004b20       0x28 c:/program files (x86)/cypress/psoc creator/3.3/psoc creator/import/gnu/arm/4.9.3/bin/../lib/gcc/arm-none-eabi/4.9.3/../../../../arm-none-eabi/lib/armv7-m\libg_nano.a(lib_a-memcpy.o)
 .debug_frame   0x00004b48       0x20 c:/program files (x86)/cypress/psoc creator/3.3/psoc creator/import/gnu/arm/4.9.3/bin/../lib/gcc/arm-none-eabi/4.9.3/../../../../arm-none-eabi/lib/armv7-m\libg_nano.a(lib_a-memset.o)
 .debug_frame   0x00004b68       0x74 c:/program files (x86)/cypress/psoc creator/3.3/psoc creator/import/gnu/arm/4.9.3/bin/../lib/gcc/arm-none-eabi/4.9.3/../../../../arm-none-eabi/lib/armv7-m\libg_nano.a(lib_a-printf.o)
 .debug_frame   0x00004bdc       0x58 c:/program files (x86)/cypress/psoc creator/3.3/psoc creator/import/gnu/arm/4.9.3/bin/../lib/gcc/arm-none-eabi/4.9.3/../../../../arm-none-eabi/lib/armv7-m\libg_nano.a(lib_a-putchar.o)
 .debug_frame   0x00004c34       0x3c c:/program files (x86)/cypress/psoc creator/3.3/psoc creator/import/gnu/arm/4.9.3/bin/../lib/gcc/arm-none-eabi/4.9.3/../../../../arm-none-eabi/lib/armv7-m\libg_nano.a(lib_a-puts.o)
 .debug_frame   0x00004c70       0x3c c:/program files (x86)/cypress/psoc creator/3.3/psoc creator/import/gnu/arm/4.9.3/bin/../lib/gcc/arm-none-eabi/4.9.3/../../../../arm-none-eabi/lib/armv7-m\libg_nano.a(lib_a-rget.o)
 .debug_frame   0x00004cac       0x44 c:/program files (x86)/cypress/psoc creator/3.3/psoc creator/import/gnu/arm/4.9.3/bin/../lib/gcc/arm-none-eabi/4.9.3/../../../../arm-none-eabi/lib/armv7-m\libg_nano.a(lib_a-utoa.o)
 .debug_frame   0x00004cf0       0x3c c:/program files (x86)/cypress/psoc creator/3.3/psoc creator/import/gnu/arm/4.9.3/bin/../lib/gcc/arm-none-eabi/4.9.3/../../../../arm-none-eabi/lib/armv7-m\libg_nano.a(lib_a-wbuf.o)
 .debug_frame   0x00004d2c       0x2c c:/program files (x86)/cypress/psoc creator/3.3/psoc creator/import/gnu/arm/4.9.3/bin/../lib/gcc/arm-none-eabi/4.9.3/../../../../arm-none-eabi/lib/armv7-m\libg_nano.a(lib_a-wsetup.o)
 .debug_frame   0x00004d58       0x68 c:/program files (x86)/cypress/psoc creator/3.3/psoc creator/import/gnu/arm/4.9.3/bin/../lib/gcc/arm-none-eabi/4.9.3/../../../../arm-none-eabi/lib/armv7-m\libg_nano.a(lib_a-fflush.o)
 .debug_frame   0x00004dc0      0x11c c:/program files (x86)/cypress/psoc creator/3.3/psoc creator/import/gnu/arm/4.9.3/bin/../lib/gcc/arm-none-eabi/4.9.3/../../../../arm-none-eabi/lib/armv7-m\libg_nano.a(lib_a-findfp.o)
 .debug_frame   0x00004edc       0x54 c:/program files (x86)/cypress/psoc creator/3.3/psoc creator/import/gnu/arm/4.9.3/bin/../lib/gcc/arm-none-eabi/4.9.3/../../../../arm-none-eabi/lib/armv7-m\libg_nano.a(lib_a-fwalk.o)
 .debug_frame   0x00004f30       0x34 c:/program files (x86)/cypress/psoc creator/3.3/psoc creator/import/gnu/arm/4.9.3/bin/../lib/gcc/arm-none-eabi/4.9.3/../../../../arm-none-eabi/lib/armv7-m\libg_nano.a(lib_a-makebuf.o)
 .debug_frame   0x00004f64       0x2c c:/program files (x86)/cypress/psoc creator/3.3/psoc creator/import/gnu/arm/4.9.3/bin/../lib/gcc/arm-none-eabi/4.9.3/../../../../arm-none-eabi/lib/armv7-m\libg_nano.a(lib_a-nano-freer.o)
 .debug_frame   0x00004f90       0x2c c:/program files (x86)/cypress/psoc creator/3.3/psoc creator/import/gnu/arm/4.9.3/bin/../lib/gcc/arm-none-eabi/4.9.3/../../../../arm-none-eabi/lib/armv7-m\libg_nano.a(lib_a-nano-mallocr.o)
 .debug_frame   0x00004fbc       0xb8 c:/program files (x86)/cypress/psoc creator/3.3/psoc creator/import/gnu/arm/4.9.3/bin/../lib/gcc/arm-none-eabi/4.9.3/../../../../arm-none-eabi/lib/armv7-m\libg_nano.a(lib_a-nano-vfprintf.o)
 .debug_frame   0x00005074       0x58 c:/program files (x86)/cypress/psoc creator/3.3/psoc creator/import/gnu/arm/4.9.3/bin/../lib/gcc/arm-none-eabi/4.9.3/../../../../arm-none-eabi/lib/armv7-m\libg_nano.a(lib_a-nano-vfprintf_i.o)
 .debug_frame   0x000050cc       0x48 c:/program files (x86)/cypress/psoc creator/3.3/psoc creator/import/gnu/arm/4.9.3/bin/../lib/gcc/arm-none-eabi/4.9.3/../../../../arm-none-eabi/lib/armv7-m\libg_nano.a(lib_a-putc.o)
 .debug_frame   0x00005114       0x40 c:/program files (x86)/cypress/psoc creator/3.3/psoc creator/import/gnu/arm/4.9.3/bin/../lib/gcc/arm-none-eabi/4.9.3/../../../../arm-none-eabi/lib/armv7-m\libg_nano.a(lib_a-refill.o)
 .debug_frame   0x00005154       0x2c c:/program files (x86)/cypress/psoc creator/3.3/psoc creator/import/gnu/arm/4.9.3/bin/../lib/gcc/arm-none-eabi/4.9.3/../../../../arm-none-eabi/lib/armv7-m\libg_nano.a(lib_a-sbrkr.o)
 .debug_frame   0x00005180       0x88 c:/program files (x86)/cypress/psoc creator/3.3/psoc creator/import/gnu/arm/4.9.3/bin/../lib/gcc/arm-none-eabi/4.9.3/../../../../arm-none-eabi/lib/armv7-m\libg_nano.a(lib_a-stdio.o)
 .debug_frame   0x00005208       0x2c c:/program files (x86)/cypress/psoc creator/3.3/psoc creator/import/gnu/arm/4.9.3/bin/../lib/gcc/arm-none-eabi/4.9.3/../../../../arm-none-eabi/lib/armv7-m\libg_nano.a(lib_a-writer.o)
 .debug_frame   0x00005234       0x2c c:/program files (x86)/cypress/psoc creator/3.3/psoc creator/import/gnu/arm/4.9.3/bin/../lib/gcc/arm-none-eabi/4.9.3/../../../../arm-none-eabi/lib/armv7-m\libg_nano.a(lib_a-closer.o)
 .debug_frame   0x00005260       0x2c c:/program files (x86)/cypress/psoc creator/3.3/psoc creator/import/gnu/arm/4.9.3/bin/../lib/gcc/arm-none-eabi/4.9.3/../../../../arm-none-eabi/lib/armv7-m\libg_nano.a(lib_a-fstatr.o)
 .debug_frame   0x0000528c       0x3c c:/program files (x86)/cypress/psoc creator/3.3/psoc creator/import/gnu/arm/4.9.3/bin/../lib/gcc/arm-none-eabi/4.9.3/../../../../arm-none-eabi/lib/armv7-m\libg_nano.a(lib_a-fvwrite.o)
 .debug_frame   0x000052c8       0x2c c:/program files (x86)/cypress/psoc creator/3.3/psoc creator/import/gnu/arm/4.9.3/bin/../lib/gcc/arm-none-eabi/4.9.3/../../../../arm-none-eabi/lib/armv7-m\libg_nano.a(lib_a-isattyr.o)
 .debug_frame   0x000052f4       0x2c c:/program files (x86)/cypress/psoc creator/3.3/psoc creator/import/gnu/arm/4.9.3/bin/../lib/gcc/arm-none-eabi/4.9.3/../../../../arm-none-eabi/lib/armv7-m\libg_nano.a(lib_a-lseekr.o)
 .debug_frame   0x00005320       0x28 c:/program files (x86)/cypress/psoc creator/3.3/psoc creator/import/gnu/arm/4.9.3/bin/../lib/gcc/arm-none-eabi/4.9.3/../../../../arm-none-eabi/lib/armv7-m\libg_nano.a(lib_a-memchr.o)
 .debug_frame   0x00005348       0x28 c:/program files (x86)/cypress/psoc creator/3.3/psoc creator/import/gnu/arm/4.9.3/bin/../lib/gcc/arm-none-eabi/4.9.3/../../../../arm-none-eabi/lib/armv7-m\libg_nano.a(lib_a-memmove.o)
 .debug_frame   0x00005370       0x3c c:/program files (x86)/cypress/psoc creator/3.3/psoc creator/import/gnu/arm/4.9.3/bin/../lib/gcc/arm-none-eabi/4.9.3/../../../../arm-none-eabi/lib/armv7-m\libg_nano.a(lib_a-nano-reallocr.o)
 .debug_frame   0x000053ac       0x2c c:/program files (x86)/cypress/psoc creator/3.3/psoc creator/import/gnu/arm/4.9.3/bin/../lib/gcc/arm-none-eabi/4.9.3/../../../../arm-none-eabi/lib/armv7-m\libg_nano.a(lib_a-readr.o)
 .debug_frame   0x000053d8       0x5c c:/program files (x86)/cypress/psoc creator/3.3/psoc creator/import/gnu/arm/4.9.3/bin/../lib/gcc/arm-none-eabi/4.9.3/../../../../arm-none-eabi/lib/armv7-m\libg_nano.a(lib_a-reent.o)
 .debug_frame   0x00005434       0x20 c:/program files (x86)/cypress/psoc creator/3.3/psoc creator/import/gnu/arm/4.9.3/bin/../lib/gcc/arm-none-eabi/4.9.3/../../../../arm-none-eabi/lib/armv7-m\libg_nano.a(lib_a-nano-msizer.o)
 .debug_frame   0x00005454       0x20 c:/program files (x86)/cypress/psoc creator/3.3/psoc creator/import/gnu/arm/4.9.3/bin/../lib/gcc/arm-none-eabi/4.9.3/../../../../arm-none-eabi/lib/armv7-m\libnosys.a(close.o)
 .debug_frame   0x00005474       0x20 c:/program files (x86)/cypress/psoc creator/3.3/psoc creator/import/gnu/arm/4.9.3/bin/../lib/gcc/arm-none-eabi/4.9.3/../../../../arm-none-eabi/lib/armv7-m\libnosys.a(fstat.o)
 .debug_frame   0x00005494       0x20 c:/program files (x86)/cypress/psoc creator/3.3/psoc creator/import/gnu/arm/4.9.3/bin/../lib/gcc/arm-none-eabi/4.9.3/../../../../arm-none-eabi/lib/armv7-m\libnosys.a(isatty.o)
 .debug_frame   0x000054b4       0x20 c:/program files (x86)/cypress/psoc creator/3.3/psoc creator/import/gnu/arm/4.9.3/bin/../lib/gcc/arm-none-eabi/4.9.3/../../../../arm-none-eabi/lib/armv7-m\libnosys.a(lseek.o)
 .debug_frame   0x000054d4       0x20 c:/program files (x86)/cypress/psoc creator/3.3/psoc creator/import/gnu/arm/4.9.3/bin/../lib/gcc/arm-none-eabi/4.9.3/../../../../arm-none-eabi/lib/armv7-m\libnosys.a(read.o)
 .debug_frame   0x000054f4       0x20 c:/program files (x86)/cypress/psoc creator/3.3/psoc creator/import/gnu/arm/4.9.3/bin/../lib/gcc/arm-none-eabi/4.9.3/../../../../arm-none-eabi/lib/armv7-m\libnosys.a(write.o)

.debug_str      0x00000000     0x44d0
 *(.debug_str)
 .debug_str     0x00000000      0xb06 .\CortexM3\ARM_GCC_493\Debug\main.o
                                0xbce (size before relaxing)
 .debug_str     0x00000b06       0x39 .\CortexM3\ARM_GCC_493\Debug\tacho.o
                                0x215 (size before relaxing)
 .debug_str     0x00000b3f       0x77 .\CortexM3\ARM_GCC_493\Debug\cymetadata.o
                                0x234 (size before relaxing)
 .debug_str     0x00000bb6      0x133 .\CortexM3\ARM_GCC_493\Debug\Cm3Start.o
                                0x315 (size before relaxing)
 .debug_str     0x00000ce9      0x17f .\CortexM3\ARM_GCC_493\Debug\CS301_Class.a(cyfitter_cfg.o)
                                0x376 (size before relaxing)
 .debug_str     0x00000e68      0x1cd .\CortexM3\ARM_GCC_493\Debug\CS301_Class.a(ADC.o)
                                0x3bd (size before relaxing)
 .debug_str     0x00001035      0x10e .\CortexM3\ARM_GCC_493\Debug\CS301_Class.a(isr_TS.o)
                                0x2f2 (size before relaxing)
 .debug_str     0x00001143      0x194 .\CortexM3\ARM_GCC_493\Debug\CS301_Class.a(Timer_TS.o)
                                0x363 (size before relaxing)
 .debug_str     0x000012d7      0x417 .\CortexM3\ARM_GCC_493\Debug\CS301_Class.a(USBUART.o)
                                0x629 (size before relaxing)
 .debug_str     0x000016ee      0x30e .\CortexM3\ARM_GCC_493\Debug\CS301_Class.a(USBUART_drv.o)
                                0x638 (size before relaxing)
 .debug_str     0x000019fc       0x82 .\CortexM3\ARM_GCC_493\Debug\CS301_Class.a(USBUART_episr.o)
                                0x305 (size before relaxing)
 .debug_str     0x00001a7e       0xae .\CortexM3\ARM_GCC_493\Debug\CS301_Class.a(USBUART_pm.o)
                                0x2a9 (size before relaxing)
 .debug_str     0x00001b2c      0x30d .\CortexM3\ARM_GCC_493\Debug\CS301_Class.a(USBUART_std.o)
                                0x798 (size before relaxing)
 .debug_str     0x00001e39       0x61 .\CortexM3\ARM_GCC_493\Debug\CS301_Class.a(USBUART_vnd.o)
                                0x2b5 (size before relaxing)