Archive member included because of file (symbol)

.\CortexM3\ARM_GCC_493\Debug\CS301_Class.a(cyfitter_cfg.o)
                              .\CortexM3\ARM_GCC_493\Debug\Cm3Start.o (cyfitter_cfg)
.\CortexM3\ARM_GCC_493\Debug\CS301_Class.a(ADC.o)
                              .\CortexM3\ARM_GCC_493\Debug\main.o (ADC_Start)
.\CortexM3\ARM_GCC_493\Debug\CS301_Class.a(isr_TS.o)
                              .\CortexM3\ARM_GCC_493\Debug\main.o (isr_TS_Start)
.\CortexM3\ARM_GCC_493\Debug\CS301_Class.a(Timer_TS.o)
                              .\CortexM3\ARM_GCC_493\Debug\main.o (Timer_TS_Start)
.\CortexM3\ARM_GCC_493\Debug\CS301_Class.a(USBUART.o)
                              .\CortexM3\ARM_GCC_493\Debug\main.o (USBUART_Start)
.\CortexM3\ARM_GCC_493\Debug\CS301_Class.a(USBUART_drv.o)
                              .\CortexM3\ARM_GCC_493\Debug\CS301_Class.a(USBUART.o) (USBUART_EP)
.\CortexM3\ARM_GCC_493\Debug\CS301_Class.a(USBUART_episr.o)
                              .\CortexM3\ARM_GCC_493\Debug\CS301_Class.a(USBUART.o) (USBUART_EP_1_ISR)
.\CortexM3\ARM_GCC_493\Debug\CS301_Class.a(USBUART_pm.o)
                              .\CortexM3\ARM_GCC_493\Debug\CS301_Class.a(USBUART.o) (USBUART_DP_ISR)
.\CortexM3\ARM_GCC_493\Debug\CS301_Class.a(USBUART_std.o)
                              .\CortexM3\ARM_GCC_493\Debug\CS301_Class.a(USBUART_drv.o) (USBUART_HandleStandardRqst)
.\CortexM3\ARM_GCC_493\Debug\CS301_Class.a(USBUART_vnd.o)
                              .\CortexM3\ARM_GCC_493\Debug\CS301_Class.a(USBUART_drv.o) (USBUART_HandleVendorRqst)
.\CortexM3\ARM_GCC_493\Debug\CS301_Class.a(ADC_SAR.o)
                              .\CortexM3\ARM_GCC_493\Debug\CS301_Class.a(ADC.o) (ADC_SAR_shift)
.\CortexM3\ARM_GCC_493\Debug\CS301_Class.a(ADC_TempBuf_dma.o)
                              .\CortexM3\ARM_GCC_493\Debug\CS301_Class.a(ADC.o) (ADC_TempBuf_DmaInitialize)
.\CortexM3\ARM_GCC_493\Debug\CS301_Class.a(ADC_FinalBuf_dma.o)
                              .\CortexM3\ARM_GCC_493\Debug\CS301_Class.a(ADC.o) (ADC_FinalBuf_DmaInitialize)
.\CortexM3\ARM_GCC_493\Debug\CS301_Class.a(ADC_IRQ.o)
                              .\CortexM3\ARM_GCC_493\Debug\CS301_Class.a(ADC.o) (ADC_IRQ_SetVector)
.\CortexM3\ARM_GCC_493\Debug\CS301_Class.a(USBUART_Dp.o)
                              .\CortexM3\ARM_GCC_493\Debug\CS301_Class.a(USBUART_pm.o) (USBUART_Dp_ClearInterrupt)
.\CortexM3\ARM_GCC_493\Debug\CS301_Class.a(CyBootAsmGnu.o)
                              .\CortexM3\ARM_GCC_493\Debug\CS301_Class.a(cyfitter_cfg.o) (CyDelayCycles)
.\CortexM3\ARM_GCC_493\Debug\CS301_Class.a(CyDmac.o)
                              .\CortexM3\ARM_GCC_493\Debug\Cm3Start.o (CyDmacConfigure)
.\CortexM3\ARM_GCC_493\Debug\CS301_Class.a(CyLib.o)
                              .\CortexM3\ARM_GCC_493\Debug\Cm3Start.o (CyResetStatus)
.\CortexM3\ARM_GCC_493\Debug\CS301_Class.a(cyPm.o)
                              .\CortexM3\ARM_GCC_493\Debug\CS301_Class.a(CyLib.o) (CyPmReadStatus)
.\CortexM3\ARM_GCC_493\Debug\CS301_Class.a(PWM_1.o)
                              .\CortexM3\ARM_GCC_493\Debug\main.o (PWM_1_Start)
.\CortexM3\ARM_GCC_493\Debug\CS301_Class.a(isr_eoc.o)
                              .\CortexM3\ARM_GCC_493\Debug\main.o (isr_eoc_StartEx)
.\CortexM3\ARM_GCC_493\Debug\CS301_Class.a(PWM_2.o)
                              .\CortexM3\ARM_GCC_493\Debug\main.o (PWM_2_Start)
.\CortexM3\ARM_GCC_493\Debug\CS301_Class.a(LED.o)
                              .\CortexM3\ARM_GCC_493\Debug\main.o (LED_Write)
.\CortexM3\ARM_GCC_493\Debug\CS301_Class.a(QuadDec_M1.o)
                              .\CortexM3\ARM_GCC_493\Debug\main.o (QuadDec_M1_Start)
.\CortexM3\ARM_GCC_493\Debug\CS301_Class.a(QuadDec_M2.o)
                              .\CortexM3\ARM_GCC_493\Debug\main.o (QuadDec_M2_Start)
.\CortexM3\ARM_GCC_493\Debug\CS301_Class.a(QuadDec_M1_Cnt16.o)
                              .\CortexM3\ARM_GCC_493\Debug\CS301_Class.a(QuadDec_M1.o) (QuadDec_M1_Cnt16_WriteCounter)
.\CortexM3\ARM_GCC_493\Debug\CS301_Class.a(QuadDec_M2_Cnt16.o)
                              .\CortexM3\ARM_GCC_493\Debug\CS301_Class.a(QuadDec_M2.o) (QuadDec_M2_Cnt16_WriteCounter)
.\CortexM3\ARM_GCC_493\Debug\CS301_Class.a(INV2.o)
                              .\CortexM3\ARM_GCC_493\Debug\main.o (INV2_Write)
.\CortexM3\ARM_GCC_493\Debug\CS301_Class.a(INV1.o)
                              .\CortexM3\ARM_GCC_493\Debug\main.o (INV1_Write)
.\CortexM3\ARM_GCC_493\Debug\CS301_Class.a(ADC_DEBUG.o)
                              .\CortexM3\ARM_GCC_493\Debug\main.o (ADC_DEBUG_Write)
.\CortexM3\ARM_GCC_493\Debug\CS301_Class.a(USBUART_cdc.o)
                              .\CortexM3\ARM_GCC_493\Debug\CS301_Class.a(USBUART_std.o) (USBUART_Cdc_EpInit)
.\CortexM3\ARM_GCC_493\Debug\CS301_Class.a(USBUART_cls.o)
                              .\CortexM3\ARM_GCC_493\Debug\CS301_Class.a(USBUART_drv.o) (USBUART_DispatchClassRqst)
.\CortexM3\ARM_GCC_493\Debug\CS301_Class.a(USBUART_descr.o)
[...]
Memory Configuration

Name             Origin             Length             Attributes
rom              0x00000000         0x00040000         xr
ram              0x1fff8000         0x00010000         xrw
*default*        0x00000000         0xffffffff

Linker script and memory map

LOAD c:/program files (x86)/cypress/psoc creator/3.3/psoc creator/import/gnu/arm/4.9.3/bin/../lib/gcc/arm-none-eabi/4.9.3/armv7-m/crti.o
LOAD c:/program files (x86)/cypress/psoc creator/3.3/psoc creator/import/gnu/arm/4.9.3/bin/../lib/gcc/arm-none-eabi/4.9.3/armv7-m/crtbegin.o
LOAD c:/program files (x86)/cypress/psoc creator/3.3/psoc creator/import/gnu/arm/4.9.3/bin/../lib/gcc/arm-none-eabi/4.9.3/../../../../arm-none-eabi/lib/armv7-m/crt0.o
START GROUP
LOAD .\CortexM3\ARM_GCC_493\Debug\main.o
LOAD .\CortexM3\ARM_GCC_493\Debug\tacho.o
LOAD .\CortexM3\ARM_GCC_493\Debug\cymetadata.o
LOAD .\CortexM3\ARM_GCC_493\Debug\Cm3Start.o
LOAD .\CortexM3\ARM_GCC_493\Debug\CS301_Class.a
LOAD C:\Program Files (x86)\Cypress\PSoC Creator\3.3\PSoC Creator\psoc\content\cycomponentlibrary\CyComponentLibrary.cylib\CortexM3\ARM_GCC_493\Debug\CyComponentLibrary.a
END GROUP
START GROUP
LOAD c:/program files (x86)/cypress/psoc creator/3.3/psoc creator/import/gnu/arm/4.9.3/bin/../lib/gcc/arm-none-eabi/4.9.3/armv7-m\libgcc.a
LOAD c:/program files (x86)/cypress/psoc creator/3.3/psoc creator/import/gnu/arm/4.9.3/bin/../lib/gcc/arm-none-eabi/4.9.3/../../../../arm-none-eabi/lib/armv7-m\libg_nano.a
LOAD c:/program files (x86)/cypress/psoc creator/3.3/psoc creator/import/gnu/arm/4.9.3/bin/../lib/gcc/arm-none-eabi/4.9.3/../../../../arm-none-eabi/lib/armv7-m\libc_nano.a
END GROUP
START GROUP
LOAD c:/program files (x86)/cypress/psoc creator/3.3/psoc creator/import/gnu/arm/4.9.3/bin/../lib/gcc/arm-none-eabi/4.9.3/armv7-m\libgcc.a
LOAD c:/program files (x86)/cypress/psoc creator/3.3/psoc creator/import/gnu/arm/4.9.3/bin/../lib/gcc/arm-none-eabi/4.9.3/../../../../arm-none-eabi/lib/armv7-m\libc_nano.a
END GROUP
LOAD c:/program files (x86)/cypress/psoc creator/3.3/psoc creator/import/gnu/arm/4.9.3/bin/../lib/gcc/arm-none-eabi/4.9.3/armv7-m/crtend.o
LOAD c:/program files (x86)/cypress/psoc creator/3.3/psoc creator/import/gnu/arm/4.9.3/bin/../lib/gcc/arm-none-eabi/4.9.3/armv7-m/crtn.o
START GROUP
LOAD c:/program files (x86)/cypress/psoc creator/3.3/psoc creator/import/gnu/arm/4.9.3/bin/../lib/gcc/arm-none-eabi/4.9.3/armv7-m\libgcc.a
LOAD c:/program files (x86)/cypress/psoc creator/3.3/psoc creator/import/gnu/arm/4.9.3/bin/../lib/gcc/arm-none-eabi/4.9.3/../../../../arm-none-eabi/lib/armv7-m\libc.a
LOAD c:/program files (x86)/cypress/psoc creator/3.3/psoc creator/import/gnu/arm/4.9.3/bin/../lib/gcc/arm-none-eabi/4.9.3/../../../../arm-none-eabi/lib/armv7-m\libnosys.a
END GROUP
                0x00000000                CY_APPL_ORIGIN = 0x0
                0x00000100                CY_FLASH_ROW_SIZE = 0x100
                0x00000020                CY_ECC_ROW_SIZE = 0x20
                0x00000000                CY_EE_IN_BTLDR = 0x0
                0x00000000                CY_APPL_LOADABLE = 0x0
                0x00000800                CY_EE_SIZE = 0x800
                0x00000001                CY_APPL_NUM = 0x1
                0x00000001                CY_APPL_MAX = 0x1
                0x00000040                CY_METADATA_SIZE = 0x40
                0x00000000                CY_APPL_LOADABLE = 0x0
                0x00000000                CY_CHECKSUM_EXCLUDE_SIZE = ALIGN (0x0, CY_FLASH_ROW_SIZE)
                0x1fff82c8                PROVIDE (__cy_heap_start, _end)
                0x00000001                PROVIDE (__cy_region_num, ((__cy_regions_end - __cy_regions) / 0x10))
                0x20008000                PROVIDE (__cy_stack, (ORIGIN (ram) + 0x10000))
                0x20007800                PROVIDE (__cy_heap_end, (__cy_stack - 0x800))

.cybootloader   0x00000000        0x0
 *(.cybootloader)
                0x00000000                appl1_start = CY_APPL_ORIGIN?CY_APPL_ORIGIN:ALIGN (CY_FLASH_ROW_SIZE)
                0x0001ff00                appl2_start = (appl1_start + ALIGN ((((0x40000 - appl1_start) - (0x2 * CY_FLASH_ROW_SIZE)) / 0x2), CY_FLASH_ROW_SIZE))
                0x00000000                appl_start = (CY_APPL_NUM == 0x1)?appl1_start:appl2_start
                0x00000000                ecc_offset = ((appl_start / CY_FLASH_ROW_SIZE) * CY_ECC_ROW_SIZE)
                0x00000000                ee_offset = (CY_APPL_LOADABLE && ! (CY_EE_IN_BTLDR))?((CY_EE_SIZE / CY_APPL_MAX) * (CY_APPL_NUM - 0x1)):0x0
                0x00000800                ee_size = (CY_APPL_LOADABLE && ! (CY_EE_IN_BTLDR))?(CY_EE_SIZE / CY_APPL_MAX):CY_EE_SIZE
                0x00000000                PROVIDE (CY_ECC_OFFSET, ecc_offset)

.text           0x00000000     0x53e6
 CREATE_OBJECT_SYMBOLS
                0x00000000                PROVIDE (__cy_interrupt_vector, RomVectors)
 *(.romvectors)
 .romvectors    0x00000000       0x10 .\CortexM3\ARM_GCC_493\Debug\Cm3Start.o
                0x00000000                RomVectors
                0x00000001                ASSERT ((. != __cy_interrupt_vector), No interrupt vector)
                0x00000001                ASSERT (CY_APPL_ORIGIN?(SIZEOF (.cybootloader) <= CY_APPL_ORIGIN):0x1, Wrong image location)
                0x00000010                PROVIDE (__cy_reset, Reset)
 *(.text.Reset)
 .text.Reset    0x00000010       0x18 .\CortexM3\ARM_GCC_493\Debug\Cm3Start.o
                0x00000010                Reset
                0x00000001                ASSERT ((. != __cy_reset), No reset code)
 *(.dma_init)
                0x00000001                ASSERT ((((appl_start + .) <= 0x10000) || 0x1), DMA Init must be within the first 64k of flash)
 *(.text .text.* .gnu.linkonce.t.*)
 .text          0x00000028       0x5c c:/program files (x86)/cypress/psoc creator/3.3/psoc creator/import/gnu/arm/4.9.3/bin/../lib/gcc/arm-none-eabi/4.9.3/armv7-m/crtbegin.o
 .text.ENCODER_ISR
                0x00000084       0x30 .\CortexM3\ARM_GCC_493\Debug\main.o
                0x00000084                ENCODER_ISR
 .text.ADC_ISR  0x000000b4       0x18 .\CortexM3\ARM_GCC_493\Debug\main.o
                0x000000b4                ADC_ISR
 .text.main     0x000000cc      0x1d8 .\CortexM3\ARM_GCC_493\Debug\main.o
                0x000000cc                main
 .text.getValForChannel
                0x000002a4       0x24 .\CortexM3\ARM_GCC_493\Debug\main.o
                0x000002a4                getValForChannel
 .text.updateSensorValues
                0x000002c8       0xb4 .\CortexM3\ARM_GCC_493\Debug\main.o
                0x000002c8                updateSensorValues
 .text.goStraightForBlock
                0x0000037c      0x1b8 .\CortexM3\ARM_GCC_493\Debug\main.o
                0x0000037c                goStraightForBlock
 .text.turnForDegrees
                0x00000534       0xb0 .\CortexM3\ARM_GCC_493\Debug\main.o
                0x00000534                turnForDegrees
 .text.sharpTurnLeft
                0x000005e4       0x8c .\CortexM3\ARM_GCC_493\Debug\main.o
                0x000005e4                sharpTurnLeft
 .text.sharpTurnRight
                0x00000670       0x8c .\CortexM3\ARM_GCC_493\Debug\main.o
                0x00000670                sharpTurnRight
 .text.uTurn    0x000006fc      0x16c .\CortexM3\ARM_GCC_493\Debug\main.o
                0x000006fc                uTurn
 .text.changeLeftWheelSpeed
                0x00000868       0x2c .\CortexM3\ARM_GCC_493\Debug\main.o
                0x00000868                changeLeftWheelSpeed
 .text.changeRightWheelSpeed
                0x00000894       0x2c .\CortexM3\ARM_GCC_493\Debug\main.o
                0x00000894                changeRightWheelSpeed
 .text.getDistance
                0x000008c0       0xd0 .\CortexM3\ARM_GCC_493\Debug\main.o
                0x000008c0                getDistance
 .text.correctSpeed
                0x00000990       0x54 .\CortexM3\ARM_GCC_493\Debug\main.o
                0x00000990                correctSpeed
 .text.setWheelDirection
                0x000009e4       0x2c .\CortexM3\ARM_GCC_493\Debug\main.o
                0x000009e4                setWheelDirection
 .text.turnLeft
                0x00000a10       0x40 .\CortexM3\ARM_GCC_493\Debug\main.o
                0x00000a10                turnLeft
 .text.turnRight
                0x00000a50       0x40 .\CortexM3\ARM_GCC_493\Debug\main.o
                0x00000a50                turnRight
 .text.usbPutString
                0x00000a90       0x14 .\CortexM3\ARM_GCC_493\Debug\main.o
                0x00000a90                usbPutString
 .text.IntDefaultHandler
                0x00000aa4        0x8 .\CortexM3\ARM_GCC_493\Debug\Cm3Start.o
                0x00000aa4                IntDefaultHandler
 .text.Start_c  0x00000aac       0x98 .\CortexM3\ARM_GCC_493\Debug\Cm3Start.o
                0x00000aac                Start_c
 .text.initialize_psoc
                0x00000b44       0x90 .\CortexM3\ARM_GCC_493\Debug\Cm3Start.o
                0x00000b44                initialize_psoc
 .text.CYMEMZERO
                0x00000bd4       0x1c .\CortexM3\ARM_GCC_493\Debug\CS301_Class.a(cyfitter_cfg.o)
 .text.CYCONFIGCPY
                0x00000bf0       0x1c .\CortexM3\ARM_GCC_493\Debug\CS301_Class.a(cyfitter_cfg.o)
 .text.CyClockStartupError
                0x00000c0c        0xc .\CortexM3\ARM_GCC_493\Debug\CS301_Class.a(cyfitter_cfg.o)
 .text.cfg_write_bytes32
                0x00000c18       0x74 .\CortexM3\ARM_GCC_493\Debug\CS301_Class.a(cyfitter_cfg.o)
 .text.ClockSetup
                0x00000c8c      0x154 .\CortexM3\ARM_GCC_493\Debug\CS301_Class.a(cyfitter_cfg.o)
 .text.AnalogSetDefault
                0x00000de0       0xc4 .\CortexM3\ARM_GCC_493\Debug\CS301_Class.a(cyfitter_cfg.o)
 .text.cyfitter_cfg
                0x00000ea4      0x1dc .\CortexM3\ARM_GCC_493\Debug\CS301_Class.a(cyfitter_cfg.o)
                0x00000ea4                cyfitter_cfg
 .text.ADC_Init
                0x00001080       0x50 .\CortexM3\ARM_GCC_493\Debug\CS301_Class.a(ADC.o)
                0x00001080                ADC_Init
 .text.ADC_Enable
                0x000010d0      0x13c .\CortexM3\ARM_GCC_493\Debug\CS301_Class.a(ADC.o)
                0x000010d0                ADC_Enable
 .text.ADC_Start
                0x0000120c       0x2c .\CortexM3\ARM_GCC_493\Debug\CS301_Class.a(ADC.o)
                0x0000120c                ADC_Start
 .text.ADC_StartConvert
                0x00001238        0xc .\CortexM3\ARM_GCC_493\Debug\CS301_Class.a(ADC.o)
                0x00001238                ADC_StartConvert
 .text.ADC_GetResult16
                0x00001244       0x3c .\CortexM3\ARM_GCC_493\Debug\CS301_Class.a(ADC.o)
                0x00001244                ADC_GetResult16
 .text.ADC_CountsTo_mVolts
                0x00001280       0x20 .\CortexM3\ARM_GCC_493\Debug\CS301_Class.a(ADC.o)
                0x00001280                ADC_CountsTo_mVolts
 .text.isr_TS_Start
                0x000012a0       0x20 .\CortexM3\ARM_GCC_493\Debug\CS301_Class.a(isr_TS.o)
                0x000012a0                isr_TS_Start
 .text.isr_TS_StartEx
                0x000012c0       0x24 .\CortexM3\ARM_GCC_493\Debug\CS301_Class.a(isr_TS.o)
                0x000012c0                isr_TS_StartEx
 .text.isr_TS_Interrupt
                0x000012e4       0x1c .\CortexM3\ARM_GCC_493\Debug\CS301_Class.a(isr_TS.o)
                0x000012e4                isr_TS_Interrupt
 .text.isr_TS_SetVector
                0x00001300       0x24 .\CortexM3\ARM_GCC_493\Debug\CS301_Class.a(isr_TS.o)
                0x00001300                isr_TS_SetVector
 .text.isr_TS_SetPriority
                0x00001324       0x24 .\CortexM3\ARM_GCC_493\Debug\CS301_Class.a(isr_TS.o)
                0x00001324                isr_TS_SetPriority
 .text.isr_TS_Enable
                0x00001348       0x18 .\CortexM3\ARM_GCC_493\Debug\CS301_Class.a(isr_TS.o)
                0x00001348                isr_TS_Enable
 .text.isr_TS_Disable
                0x00001360       0x18 .\CortexM3\ARM_GCC_493\Debug\CS301_Class.a(isr_TS.o)
                0x00001360                isr_TS_Disable
 .text.Timer_TS_Init
                0x00001378       0x9c .\CortexM3\ARM_GCC_493\Debug\CS301_Class.a(Timer_TS.o)
                0x00001378                Timer_TS_Init
 .text.Timer_TS_Enable
                0x00001414       0x48 .\CortexM3\ARM_GCC_493\Debug\CS301_Class.a(Timer_TS.o)
                0x00001414                Timer_TS_Enable
 .text.Timer_TS_Start
                0x0000145c       0x20 .\CortexM3\ARM_GCC_493\Debug\CS301_Class.a(Timer_TS.o)
                0x0000145c                Timer_TS_Start
 .text.Timer_TS_SetInterruptMode
                0x0000147c       0x20 .\CortexM3\ARM_GCC_493\Debug\CS301_Class.a(Timer_TS.o)
                0x0000147c                Timer_TS_SetInterruptMode
 .text.Timer_TS_WritePeriod
                0x0000149c       0x24 .\CortexM3\ARM_GCC_493\Debug\CS301_Class.a(Timer_TS.o)
                0x0000149c                Timer_TS_WritePeriod
 .text.Timer_TS_WriteCounter
                0x000014c0       0x20 .\CortexM3\ARM_GCC_493\Debug\CS301_Class.a(Timer_TS.o)
                0x000014c0                Timer_TS_WriteCounter
 .text.USBUART_Start
                0x000014e0       0x38 .\CortexM3\ARM_GCC_493\Debug\CS301_Class.a(USBUART.o)
                0x000014e0                USBUART_Start
 .text.USBUART_Init
                0x00001518      0x1a0 .\CortexM3\ARM_GCC_493\Debug\CS301_Class.a(USBUART.o)
                0x00001518                USBUART_Init
 .text.USBUART_InitComponent
                0x000016b8      0x100 .\CortexM3\ARM_GCC_493\Debug\CS301_Class.a(USBUART.o)
                0x000016b8                USBUART_InitComponent
 .text.USBUART_ReInitComponent
                0x000017b8       0x68 .\CortexM3\ARM_GCC_493\Debug\CS301_Class.a(USBUART.o)
                0x000017b8                USBUART_ReInitComponent
 .text.USBUART_EP_0_ISR
                0x00001820       0xf8 .\CortexM3\ARM_GCC_493\Debug\CS301_Class.a(USBUART_drv.o)
                0x00001820                USBUART_EP_0_ISR
 .text.USBUART_HandleSetup
                0x00001918       0x88 .\CortexM3\ARM_GCC_493\Debug\CS301_Class.a(USBUART_drv.o)
                0x00001918                USBUART_HandleSetup
 .text.USBUART_HandleIN
                0x000019a0       0x4c .\CortexM3\ARM_GCC_493\Debug\CS301_Class.a(USBUART_drv.o)
                0x000019a0                USBUART_HandleIN
 .text.USBUART_HandleOUT
                0x000019ec       0x58 .\CortexM3\ARM_GCC_493\Debug\CS301_Class.a(USBUART_drv.o)
                0x000019ec                USBUART_HandleOUT
 .text.USBUART_LoadEP0
                0x00001a44       0xd0 .\CortexM3\ARM_GCC_493\Debug\CS301_Class.a(USBUART_drv.o)
                0x00001a44                USBUART_LoadEP0
 .text.USBUART_InitControlRead
                0x00001b14       0x70 .\CortexM3\ARM_GCC_493\Debug\CS301_Class.a(USBUART_drv.o)
                0x00001b14                USBUART_InitControlRead
 .text.USBUART_InitZeroLengthControlTransfer
                0x00001b84       0x44 .\CortexM3\ARM_GCC_493\Debug\CS301_Class.a(USBUART_drv.o)
                0x00001b84                USBUART_InitZeroLengthControlTransfer
 .text.USBUART_ControlReadDataStage
                0x00001bc8        0xc .\CortexM3\ARM_GCC_493\Debug\CS301_Class.a(USBUART_drv.o)
                0x00001bc8                USBUART_ControlReadDataStage
 .text.USBUART_ControlReadStatusStage
                0x00001bd4       0x40 .\CortexM3\ARM_GCC_493\Debug\CS301_Class.a(USBUART_drv.o)
                0x00001bd4                USBUART_ControlReadStatusStage
 .text.USBUART_InitControlWrite
                0x00001c14       0x64 .\CortexM3\ARM_GCC_493\Debug\CS301_Class.a(USBUART_drv.o)
                0x00001c14                USBUART_InitControlWrite
 .text.USBUART_ControlWriteDataStage
                0x00001c78       0xb4 .\CortexM3\ARM_GCC_493\Debug\CS301_Class.a(USBUART_drv.o)
                0x00001c78                USBUART_ControlWriteDataStage
 .text.USBUART_ControlWriteStatusStage
                0x00001d2c       0x20 .\CortexM3\ARM_GCC_493\Debug\CS301_Class.a(USBUART_drv.o)
                0x00001d2c                USBUART_ControlWriteStatusStage
 .text.USBUART_InitNoDataControlTransfer
                0x00001d4c       0x38 .\CortexM3\ARM_GCC_493\Debug\CS301_Class.a(USBUART_drv.o)
                0x00001d4c                USBUART_InitNoDataControlTransfer
 .text.USBUART_NoDataControlStatusStage
                0x00001d84       0x48 .\CortexM3\ARM_GCC_493\Debug\CS301_Class.a(USBUART_drv.o)
                0x00001d84                USBUART_NoDataControlStatusStage
 .text.USBUART_UpdateStatusBlock
                0x00001dcc       0x40 .\CortexM3\ARM_GCC_493\Debug\CS301_Class.a(USBUART_drv.o)
                0x00001dcc                USBUART_UpdateStatusBlock
 .text.USBUART_InitializeStatusBlock
                0x00001e0c       0x34 .\CortexM3\ARM_GCC_493\Debug\CS301_Class.a(USBUART_drv.o)
                0x00001e0c                USBUART_InitializeStatusBlock
 .text.USBUART_EP_1_ISR
                0x00001e40       0x54 .\CortexM3\ARM_GCC_493\Debug\CS301_Class.a(USBUART_episr.o)
                0x00001e40                USBUART_EP_1_ISR
 .text.USBUART_EP_2_ISR
                0x00001e94       0x54 .\CortexM3\ARM_GCC_493\Debug\CS301_Class.a(USBUART_episr.o)
                0x00001e94                USBUART_EP_2_ISR
 .text.USBUART_EP_3_ISR
                0x00001ee8       0x5c .\CortexM3\ARM_GCC_493\Debug\CS301_Class.a(USBUART_episr.o)
                0x00001ee8                USBUART_EP_3_ISR
 .text.USBUART_SOF_ISR
                0x00001f44        0xc .\CortexM3\ARM_GCC_493\Debug\CS301_Class.a(USBUART_episr.o)
                0x00001f44                USBUART_SOF_ISR
 .text.USBUART_BUS_RESET_ISR
                0x00001f50        0xc .\CortexM3\ARM_GCC_493\Debug\CS301_Class.a(USBUART_episr.o)
                0x00001f50                USBUART_BUS_RESET_ISR
 .text.USBUART_DP_ISR
                0x00001f5c        0xc .\CortexM3\ARM_GCC_493\Debug\CS301_Class.a(USBUART_pm.o)
                0x00001f5c                USBUART_DP_ISR
 .text.USBUART_HandleStandardRqst
                0x00001f68      0x48c .\CortexM3\ARM_GCC_493\Debug\CS301_Class.a(USBUART_std.o)
                0x00001f68                USBUART_HandleStandardRqst
 .text.USBUART_ReadDieID
                0x000023f4       0xd4 .\CortexM3\ARM_GCC_493\Debug\CS301_Class.a(USBUART_std.o)
                0x000023f4                USBUART_ReadDieID
 .text.USBUART_ConfigReg
                0x000024c8      0x11c .\CortexM3\ARM_GCC_493\Debug\CS301_Class.a(USBUART_std.o)
                0x000024c8                USBUART_ConfigReg
 .text.USBUART_Config
                0x000025e4      0x394 .\CortexM3\ARM_GCC_493\Debug\CS301_Class.a(USBUART_std.o)
                0x000025e4                USBUART_Config
 .text.USBUART_ConfigAltChanged
                0x00002978      0x23c .\CortexM3\ARM_GCC_493\Debug\CS301_Class.a(USBUART_std.o)
                0x00002978                USBUART_ConfigAltChanged
 .text.USBUART_GetConfigTablePtr
                0x00002bb4       0x54 .\CortexM3\ARM_GCC_493\Debug\CS301_Class.a(USBUART_std.o)
                0x00002bb4                USBUART_GetConfigTablePtr
 .text.USBUART_GetDeviceTablePtr
                0x00002c08       0x24 .\CortexM3\ARM_GCC_493\Debug\CS301_Class.a(USBUART_std.o)
                0x00002c08                USBUART_GetDeviceTablePtr
 .text.USBUART_GetInterfaceClassTablePtr
                0x00002c2c       0x4c .\CortexM3\ARM_GCC_493\Debug\CS301_Class.a(USBUART_std.o)
                0x00002c2c                USBUART_GetInterfaceClassTablePtr
 .text.USBUART_SetEndpointHalt
                0x00002c78       0xdc .\CortexM3\ARM_GCC_493\Debug\CS301_Class.a(USBUART_std.o)
                0x00002c78                USBUART_SetEndpointHalt
 .text.USBUART_ClearEndpointHalt
                0x00002d54      0x130 .\CortexM3\ARM_GCC_493\Debug\CS301_Class.a(USBUART_std.o)
                0x00002d54                USBUART_ClearEndpointHalt
 .text.USBUART_ValidateAlternateSetting
                0x00002e84       0x70 .\CortexM3\ARM_GCC_493\Debug\CS301_Class.a(USBUART_std.o)
                0x00002e84                USBUART_ValidateAlternateSetting
 .text.USBUART_HandleVendorRqst
                0x00002ef4       0x54 .\CortexM3\ARM_GCC_493\Debug\CS301_Class.a(USBUART_vnd.o)
                0x00002ef4                USBUART_HandleVendorRqst
 .text.ADC_SAR_Start
                0x00002f48       0x20 .\CortexM3\ARM_GCC_493\Debug\CS301_Class.a(ADC_SAR.o)
                0x00002f48                ADC_SAR_Start
 .text.ADC_SAR_Init
                0x00002f68       0x2c .\CortexM3\ARM_GCC_493\Debug\CS301_Class.a(ADC_SAR.o)
                0x00002f68                ADC_SAR_Init
 .text.ADC_SAR_Enable
                0x00002f94       0xc0 .\CortexM3\ARM_GCC_493\Debug\CS301_Class.a(ADC_SAR.o)
                0x00002f94                ADC_SAR_Enable
 .text.ADC_SAR_SetResolution
                0x00003054       0x50 .\CortexM3\ARM_GCC_493\Debug\CS301_Class.a(ADC_SAR.o)
                0x00003054                ADC_SAR_SetResolution
 .text.ADC_SAR_StartConvert
                0x000030a4       0x20 .\CortexM3\ARM_GCC_493\Debug\CS301_Class.a(ADC_SAR.o)
                0x000030a4                ADC_SAR_StartConvert
 .text.ADC_SAR_CalcGain
                0x000030c4       0x80 .\CortexM3\ARM_GCC_493\Debug\CS301_Class.a(ADC_SAR.o)
 .text.ADC_SAR_CountsTo_mVolts
                0x00003144       0x8c .\CortexM3\ARM_GCC_493\Debug\CS301_Class.a(ADC_SAR.o)
                0x00003144                ADC_SAR_CountsTo_mVolts
 .text.ADC_TempBuf_DmaInitialize
                0x000031d0       0x68 .\CortexM3\ARM_GCC_493\Debug\CS301_Class.a(ADC_TempBuf_dma.o)
                0x000031d0                ADC_TempBuf_DmaInitialize
 .text.ADC_FinalBuf_DmaInitialize
                0x00003238       0x68 .\CortexM3\ARM_GCC_493\Debug\CS301_Class.a(ADC_FinalBuf_dma.o)
                0x00003238                ADC_FinalBuf_DmaInitialize
 .text.ADC_IRQ_SetVector
                0x000032a0       0x24 .\CortexM3\ARM_GCC_493\Debug\CS301_Class.a(ADC_IRQ.o)
                0x000032a0                ADC_IRQ_SetVector
 .text.ADC_IRQ_SetPriority
                0x000032c4       0x24 .\CortexM3\ARM_GCC_493\Debug\CS301_Class.a(ADC_IRQ.o)
                0x000032c4                ADC_IRQ_SetPriority
 .text.ADC_IRQ_Enable
                0x000032e8       0x18 .\CortexM3\ARM_GCC_493\Debug\CS301_Class.a(ADC_IRQ.o)
                0x000032e8                ADC_IRQ_Enable
 .text.USBUART_Dp_ClearInterrupt
                0x00003300       0x20 .\CortexM3\ARM_GCC_493\Debug\CS301_Class.a(USBUART_Dp.o)
                0x00003300                USBUART_Dp_ClearInterrupt
 .text          0x00003320       0x20 .\CortexM3\ARM_GCC_493\Debug\CS301_Class.a(CyBootAsmGnu.o)
                0x00003320                CyDelayCycles
                0x00003330                CyEnterCriticalSection
                0x00003338                CyExitCriticalSection
 .text.CyDmacConfigure
                0x00003340       0x5c .\CortexM3\ARM_GCC_493\Debug\CS301_Class.a(CyDmac.o)
                0x00003340                CyDmacConfigure
 .text.CyDmaChEnable
                0x0000339c       0x8c .\CortexM3\ARM_GCC_493\Debug\CS301_Class.a(CyDmac.o)
                0x0000339c                CyDmaChEnable
 .text.CyDmaClearPendingDrq
                0x00003428       0x64 .\CortexM3\ARM_GCC_493\Debug\CS301_Class.a(CyDmac.o)
                0x00003428                CyDmaClearPendingDrq
 .text.CyDmaChPriority
                0x0000348c       0x60 .\CortexM3\ARM_GCC_493\Debug\CS301_Class.a(CyDmac.o)
                0x0000348c                CyDmaChPriority
 .text.CyDmaChSetExtendedAddress
                0x000034ec       0x7c .\CortexM3\ARM_GCC_493\Debug\CS301_Class.a(CyDmac.o)
                0x000034ec                CyDmaChSetExtendedAddress
 .text.CyDmaChSetInitialTd
                0x00003568       0x3c .\CortexM3\ARM_GCC_493\Debug\CS301_Class.a(CyDmac.o)
                0x00003568                CyDmaChSetInitialTd
 .text.CyDmaChSetConfiguration
                0x000035a4       0xa0 .\CortexM3\ARM_GCC_493\Debug\CS301_Class.a(CyDmac.o)
                0x000035a4                CyDmaChSetConfiguration
 .text.CyDmaTdAllocate
                0x00003644       0x5c .\CortexM3\ARM_GCC_493\Debug\CS301_Class.a(CyDmac.o)
                0x00003644                CyDmaTdAllocate
 .text.CyDmaTdSetConfiguration
                0x000036a0       0x80 .\CortexM3\ARM_GCC_493\Debug\CS301_Class.a(CyDmac.o)
                0x000036a0                CyDmaTdSetConfiguration
 .text.CyDmaTdSetAddress
                0x00003720       0x5c .\CortexM3\ARM_GCC_493\Debug\CS301_Class.a(CyDmac.o)
                0x00003720                CyDmaTdSetAddress
 .text.CyHalt   0x0000377c       0x18 .\CortexM3\ARM_GCC_493\Debug\CS301_Class.a(CyLib.o)
                0x0000377c                CyHalt
 .text.CyDelay  0x00003794       0x44 .\CortexM3\ARM_GCC_493\Debug\CS301_Class.a(CyLib.o)
                0x00003794                CyDelay
 .text.CyDelayUs
                0x000037d8       0x24 .\CortexM3\ARM_GCC_493\Debug\CS301_Class.a(CyLib.o)
                0x000037d8                CyDelayUs
 .text.CyIntSetVector
                0x000037fc       0x50 .\CortexM3\ARM_GCC_493\Debug\CS301_Class.a(CyLib.o)
                0x000037fc                CyIntSetVector
 .text.CyIntSetPriority
                0x0000384c       0x44 .\CortexM3\ARM_GCC_493\Debug\CS301_Class.a(CyLib.o)
                0x0000384c                CyIntSetPriority
 .text.CyGetUniqueId
                0x00003890       0xc4 .\CortexM3\ARM_GCC_493\Debug\CS301_Class.a(CyLib.o)
                0x00003890                CyGetUniqueId
 .text.PWM_1_Start
                0x00003954       0x20 .\CortexM3\ARM_GCC_493\Debug\CS301_Class.a(PWM_1.o)
                0x00003954                PWM_1_Start
 .text.PWM_1_Init
                0x00003974       0xc0 .\CortexM3\ARM_GCC_493\Debug\CS301_Class.a(PWM_1.o)
                0x00003974                PWM_1_Init
 .text.PWM_1_Enable
                0x00003a34       0x48 .\CortexM3\ARM_GCC_493\Debug\CS301_Class.a(PWM_1.o)
                0x00003a34                PWM_1_Enable
 .text.PWM_1_WritePeriod
                0x00003a7c       0x20 .\CortexM3\ARM_GCC_493\Debug\CS301_Class.a(PWM_1.o)
                0x00003a7c                PWM_1_WritePeriod
 .text.PWM_1_WriteCompare
                0x00003a9c       0x20 .\CortexM3\ARM_GCC_493\Debug\CS301_Class.a(PWM_1.o)
                0x00003a9c                PWM_1_WriteCompare
 .text.PWM_1_SetInterruptMode
                0x00003abc       0x20 .\CortexM3\ARM_GCC_493\Debug\CS301_Class.a(PWM_1.o)
                0x00003abc                PWM_1_SetInterruptMode
 .text.PWM_1_ReadCompare
                0x00003adc       0x18 .\CortexM3\ARM_GCC_493\Debug\CS301_Class.a(PWM_1.o)
                0x00003adc                PWM_1_ReadCompare
 .text.isr_eoc_StartEx
                0x00003af4       0x24 .\CortexM3\ARM_GCC_493\Debug\CS301_Class.a(isr_eoc.o)
                0x00003af4                isr_eoc_StartEx
 .text.isr_eoc_SetVector
                0x00003b18       0x24 .\CortexM3\ARM_GCC_493\Debug\CS301_Class.a(isr_eoc.o)
                0x00003b18                isr_eoc_SetVector
 .text.isr_eoc_SetPriority
                0x00003b3c       0x24 .\CortexM3\ARM_GCC_493\Debug\CS301_Class.a(isr_eoc.o)
                0x00003b3c                isr_eoc_SetPriority
 .text.isr_eoc_Enable
                0x00003b60       0x18 .\CortexM3\ARM_GCC_493\Debug\CS301_Class.a(isr_eoc.o)
                0x00003b60                isr_eoc_Enable
 .text.isr_eoc_Disable
                0x00003b78       0x18 .\CortexM3\ARM_GCC_493\Debug\CS301_Class.a(isr_eoc.o)
                0x00003b78                isr_eoc_Disable
 .text.PWM_2_Start
                0x00003b90       0x20 .\CortexM3\ARM_GCC_493\Debug\CS301_Class.a(PWM_2.o)
                0x00003b90                PWM_2_Start
 .text.PWM_2_Init
                0x00003bb0       0x94 .\CortexM3\ARM_GCC_493\Debug\CS301_Class.a(PWM_2.o)
                0x00003bb0                PWM_2_Init
 .text.PWM_2_Enable
                0x00003c44       0x20 .\CortexM3\ARM_GCC_493\Debug\CS301_Class.a(PWM_2.o)
                0x00003c44                PWM_2_Enable
 .text.PWM_2_WriteCounter
                0x00003c64       0x20 .\CortexM3\ARM_GCC_493\Debug\CS301_Class.a(PWM_2.o)
                0x00003c64                PWM_2_WriteCounter
 .text.PWM_2_ClearFIFO
                0x00003c84       0x1c .\CortexM3\ARM_GCC_493\Debug\CS301_Class.a(PWM_2.o)
                0x00003c84                PWM_2_ClearFIFO
 .text.PWM_2_WritePeriod
                0x00003ca0       0x20 .\CortexM3\ARM_GCC_493\Debug\CS301_Class.a(PWM_2.o)
                0x00003ca0                PWM_2_WritePeriod
 .text.PWM_2_WriteCompare
                0x00003cc0       0x20 .\CortexM3\ARM_GCC_493\Debug\CS301_Class.a(PWM_2.o)
                0x00003cc0                PWM_2_WriteCompare
 .text.PWM_2_SetInterruptMode
                0x00003ce0       0x20 .\CortexM3\ARM_GCC_493\Debug\CS301_Class.a(PWM_2.o)
                0x00003ce0                PWM_2_SetInterruptMode
 .text.PWM_2_ReadStatusRegister
                0x00003d00       0x18 .\CortexM3\ARM_GCC_493\Debug\CS301_Class.a(PWM_2.o)
                0x00003d00                PWM_2_ReadStatusRegister
 .text.PWM_2_ReadCapture
                0x00003d18       0x18 .\CortexM3\ARM_GCC_493\Debug\CS301_Class.a(PWM_2.o)
                0x00003d18                PWM_2_ReadCapture
 .text.PWM_2_ReadCompare
                0x00003d30       0x18 .\CortexM3\ARM_GCC_493\Debug\CS301_Class.a(PWM_2.o)
                0x00003d30                PWM_2_ReadCompare
 .text.LED_Write
                0x00003d48       0x3c .\CortexM3\ARM_GCC_493\Debug\CS301_Class.a(LED.o)
                0x00003d48                LED_Write
 .text.QuadDec_M1_Init
                0x00003d84        0xc .\CortexM3\ARM_GCC_493\Debug\CS301_Class.a(QuadDec_M1.o)
                0x00003d84                QuadDec_M1_Init
 .text.QuadDec_M1_Enable
                0x00003d90       0x3c .\CortexM3\ARM_GCC_493\Debug\CS301_Class.a(QuadDec_M1.o)
                0x00003d90                QuadDec_M1_Enable
 .text.QuadDec_M1_Start
                0x00003dcc       0x2c .\CortexM3\ARM_GCC_493\Debug\CS301_Class.a(QuadDec_M1.o)
                0x00003dcc                QuadDec_M1_Start
 .text.QuadDec_M1_GetCounter
                0x00003df8       0x24 .\CortexM3\ARM_GCC_493\Debug\CS301_Class.a(QuadDec_M1.o)
                0x00003df8                QuadDec_M1_GetCounter
 .text.QuadDec_M1_GetEvents
                0x00003e1c       0x20 .\CortexM3\ARM_GCC_493\Debug\CS301_Class.a(QuadDec_M1.o)
                0x00003e1c                QuadDec_M1_GetEvents
 .text.QuadDec_M1_SetInterruptMask
                0x00003e3c       0x20 .\CortexM3\ARM_GCC_493\Debug\CS301_Class.a(QuadDec_M1.o)
                0x00003e3c                QuadDec_M1_SetInterruptMask
 .text.QuadDec_M2_Init
                0x00003e5c        0xc .\CortexM3\ARM_GCC_493\Debug\CS301_Class.a(QuadDec_M2.o)
                0x00003e5c                QuadDec_M2_Init
 .text.QuadDec_M2_Enable
                0x00003e68       0x3c .\CortexM3\ARM_GCC_493\Debug\CS301_Class.a(QuadDec_M2.o)
                0x00003e68                QuadDec_M2_Enable
 .text.QuadDec_M2_Start
                0x00003ea4       0x2c .\CortexM3\ARM_GCC_493\Debug\CS301_Class.a(QuadDec_M2.o)
                0x00003ea4                QuadDec_M2_Start
 .text.QuadDec_M2_GetCounter
                0x00003ed0       0x24 .\CortexM3\ARM_GCC_493\Debug\CS301_Class.a(QuadDec_M2.o)
                0x00003ed0                QuadDec_M2_GetCounter
 .text.QuadDec_M2_GetEvents
                0x00003ef4       0x20 .\CortexM3\ARM_GCC_493\Debug\CS301_Class.a(QuadDec_M2.o)
                0x00003ef4                QuadDec_M2_GetEvents
 .text.QuadDec_M2_SetInterruptMask
                0x00003f14       0x20 .\CortexM3\ARM_GCC_493\Debug\CS301_Class.a(QuadDec_M2.o)
                0x00003f14                QuadDec_M2_SetInterruptMask
 .text.QuadDec_M1_Cnt16_Init
                0x00003f34       0x80 .\CortexM3\ARM_GCC_493\Debug\CS301_Class.a(QuadDec_M1_Cnt16.o)
                0x00003f34                QuadDec_M1_Cnt16_Init
 .text.QuadDec_M1_Cnt16_Enable
                0x00003fb4       0x20 .\CortexM3\ARM_GCC_493\Debug\CS301_Class.a(QuadDec_M1_Cnt16.o)
                0x00003fb4                QuadDec_M1_Cnt16_Enable
 .text.QuadDec_M1_Cnt16_Start
                0x00003fd4       0x20 .\CortexM3\ARM_GCC_493\Debug\CS301_Class.a(QuadDec_M1_Cnt16.o)
                0x00003fd4                QuadDec_M1_Cnt16_Start
 .text.QuadDec_M1_Cnt16_SetInterruptMode
                0x00003ff4       0x20 .\CortexM3\ARM_GCC_493\Debug\CS301_Class.a(QuadDec_M1_Cnt16.o)
                0x00003ff4                QuadDec_M1_Cnt16_SetInterruptMode
 .text.QuadDec_M1_Cnt16_ReadStatusRegister
                0x00004014       0x18 .\CortexM3\ARM_GCC_493\Debug\CS301_Class.a(QuadDec_M1_Cnt16.o)
                0x00004014                QuadDec_M1_Cnt16_ReadStatusRegister
 .text.QuadDec_M1_Cnt16_WriteCounter
                0x0000402c       0x20 .\CortexM3\ARM_GCC_493\Debug\CS301_Class.a(QuadDec_M1_Cnt16.o)
                0x0000402c                QuadDec_M1_Cnt16_WriteCounter
 .text.QuadDec_M1_Cnt16_ReadCounter
                0x0000404c       0x20 .\CortexM3\ARM_GCC_493\Debug\CS301_Class.a(QuadDec_M1_Cnt16.o)
                0x0000404c                QuadDec_M1_Cnt16_ReadCounter
 .text.QuadDec_M1_Cnt16_ReadCapture
                0x0000406c       0x18 .\CortexM3\ARM_GCC_493\Debug\CS301_Class.a(QuadDec_M1_Cnt16.o)
                0x0000406c                QuadDec_M1_Cnt16_ReadCapture
 .text.QuadDec_M1_Cnt16_WritePeriod
                0x00004084       0x20 .\CortexM3\ARM_GCC_493\Debug\CS301_Class.a(QuadDec_M1_Cnt16.o)
                0x00004084                QuadDec_M1_Cnt16_WritePeriod
 .text.QuadDec_M1_Cnt16_WriteCompare
                0x000040a4       0x20 .\CortexM3\ARM_GCC_493\Debug\CS301_Class.a(QuadDec_M1_Cnt16.o)
                0x000040a4                QuadDec_M1_Cnt16_WriteCompare
 .text.QuadDec_M1_Cnt16_ClearFIFO
                0x000040c4       0x1c .\CortexM3\ARM_GCC_493\Debug\CS301_Class.a(QuadDec_M1_Cnt16.o)
                0x000040c4                QuadDec_M1_Cnt16_ClearFIFO
 .text.QuadDec_M2_Cnt16_Init
                0x000040e0       0x80 .\CortexM3\ARM_GCC_493\Debug\CS301_Class.a(QuadDec_M2_Cnt16.o)
                0x000040e0                QuadDec_M2_Cnt16_Init
 .text.QuadDec_M2_Cnt16_Enable
                0x00004160       0x20 .\CortexM3\ARM_GCC_493\Debug\CS301_Class.a(QuadDec_M2_Cnt16.o)
                0x00004160                QuadDec_M2_Cnt16_Enable
 .text.QuadDec_M2_Cnt16_Start
                0x00004180       0x20 .\CortexM3\ARM_GCC_493\Debug\CS301_Class.a(QuadDec_M2_Cnt16.o)
                0x00004180                QuadDec_M2_Cnt16_Start
 .text.QuadDec_M2_Cnt16_SetInterruptMode
                0x000041a0       0x20 .\CortexM3\ARM_GCC_493\Debug\CS301_Class.a(QuadDec_M2_Cnt16.o)
                0x000041a0                QuadDec_M2_Cnt16_SetInterruptMode
 .text.QuadDec_M2_Cnt16_ReadStatusRegister
                0x000041c0       0x18 .\CortexM3\ARM_GCC_493\Debug\CS301_Class.a(QuadDec_M2_Cnt16.o)
                0x000041c0                QuadDec_M2_Cnt16_ReadStatusRegister
 .text.QuadDec_M2_Cnt16_WriteCounter
                0x000041d8       0x20 .\CortexM3\ARM_GCC_493\Debug\CS301_Class.a(QuadDec_M2_Cnt16.o)
                0x000041d8                QuadDec_M2_Cnt16_WriteCounter
 .text.QuadDec_M2_Cnt16_ReadCounter
                0x000041f8       0x20 .\CortexM3\ARM_GCC_493\Debug\CS301_Class.a(QuadDec_M2_Cnt16.o)
                0x000041f8                QuadDec_M2_Cnt16_ReadCounter
 .text.QuadDec_M2_Cnt16_ReadCapture
                0x00004218       0x18 .\CortexM3\ARM_GCC_493\Debug\CS301_Class.a(QuadDec_M2_Cnt16.o)
                0x00004218                QuadDec_M2_Cnt16_ReadCapture
 .text.QuadDec_M2_Cnt16_WritePeriod
                0x00004230       0x20 .\CortexM3\ARM_GCC_493\Debug\CS301_Class.a(QuadDec_M2_Cnt16.o)
                0x00004230                QuadDec_M2_Cnt16_WritePeriod
 .text.QuadDec_M2_Cnt16_WriteCompare
                0x00004250       0x20 .\CortexM3\ARM_GCC_493\Debug\CS301_Class.a(QuadDec_M2_Cnt16.o)
                0x00004250                QuadDec_M2_Cnt16_WriteCompare
 .text.QuadDec_M2_Cnt16_ClearFIFO
                0x00004270       0x1c .\CortexM3\ARM_GCC_493\Debug\CS301_Class.a(QuadDec_M2_Cnt16.o)
                0x00004270                QuadDec_M2_Cnt16_ClearFIFO
 .text.INV2_Write
                0x0000428c       0x3c .\CortexM3\ARM_GCC_493\Debug\CS301_Class.a(INV2.o)
                0x0000428c                INV2_Write
 .text.INV1_Write
                0x000042c8       0x3c .\CortexM3\ARM_GCC_493\Debug\CS301_Class.a(INV1.o)
                0x000042c8                INV1_Write
 .text.ADC_DEBUG_Write
                0x00004304       0x3c .\CortexM3\ARM_GCC_493\Debug\CS301_Class.a(ADC_DEBUG.o)
                0x00004304                ADC_DEBUG_Write
 .text.USBUART_DispatchCDCClassRqst
                0x00004340       0xe8 .\CortexM3\ARM_GCC_493\Debug\CS301_Class.a(USBUART_cdc.o)
                0x00004340                USBUART_DispatchCDCClassRqst
 .text.USBUART_GetInterfaceComPort
                0x00004428       0x60 .\CortexM3\ARM_GCC_493\Debug\CS301_Class.a(USBUART_cdc.o)
                0x00004428                USBUART_GetInterfaceComPort
 .text.USBUART_Cdc_EpInit
                0x00004488       0x94 .\CortexM3\ARM_GCC_493\Debug\CS301_Class.a(USBUART_cdc.o)
                0x00004488                USBUART_Cdc_EpInit
 .text.USBUART_DispatchClassRqst
                0x0000451c       0x7c .\CortexM3\ARM_GCC_493\Debug\CS301_Class.a(USBUART_cls.o)
                0x0000451c                USBUART_DispatchClassRqst
 .text          0x00004598      0x370 c:/program files (x86)/cypress/psoc creator/3.3/psoc creator/import/gnu/arm/4.9.3/bin/../lib/gcc/arm-none-eabi/4.9.3/armv7-m\libgcc.a(_arm_addsubdf3.o)
                0x00004598                __aeabi_drsub
                0x000045a0                __aeabi_dsub
                0x000045a0                __subdf3
                0x000045a4                __aeabi_dadd
                0x000045a4                __adddf3
                0x0000481c                __floatunsidf
                0x0000481c                __aeabi_ui2d
                0x0000483c                __floatsidf
                0x0000483c                __aeabi_i2d
                0x00004860                __aeabi_f2d
                0x00004860                __extendsfdf2
                0x0000489c                __floatundidf
                0x0000489c                __aeabi_ul2d
                0x000048ac                __floatdidf
                0x000048ac                __aeabi_l2d
 .text          0x00004908      0x424 c:/program files (x86)/cypress/psoc creator/3.3/psoc creator/import/gnu/arm/4.9.3/bin/../lib/gcc/arm-none-eabi/4.9.3/armv7-m\libgcc.a(_arm_muldivdf3.o)
                0x00004908                __aeabi_dmul
                0x00004908                __muldf3
                0x00004b5c                __divdf3
                0x00004b5c                __aeabi_ddiv
 .text          0x00004d2c       0xa0 c:/program files (x86)/cypress/psoc creator/3.3/psoc creator/import/gnu/arm/4.9.3/bin/../lib/gcc/arm-none-eabi/4.9.3/armv7-m\libgcc.a(_arm_truncdfsf2.o)
                0x00004d2c                __truncdfsf2
                0x00004d2c                __aeabi_d2f
 .text          0x00004dcc      0x21c c:/program files (x86)/cypress/psoc creator/3.3/psoc creator/import/gnu/arm/4.9.3/bin/../lib/gcc/arm-none-eabi/4.9.3/armv7-m\libgcc.a(_arm_addsubsf3.o)
                0x00004dcc                __aeabi_frsub
                0x00004dd4                __subsf3
                0x00004dd4                __aeabi_fsub
                0x00004dd8                __aeabi_fadd
                0x00004dd8                __addsf3
                0x00004f38                __aeabi_ui2f
                0x00004f38                __floatunsisf
                0x00004f40                __aeabi_i2f
                0x00004f40                __floatsisf
                0x00004f5c                __aeabi_ul2f
                0x00004f5c                __floatundisf
                0x00004f6c                __aeabi_l2f
                0x00004f6c                __floatdisf
 .text          0x00004fe8      0x2a0 c:/program files (x86)/cypress/psoc creator/3.3/psoc creator/import/gnu/arm/4.9.3/bin/../lib/gcc/arm-none-eabi/4.9.3/armv7-m\libgcc.a(_arm_muldivsf3.o)
                0x00004fe8                __mulsf3
                0x00004fe8                __aeabi_fmul
                0x00005150                __aeabi_fdiv
                0x00005150                __divsf3
 .text          0x00005288       0xec c:/program files (x86)/cypress/psoc creator/3.3/psoc creator/import/gnu/arm/4.9.3/bin/../lib/gcc/arm-none-eabi/4.9.3/armv7-m\libgcc.a(_arm_cmpsf2.o)
                0x00005288                __gesf2
                0x00005288                __gtsf2
                0x00005290                __lesf2
                0x00005290                __ltsf2
                0x00005298                __nesf2
                0x00005298                __eqsf2
                0x00005298                __cmpsf2
                0x000052f8                __aeabi_cfrcmple
                0x00005300                __aeabi_cfcmpeq
                0x00005300                __aeabi_cfcmple
                0x00005310                __aeabi_fcmpeq
                0x00005324                __aeabi_fcmplt
                0x00005338                __aeabi_fcmple
                0x0000534c                __aeabi_fcmpge
                0x00005360                __aeabi_fcmpgt
 .text.__libc_init_array
                0x00005374       0x4c c:/program files (x86)/cypress/psoc creator/3.3/psoc creator/import/gnu/arm/4.9.3/bin/../lib/gcc/arm-none-eabi/4.9.3/../../../../arm-none-eabi/lib/armv7-m\libg_nano.a(lib_a-init.o)
                0x00005374                __libc_init_array
 .text.memcpy   0x000053c0       0x16 c:/program files (x86)/cypress/psoc creator/3.3/psoc creator/import/gnu/arm/4.9.3/bin/../lib/gcc/arm-none-eabi/4.9.3/../../../../arm-none-eabi/lib/armv7-m\libg_nano.a(lib_a-memcpy.o)
                0x000053c0                memcpy
 .text.memset   0x000053d6       0x10 c:/program files (x86)/cypress/psoc creator/3.3/psoc creator/import/gnu/arm/4.9.3/bin/../lib/gcc/arm-none-eabi/4.9.3/../../../../arm-none-eabi/lib/armv7-m\libg_nano.a(lib_a-memset.o)
                0x000053d6                memset
 *(.plt)
 *(.gnu.warning)
 *(.glue_7t)
 .glue_7t       0x00000000        0x0 linker stubs
 *(.glue_7)
 .glue_7        0x00000000        0x0 linker stubs
 *(.vfp11_veneer)
 .vfp11_veneer  0x00000000        0x0 linker stubs
 *(.bootloader)
 *(.ARM.extab* .gnu.linkonce.armextab.*)
 *(.gcc_except_table)

.v4_bx          0x000053e8        0x0
 .v4_bx         0x00000000        0x0 linker stubs

.iplt           0x000053e8        0x0
 .iplt          0x00000000        0x0 c:/program files (x86)/cypress/psoc creator/3.3/psoc creator/import/gnu/arm/4.9.3/bin/../lib/gcc/arm-none-eabi/4.9.3/armv7-m/crtbegin.o

.eh_frame_hdr
 *(.eh_frame_hdr)

.eh_frame       0x000053e8        0x4
 *(.eh_frame)
 .eh_frame      0x000053e8        0x0 c:/program files (x86)/cypress/psoc creator/3.3/psoc creator/import/gnu/arm/4.9.3/bin/../lib/gcc/arm-none-eabi/4.9.3/armv7-m/crtbegin.o
 .eh_frame      0x000053e8        0x4 c:/program files (x86)/cypress/psoc creator/3.3/psoc creator/import/gnu/arm/4.9.3/bin/../lib/gcc/arm-none-eabi/4.9.3/armv7-m/crtend.o
                0x000053ec                PROVIDE (__exidx_start, .)

.ARM.exidx
 *(.ARM.exidx* .gnu.linkonce.armexidx.*)
                0x000053ec                __exidx_end = .

.rodata         0x000053ec      0x2f4
 *(.rodata .rodata.* .gnu.linkonce.r.*)
 .rodata        0x000053ec       0xd8 .\CortexM3\ARM_GCC_493\Debug\main.o
 .rodata        0x000054c4       0x38 .\CortexM3\ARM_GCC_493\Debug\CS301_Class.a(cyfitter_cfg.o)
 .rodata        0x000054fc       0x14 .\CortexM3\ARM_GCC_493\Debug\CS301_Class.a(USBUART_std.o)
 .rodata        0x00005510      0x19c .\CortexM3\ARM_GCC_493\Debug\CS301_Class.a(USBUART_descr.o)
                0x00005510                USBUART_DEVICE0_DESCR
                0x00005524                USBUART_DEVICE0_CONFIGURATION0_DESCR
                0x00005568                USBUART_STRING_DESCRIPTORS
                0x00005608                USBUART_SN_STRING_DESCRIPTOR
                0x0000560c                USBUART_DEVICE0_CONFIGURATION0_EP_SETTINGS_TABLE
                0x00005624                USBUART_DEVICE0_CONFIGURATION0_INTERFACE_CLASS
                0x00005628                USBUART_DEVICE0_CONFIGURATION0_TABLE
                0x00005650                USBUART_DEVICE0_TABLE
                0x00005668                USBUART_TABLE
                0x00005670                USBUART_MSOS_DESCRIPTOR
                0x00005684                USBUART_MSOS_CONFIGURATION_DESCR
                0x000056ac                . = ALIGN (0x4)
 *(.init)
 .init          0x000056ac        0x4 c:/program files (x86)/cypress/psoc creator/3.3/psoc creator/import/gnu/arm/4.9.3/bin/../lib/gcc/arm-none-eabi/4.9.3/armv7-m/crti.o
                0x000056ac                _init
 .init          0x000056b0        0x8 c:/program files (x86)/cypress/psoc creator/3.3/psoc creator/import/gnu/arm/4.9.3/bin/../lib/gcc/arm-none-eabi/4.9.3/armv7-m/crtn.o
                0x000056b8                . = ALIGN (0x4)
                0x000056b8                __preinit_array_start = .
 *(.preinit_array)
                0x000056b8                __preinit_array_end = .
                0x000056b8                . = ALIGN (0x4)
                0x000056b8                __init_array_start = .
 *(SORT(.init_array.*))
 *(.init_array)
 .init_array    0x000056b8        0x4 c:/program files (x86)/cypress/psoc creator/3.3/psoc creator/import/gnu/arm/4.9.3/bin/../lib/gcc/arm-none-eabi/4.9.3/armv7-m/crtbegin.o
 .init_array    0x000056bc        0x4 .\CortexM3\ARM_GCC_493\Debug\Cm3Start.o
                0x000056c0                __init_array_end = .
                0x000056c0                . = ALIGN (0x4)
 *(.fini)
 .fini          0x000056c0        0x4 c:/program files (x86)/cypress/psoc creator/3.3/psoc creator/import/gnu/arm/4.9.3/bin/../lib/gcc/arm-none-eabi/4.9.3/armv7-m/crti.o
                0x000056c0                _fini
 .fini          0x000056c4        0x8 c:/program files (x86)/cypress/psoc creator/3.3/psoc creator/import/gnu/arm/4.9.3/bin/../lib/gcc/arm-none-eabi/4.9.3/armv7-m/crtn.o
                0x000056cc                . = ALIGN (0x4)
                0x000056cc                __fini_array_start = .
 *(.fini_array)
 .fini_array    0x000056cc        0x4 c:/program files (x86)/cypress/psoc creator/3.3/psoc creator/import/gnu/arm/4.9.3/bin/../lib/gcc/arm-none-eabi/4.9.3/armv7-m/crtbegin.o
 *(SORT(.fini_array.*))
                0x000056d0                __fini_array_end = .
                0x000056d0                . = ALIGN (0x4)
 *crtbegin.o(.ctors)
 *(EXCLUDE_FILE(*crtend.o) .ctors)
 *(SORT(.ctors.*))
 *crtend.o(.ctors)
                0x000056d0                . = ALIGN (0x4)
 *crtbegin.o(.dtors)
 *(EXCLUDE_FILE(*crtend.o) .dtors)
 *(SORT(.dtors.*))
 *crtend.o(.dtors)
                0x000056d0                . = ALIGN (0x4)
                0x000056d0                __cy_regions = .
                0x000056d0        0x4 LONG 0x56e0 __cy_region_init_ram
                0x000056d4        0x4 LONG 0x1fff8108 __cy_region_start_data
                0x000056d8        0x4 LONG 0x40 __cy_region_init_size_ram
                0x000056dc        0x4 LONG 0x180 __cy_region_zero_size_ram
                0x000056e0                __cy_regions_end = .
                0x000056e0                . = ALIGN (0x8)
                0x000056e0                _etext = .

.cy_checksum_exclude
                0x000056e0        0x0
 *(.cy_checksum_exclude)

.ramvectors     0x1fff8000      0x100
                0x1fff8000                __cy_region_start_ram = .
 *(.ramvectors)
 .ramvectors    0x1fff8000      0x100 .\CortexM3\ARM_GCC_493\Debug\Cm3Start.o
                0x1fff8000                CyRamVectors

.noinit         0x1fff8100        0x5
 *(.noinit)
 .noinit        0x1fff8100        0x4 .\CortexM3\ARM_GCC_493\Debug\Cm3Start.o
 .noinit        0x1fff8104        0x1 .\CortexM3\ARM_GCC_493\Debug\CS301_Class.a(CyLib.o)
                0x1fff8104                CyResetStatus

.data           0x1fff8108       0x40 load address 0x000056e0
                0x1fff8108                __cy_region_start_data = .
 *(.jcr)
 .jcr           0x1fff8108        0x0 c:/program files (x86)/cypress/psoc creator/3.3/psoc creator/import/gnu/arm/4.9.3/bin/../lib/gcc/arm-none-eabi/4.9.3/armv7-m/crtbegin.o
 .jcr           0x1fff8108        0x4 c:/program files (x86)/cypress/psoc creator/3.3/psoc creator/import/gnu/arm/4.9.3/bin/../lib/gcc/arm-none-eabi/4.9.3/armv7-m/crtend.o
 *(.got.plt)
 *(.got)
 *(.shdata)
 *(.data .data.* .gnu.linkonce.d.*)
 .data          0x1fff810c        0x2 .\CortexM3\ARM_GCC_493\Debug\CS301_Class.a(ADC.o)
 .data          0x1fff810e        0x1 .\CortexM3\ARM_GCC_493\Debug\CS301_Class.a(ADC_TempBuf_dma.o)
                0x1fff810e                ADC_TempBuf_DmaHandle
 .data          0x1fff810f        0x1 .\CortexM3\ARM_GCC_493\Debug\CS301_Class.a(ADC_FinalBuf_dma.o)
                0x1fff810f                ADC_FinalBuf_DmaHandle
 .data          0x1fff8110        0x8 .\CortexM3\ARM_GCC_493\Debug\CS301_Class.a(CyDmac.o)
 .data          0x1fff8118       0x10 .\CortexM3\ARM_GCC_493\Debug\CS301_Class.a(CyLib.o)
                0x1fff8118                cydelay_freq_hz
                0x1fff811c                cydelay_freq_khz
                0x1fff8120                cydelay_freq_mhz
                0x1fff8124                cydelay_32k_ms
 .data          0x1fff8128       0x1c .\CortexM3\ARM_GCC_493\Debug\CS301_Class.a(USBUART_cdc.o)
                0x1fff8128                USBUART_linesCoding
                0x1fff8148                . = ALIGN (0x8)
 *fill*         0x1fff8144        0x4 
 *(.ram)
                0x1fff8148                _edata = .

.igot.plt       0x1fff8148        0x0 load address 0x00005720
 .igot.plt      0x00000000        0x0 c:/program files (x86)/cypress/psoc creator/3.3/psoc creator/import/gnu/arm/4.9.3/bin/../lib/gcc/arm-none-eabi/4.9.3/armv7-m/crtbegin.o

.bss            0x1fff8148      0x180 load address 0x00005720
                0x1fff8148                PROVIDE (__bss_start__, .)
 *(.shbss)
 *(.bss .bss.* .gnu.linkonce.b.*)
 .bss           0x1fff8148       0x1c c:/program files (x86)/cypress/psoc creator/3.3/psoc creator/import/gnu/arm/4.9.3/bin/../lib/gcc/arm-none-eabi/4.9.3/armv7-m/crtbegin.o
 .bss           0x1fff8164       0x50 .\CortexM3\ARM_GCC_493\Debug\main.o
                0x1fff8164                ts
                0x1fff8166                ts_enc
                0x1fff8168                ts_update
                0x1fff816a                ts_speed
                0x1fff816c                ts_display
                0x1fff816e                flag_ts_enc
                0x1fff816f                flag_ts_update
                0x1fff8170                flag_ts_speed
                0x1fff8171                flag_ts_display
                0x1fff8172                flag_rx
                0x1fff8173                flag_packet
                0x1fff8174                flag_KB_string
                0x1fff8175                dataready_flag
                0x1fff8178                adc_flag
                0x1fff817c                sensor_readings
                0x1fff8184                adc_readings
                0x1fff819c                sample_count
                0x1fff81a0                timer_flag
                0x1fff81a4                countM1
                0x1fff81a8                countM2
                0x1fff81ac                prevCountM1
                0x1fff81b0                prevCountM2
 .bss           0x1fff81b4       0x14 .\CortexM3\ARM_GCC_493\Debug\CS301_Class.a(ADC.o)
                0x1fff81b4                ADC_initVar
 .bss           0x1fff81c8        0x1 .\CortexM3\ARM_GCC_493\Debug\CS301_Class.a(Timer_TS.o)
                0x1fff81c8                Timer_TS_initVar
 .bss           0x1fff81c9        0x1 .\CortexM3\ARM_GCC_493\Debug\CS301_Class.a(USBUART.o)
                0x1fff81c9                USBUART_initVar
 *fill*         0x1fff81ca        0x2 
 .bss           0x1fff81cc        0x4 .\CortexM3\ARM_GCC_493\Debug\CS301_Class.a(USBUART_std.o)
 .bss           0x1fff81d0        0x1 .\CortexM3\ARM_GCC_493\Debug\CS301_Class.a(ADC_SAR.o)
                0x1fff81d0                ADC_SAR_initVar
 .bss           0x1fff81d1        0x1 .\CortexM3\ARM_GCC_493\Debug\CS301_Class.a(PWM_1.o)
                0x1fff81d1                PWM_1_initVar
 .bss           0x1fff81d2        0x1 .\CortexM3\ARM_GCC_493\Debug\CS301_Class.a(PWM_2.o)
                0x1fff81d2                PWM_2_initVar
 .bss           0x1fff81d3        0x1 .\CortexM3\ARM_GCC_493\Debug\CS301_Class.a(QuadDec_M1.o)
                0x1fff81d3                QuadDec_M1_initVar
 .bss           0x1fff81d4        0x1 .\CortexM3\ARM_GCC_493\Debug\CS301_Class.a(QuadDec_M2.o)
                0x1fff81d4                QuadDec_M2_initVar
 .bss           0x1fff81d5        0x1 .\CortexM3\ARM_GCC_493\Debug\CS301_Class.a(QuadDec_M1_Cnt16.o)
                0x1fff81d5                QuadDec_M1_Cnt16_initVar
 .bss           0x1fff81d6        0x1 .\CortexM3\ARM_GCC_493\Debug\CS301_Class.a(QuadDec_M2_Cnt16.o)
                0x1fff81d6                QuadDec_M2_Cnt16_initVar
 *(COMMON)
 *fill*         0x1fff81d7        0x1 
 COMMON         0x1fff81d8        0xc .\CortexM3\ARM_GCC_493\Debug\CS301_Class.a(ADC.o)
                0x1fff81d8                ADC_finalArray
 COMMON         0x1fff81e4       0x9a .\CortexM3\ARM_GCC_493\Debug\CS301_Class.a(USBUART_drv.o)
                0x1fff81e4                USBUART_lastPacketSize
                0x1fff81e5                USBUART_device
                0x1fff81e6                USBUART_transferByteCount
                0x1fff81e8                USBUART_transferState
                0x1fff81ec                USBUART_interfaceSettingLast
                0x1fff81f0                USBUART_currentTD
                0x1fff81fc                USBUART_interfaceNumber
                0x1fff8200                USBUART_interfaceClass
                0x1fff8204                USBUART_configurationChanged
                0x1fff8205                USBUART_ep0Mode
                0x1fff8206                USBUART_deviceAddress
                0x1fff8207                USBUART_configuration
                0x1fff8208                USBUART_ep0Count
                0x1fff8209                USBUART_deviceStatus
                0x1fff820c                USBUART_EP
                0x1fff8278                USBUART_interfaceSetting
                0x1fff827a                USBUART_ep0Toggle
                0x1fff827c                USBUART_interfaceStatus
 *fill*         0x1fff827e        0x2 
 COMMON         0x1fff8280        0xa .\CortexM3\ARM_GCC_493\Debug\CS301_Class.a(ADC_SAR.o)
                0x1fff8280                ADC_SAR_countsPerVolt
                0x1fff8282                ADC_SAR_shift
                0x1fff8284                ADC_SAR_countsPer10Volt
                0x1fff8288                ADC_SAR_offset
 *fill*         0x1fff828a        0x2 
 COMMON         0x1fff828c       0x18 .\CortexM3\ARM_GCC_493\Debug\CS301_Class.a(USBUART_cdc.o)
                0x1fff828c                USBUART_linesChanged
                0x1fff8290                USBUART_cdcDataInEp
                0x1fff8294                USBUART_cdcCommInInterruptEp
                0x1fff8298                USBUART_cdcDataOutEp
                0x1fff829c                USBUART_serialStateBitmap
                0x1fff82a0                USBUART_linesControlBitmap
 COMMON         0x1fff82a4       0x22 .\CortexM3\ARM_GCC_493\Debug\CS301_Class.a(USBUART_descr.o)
                0x1fff82a4                USBUART_idSerialNumberStringDescriptor
                0x1fff82c8                . = ALIGN (0x8)
 *fill*         0x1fff82c6        0x2 
 *(.ram.b)
                0x1fff82c8                _end = .
                0x1fff82c8                __end = .
                0x1fff82c8                PROVIDE (end, .)
                0x1fff82c8                PROVIDE (__bss_end__, .)
                0x000056e0                __cy_region_init_ram = LOADADDR (.data)
                0x00000040                __cy_region_init_size_ram = (_edata - ADDR (.data))
                0x00000180                __cy_region_zero_size_ram = (_end - _edata)

.heap           0x1fff82c8       0x80 load address 0x00005720
                0x1fff82c8                . = _end
                0x1fff8348                . = (. + 0x80)
 *fill*         0x1fff82c8       0x80 
                0x1fff8348                __cy_heap_limit = .

.stack          0x20007800      0x800
                0x20007800                __cy_stack_limit = .
                0x20008000                . = (. + 0x800)
 *fill*         0x20007800      0x800 
                0x00000001                ASSERT ((__cy_stack_limit >= __cy_heap_limit), region RAM overflowed with stack)
                0x00000000                cy_checksum_exclude_size = (CY_APPL_LOADABLE == 0x1)?SIZEOF (.cy_checksum_exclude):0x0
                0x00000001                ASSERT ((cy_checksum_exclude_size <= CY_CHECKSUM_EXCLUDE_SIZE), CY_BOOT: Section .cy_checksum_exclude size exceedes specified limit.)

.cyloadermeta
 *(.cyloadermeta)

.cyloadablemeta
 *(.cyloadablemeta)

.cyconfigecc    0x80000000     0x1028
 *(.cyconfigecc)
 .cyconfigecc   0x80000000     0x1028 .\CortexM3\ARM_GCC_493\Debug\cymetadata.o
                0x80000000                cy_meta_configecc

.cycustnvl      0x90000000        0x4
 *(.cycustnvl)
 .cycustnvl     0x90000000        0x4 .\CortexM3\ARM_GCC_493\Debug\cymetadata.o
                0x90000000                cy_meta_custnvl

.cywolatch      0x90100000        0x4
 *(.cywolatch)
 .cywolatch     0x90100000        0x4 .\CortexM3\ARM_GCC_493\Debug\cymetadata.o
                0x90100000                cy_meta_wonvl

.cyeeprom       0x90200000        0x0
 *(.cyeeprom)
                0x00000001                ASSERT ((. <= ((0x90200000 + ee_offset) + ee_size)), .cyeeprom data will not fit in EEPROM)

.cyflashprotect
                0x90400000      0x100
 *(.cyflashprotect)
 .cyflashprotect
                0x90400000      0x100 .\CortexM3\ARM_GCC_493\Debug\cymetadata.o
                0x90400000                cy_meta_flashprotect

.cymeta         0x90500000        0xc
 *(.cymeta)
 .cymeta        0x90500000        0xc .\CortexM3\ARM_GCC_493\Debug\cymetadata.o
                0x90500000                cy_metadata

.rel.dyn        0x00005720        0x0 load address 0x9050000c
 .rel.iplt      0x00000000        0x0 c:/program files (x86)/cypress/psoc creator/3.3/psoc creator/import/gnu/arm/4.9.3/bin/../lib/gcc/arm-none-eabi/4.9.3/armv7-m/crtbegin.o

.stab
 *(.stab)

.stabstr
 *(.stabstr)

.debug
 *(.debug)

.line
 *(.line)

.debug_srcinfo
 *(.debug_srcinfo)

.debug_sfnames
 *(.debug_sfnames)

.debug_aranges  0x00000000     0x1218
 *(.debug_aranges)
 .debug_aranges
                0x00000000       0xa8 .\CortexM3\ARM_GCC_493\Debug\main.o
 .debug_aranges
                0x000000a8       0x28 .\CortexM3\ARM_GCC_493\Debug\tacho.o
 .debug_aranges
                0x000000d0       0x18 .\CortexM3\ARM_GCC_493\Debug\cymetadata.o
 .debug_aranges
                0x000000e8       0x48 .\CortexM3\ARM_GCC_493\Debug\Cm3Start.o
 .debug_aranges
                0x00000130       0x60 .\CortexM3\ARM_GCC_493\Debug\CS301_Class.a(cyfitter_cfg.o)
 .debug_aranges
                0x00000190       0xa0 .\CortexM3\ARM_GCC_493\Debug\CS301_Class.a(ADC.o)
 .debug_aranges
                0x00000230       0x80 .\CortexM3\ARM_GCC_493\Debug\CS301_Class.a(isr_TS.o)
 .debug_aranges
                0x000002b0       0x88 .\CortexM3\ARM_GCC_493\Debug\CS301_Class.a(Timer_TS.o)
 .debug_aranges
                0x00000338       0xc8 .\CortexM3\ARM_GCC_493\Debug\CS301_Class.a(USBUART.o)
 .debug_aranges
                0x00000400       0x98 .\CortexM3\ARM_GCC_493\Debug\CS301_Class.a(USBUART_drv.o)
 .debug_aranges
                0x00000498       0x40 .\CortexM3\ARM_GCC_493\Debug\CS301_Class.a(USBUART_episr.o)
 .debug_aranges
                0x000004d8       0x40 .\CortexM3\ARM_GCC_493\Debug\CS301_Class.a(USBUART_pm.o)
 .debug_aranges
                0x00000518       0x80 .\CortexM3\ARM_GCC_493\Debug\CS301_Class.a(USBUART_std.o)
 .debug_aranges
                0x00000598       0x20 .\CortexM3\ARM_GCC_493\Debug\CS301_Class.a(USBUART_vnd.o)
 .debug_aranges
                0x000005b8       0xa8 .\CortexM3\ARM_GCC_493\Debug\CS301_Class.a(ADC_SAR.o)
 .debug_aranges
                0x00000660       0x28 .\CortexM3\ARM_GCC_493\Debug\CS301_Class.a(ADC_TempBuf_dma.o)
 .debug_aranges
                0x00000688       0x28 .\CortexM3\ARM_GCC_493\Debug\CS301_Class.a(ADC_FinalBuf_dma.o)
 .debug_aranges
                0x000006b0       0x80 .\CortexM3\ARM_GCC_493\Debug\CS301_Class.a(ADC_IRQ.o)
 .debug_aranges
                0x00000730       0x48 .\CortexM3\ARM_GCC_493\Debug\CS301_Class.a(USBUART_Dp.o)
 .debug_aranges
                0x00000778       0x20 .\CortexM3\ARM_GCC_493\Debug\CS301_Class.a(CyBootAsmGnu.o)
 .debug_aranges
                0x00000798       0xd8 .\CortexM3\ARM_GCC_493\Debug\CS301_Class.a(CyDmac.o)
 .debug_aranges
                0x00000870      0x298 .\CortexM3\ARM_GCC_493\Debug\CS301_Class.a(CyLib.o)
 .debug_aranges
                0x00000b08       0x98 .\CortexM3\ARM_GCC_493\Debug\CS301_Class.a(cyPm.o)
 .debug_aranges
                0x00000ba0       0x78 .\CortexM3\ARM_GCC_493\Debug\CS301_Class.a(PWM_1.o)
 .debug_aranges
                0x00000c18       0x80 .\CortexM3\ARM_GCC_493\Debug\CS301_Class.a(isr_eoc.o)
 .debug_aranges
                0x00000c98       0x98 .\CortexM3\ARM_GCC_493\Debug\CS301_Class.a(PWM_2.o)
 .debug_aranges
                0x00000d30       0x38 .\CortexM3\ARM_GCC_493\Debug\CS301_Class.a(LED.o)
 .debug_aranges
                0x00000d68       0x60 .\CortexM3\ARM_GCC_493\Debug\CS301_Class.a(QuadDec_M1.o)
 .debug_aranges
                0x00000dc8       0x60 .\CortexM3\ARM_GCC_493\Debug\CS301_Class.a(QuadDec_M2.o)
 .debug_aranges
                0x00000e28       0x98 .\CortexM3\ARM_GCC_493\Debug\CS301_Class.a(QuadDec_M1_Cnt16.o)
 .debug_aranges
                0x00000ec0       0x98 .\CortexM3\ARM_GCC_493\Debug\CS301_Class.a(QuadDec_M2_Cnt16.o)
 .debug_aranges
                0x00000f58       0x38 .\CortexM3\ARM_GCC_493\Debug\CS301_Class.a(INV2.o)
 .debug_aranges
                0x00000f90       0x38 .\CortexM3\ARM_GCC_493\Debug\CS301_Class.a(INV1.o)
 .debug_aranges
                0x00000fc8       0x38 .\CortexM3\ARM_GCC_493\Debug\CS301_Class.a(ADC_DEBUG.o)
 .debug_aranges
                0x00001000       0xe8 .\CortexM3\ARM_GCC_493\Debug\CS301_Class.a(USBUART_cdc.o)
 .debug_aranges
                0x000010e8       0x20 .\CortexM3\ARM_GCC_493\Debug\CS301_Class.a(USBUART_cls.o)
 .debug_aranges
                0x00001108       0x18 .\CortexM3\ARM_GCC_493\Debug\CS301_Class.a(USBUART_descr.o)
 .debug_aranges
                0x00001120       0x80 .\CortexM3\ARM_GCC_493\Debug\CS301_Class.a(CyFlash.o)
 .debug_aranges
                0x000011a0       0x78 .\CortexM3\ARM_GCC_493\Debug\CS301_Class.a(CySpc.o)

.debug_pubnames
 *(.debug_pubnames)

.debug_info     0x00000000     0x8620
 *(.debug_info .gnu.linkonce.wi.*)
 .debug_info    0x00000000      0x7a3 .\CortexM3\ARM_GCC_493\Debug\main.o
 .debug_info    0x000007a3      0x147 .\CortexM3\ARM_GCC_493\Debug\tacho.o
 .debug_info    0x000008ea      0x13f .\CortexM3\ARM_GCC_493\Debug\cymetadata.o
 .debug_info    0x00000a29      0x313 .\CortexM3\ARM_GCC_493\Debug\Cm3Start.o
 .debug_info    0x00000d3c      0x469 .\CortexM3\ARM_GCC_493\Debug\CS301_Class.a(cyfitter_cfg.o)
 .debug_info    0x000011a5      0x3a4 .\CortexM3\ARM_GCC_493\Debug\CS301_Class.a(ADC.o)
 .debug_info    0x00001549      0x244 .\CortexM3\ARM_GCC_493\Debug\CS301_Class.a(isr_TS.o)
 .debug_info    0x0000178d      0x23e .\CortexM3\ARM_GCC_493\Debug\CS301_Class.a(Timer_TS.o)
 .debug_info    0x000019cb      0x70b .\CortexM3\ARM_GCC_493\Debug\CS301_Class.a(USBUART.o)
 .debug_info    0x000020d6      0x521 .\CortexM3\ARM_GCC_493\Debug\CS301_Class.a(USBUART_drv.o)
 .debug_info    0x000025f7      0x22f .\CortexM3\ARM_GCC_493\Debug\CS301_Class.a(USBUART_episr.o)
 .debug_info    0x00002826      0x186 .\CortexM3\ARM_GCC_493\Debug\CS301_Class.a(USBUART_pm.o)
 .debug_info    0x000029ac      0x950 .\CortexM3\ARM_GCC_493\Debug\CS301_Class.a(USBUART_std.o)
 .debug_info    0x000032fc      0x19d .\CortexM3\ARM_GCC_493\Debug\CS301_Class.a(USBUART_vnd.o)
 .debug_info    0x00003499      0x45b .\CortexM3\ARM_GCC_493\Debug\CS301_Class.a(ADC_SAR.o)
 .debug_info    0x000038f4      0x114 .\CortexM3\ARM_GCC_493\Debug\CS301_Class.a(ADC_TempBuf_dma.o)
 .debug_info    0x00003a08      0x114 .\CortexM3\ARM_GCC_493\Debug\CS301_Class.a(ADC_FinalBuf_dma.o)
 .debug_info    0x00003b1c      0x23a .\CortexM3\ARM_GCC_493\Debug\CS301_Class.a(ADC_IRQ.o)
 .debug_info    0x00003d56      0x171 .\CortexM3\ARM_GCC_493\Debug\CS301_Class.a(USBUART_Dp.o)
 .debug_info    0x00003ec7       0xda .\CortexM3\ARM_GCC_493\Debug\CS301_Class.a(CyBootAsmGnu.o)
 .debug_info    0x00003fa1      0x8b4 .\CortexM3\ARM_GCC_493\Debug\CS301_Class.a(CyDmac.o)
 .debug_info    0x00004855      0xe34 .\CortexM3\ARM_GCC_493\Debug\CS301_Class.a(CyLib.o)
 .debug_info    0x00005689      0x561 .\CortexM3\ARM_GCC_493\Debug\CS301_Class.a(cyPm.o)
 .debug_info    0x00005bea      0x22e .\CortexM3\ARM_GCC_493\Debug\CS301_Class.a(PWM_1.o)
 .debug_info    0x00005e18      0x293 .\CortexM3\ARM_GCC_493\Debug\CS301_Class.a(isr_eoc.o)
 .debug_info    0x000060ab      0x2a0 .\CortexM3\ARM_GCC_493\Debug\CS301_Class.a(PWM_2.o)
 .debug_info    0x0000634b      0x11e .\CortexM3\ARM_GCC_493\Debug\CS301_Class.a(LED.o)
 .debug_info    0x00006469      0x201 .\CortexM3\ARM_GCC_493\Debug\CS301_Class.a(QuadDec_M1.o)
 .debug_info    0x0000666a      0x201 .\CortexM3\ARM_GCC_493\Debug\CS301_Class.a(QuadDec_M2.o)
 .debug_info    0x0000686b      0x28a .\CortexM3\ARM_GCC_493\Debug\CS301_Class.a(QuadDec_M1_Cnt16.o)
 .debug_info    0x00006af5      0x28a .\CortexM3\ARM_GCC_493\Debug\CS301_Class.a(QuadDec_M2_Cnt16.o)
 .debug_info    0x00006d7f      0x11e .\CortexM3\ARM_GCC_493\Debug\CS301_Class.a(INV2.o)
 .debug_info    0x00006e9d      0x11e .\CortexM3\ARM_GCC_493\Debug\CS301_Class.a(INV1.o)
 .debug_info    0x00006fbb      0x11e .\CortexM3\ARM_GCC_493\Debug\CS301_Class.a(ADC_DEBUG.o)
 .debug_info    0x000070d9      0x903 .\CortexM3\ARM_GCC_493\Debug\CS301_Class.a(USBUART_cdc.o)
 .debug_info    0x000079dc      0x1bc .\CortexM3\ARM_GCC_493\Debug\CS301_Class.a(USBUART_cls.o)
 .debug_info    0x00007b98      0x2cb .\CortexM3\ARM_GCC_493\Debug\CS301_Class.a(USBUART_descr.o)
 .debug_info    0x00007e63      0x36a .\CortexM3\ARM_GCC_493\Debug\CS301_Class.a(CyFlash.o)
 .debug_info    0x000081cd      0x453 .\CortexM3\ARM_GCC_493\Debug\CS301_Class.a(CySpc.o)

.debug_abbrev   0x00000000     0x2cd2
 *(.debug_abbrev)
 .debug_abbrev  0x00000000      0x227 .\CortexM3\ARM_GCC_493\Debug\main.o
 .debug_abbrev  0x00000227       0x96 .\CortexM3\ARM_GCC_493\Debug\tacho.o
 .debug_abbrev  0x000002bd       0x77 .\CortexM3\ARM_GCC_493\Debug\cymetadata.o
 .debug_abbrev  0x00000334      0x1a7 .\CortexM3\ARM_GCC_493\Debug\Cm3Start.o
 .debug_abbrev  0x000004db      0x1b7 .\CortexM3\ARM_GCC_493\Debug\CS301_Class.a(cyfitter_cfg.o)
 .debug_abbrev  0x00000692      0x155 .\CortexM3\ARM_GCC_493\Debug\CS301_Class.a(ADC.o)
 .debug_abbrev  0x000007e7      0x183 .\CortexM3\ARM_GCC_493\Debug\CS301_Class.a(isr_TS.o)
 .debug_abbrev  0x0000096a       0xe9 .\CortexM3\ARM_GCC_493\Debug\CS301_Class.a(Timer_TS.o)
 .debug_abbrev  0x00000a53      0x1f3 .\CortexM3\ARM_GCC_493\Debug\CS301_Class.a(USBUART.o)
 .debug_abbrev  0x00000c46      0x161 .\CortexM3\ARM_GCC_493\Debug\CS301_Class.a(USBUART_drv.o)
 .debug_abbrev  0x00000da7       0xfd .\CortexM3\ARM_GCC_493\Debug\CS301_Class.a(USBUART_episr.o)
 .debug_abbrev  0x00000ea4       0xd1 .\CortexM3\ARM_GCC_493\Debug\CS301_Class.a(USBUART_pm.o)
 .debug_abbrev  0x00000f75      0x1c2 .\CortexM3\ARM_GCC_493\Debug\CS301_Class.a(USBUART_std.o)
 .debug_abbrev  0x00001137       0xc5 .\CortexM3\ARM_GCC_493\Debug\CS301_Class.a(USBUART_vnd.o)
 .debug_abbrev  0x000011fc      0x173 .\CortexM3\ARM_GCC_493\Debug\CS301_Class.a(ADC_SAR.o)
 .debug_abbrev  0x0000136f       0x8b .\CortexM3\ARM_GCC_493\Debug\CS301_Class.a(ADC_TempBuf_dma.o)
 .debug_abbrev  0x000013fa       0x8b .\CortexM3\ARM_GCC_493\Debug\CS301_Class.a(ADC_FinalBuf_dma.o)
 .debug_abbrev  0x00001485      0x172 .\CortexM3\ARM_GCC_493\Debug\CS301_Class.a(ADC_IRQ.o)
 .debug_abbrev  0x000015f7       0x90 .\CortexM3\ARM_GCC_493\Debug\CS301_Class.a(USBUART_Dp.o)
 .debug_abbrev  0x00001687       0x14 .\CortexM3\ARM_GCC_493\Debug\CS301_Class.a(CyBootAsmGnu.o)
 .debug_abbrev  0x0000169b      0x194 .\CortexM3\ARM_GCC_493\Debug\CS301_Class.a(CyDmac.o)
 .debug_abbrev  0x0000182f      0x217 .\CortexM3\ARM_GCC_493\Debug\CS301_Class.a(CyLib.o)
 .debug_abbrev  0x00001a46      0x161 .\CortexM3\ARM_GCC_493\Debug\CS301_Class.a(cyPm.o)
 .debug_abbrev  0x00001ba7      0x116 .\CortexM3\ARM_GCC_493\Debug\CS301_Class.a(PWM_1.o)
 .debug_abbrev  0x00001cbd      0x19b .\CortexM3\ARM_GCC_493\Debug\CS301_Class.a(isr_eoc.o)
 .debug_abbrev  0x00001e58      0x12e .\CortexM3\ARM_GCC_493\Debug\CS301_Class.a(PWM_2.o)
 .debug_abbrev  0x00001f86       0x90 .\CortexM3\ARM_GCC_493\Debug\CS301_Class.a(LED.o)
 .debug_abbrev  0x00002016      0x130 .\CortexM3\ARM_GCC_493\Debug\CS301_Class.a(QuadDec_M1.o)
 .debug_abbrev  0x00002146      0x130 .\CortexM3\ARM_GCC_493\Debug\CS301_Class.a(QuadDec_M2.o)
 .debug_abbrev  0x00002276      0x12c .\CortexM3\ARM_GCC_493\Debug\CS301_Class.a(QuadDec_M1_Cnt16.o)
 .debug_abbrev  0x000023a2      0x12c .\CortexM3\ARM_GCC_493\Debug\CS301_Class.a(QuadDec_M2_Cnt16.o)
 .debug_abbrev  0x000024ce       0x90 .\CortexM3\ARM_GCC_493\Debug\CS301_Class.a(INV2.o)
 .debug_abbrev  0x0000255e       0x90 .\CortexM3\ARM_GCC_493\Debug\CS301_Class.a(INV1.o)
 .debug_abbrev  0x000025ee       0x90 .\CortexM3\ARM_GCC_493\Debug\CS301_Class.a(ADC_DEBUG.o)
 .debug_abbrev  0x0000267e      0x233 .\CortexM3\ARM_GCC_493\Debug\CS301_Class.a(USBUART_cdc.o)
 .debug_abbrev  0x000028b1       0xc5 .\CortexM3\ARM_GCC_493\Debug\CS301_Class.a(USBUART_cls.o)
 .debug_abbrev  0x00002976       0xb4 .\CortexM3\ARM_GCC_493\Debug\CS301_Class.a(USBUART_descr.o)
 .debug_abbrev  0x00002a2a      0x13c .\CortexM3\ARM_GCC_493\Debug\CS301_Class.a(CyFlash.o)
 .debug_abbrev  0x00002b66      0x16c .\CortexM3\ARM_GCC_493\Debug\CS301_Class.a(CySpc.o)

.debug_line     0x00000000     0x4390
 *(.debug_line)
 .debug_line    0x00000000      0x3df .\CortexM3\ARM_GCC_493\Debug\main.o
 .debug_line    0x000003df      0x180 .\CortexM3\ARM_GCC_493\Debug\tacho.o
 .debug_line    0x0000055f       0x53 .\CortexM3\ARM_GCC_493\Debug\cymetadata.o
 .debug_line    0x000005b2      0x1d5 .\CortexM3\ARM_GCC_493\Debug\Cm3Start.o
 .debug_line    0x00000787      0x237 .\CortexM3\ARM_GCC_493\Debug\CS301_Class.a(cyfitter_cfg.o)
 .debug_line    0x000009be      0x1c1 .\CortexM3\ARM_GCC_493\Debug\CS301_Class.a(ADC.o)
 .debug_line    0x00000b7f      0x169 .\CortexM3\ARM_GCC_493\Debug\CS301_Class.a(isr_TS.o)
 .debug_line    0x00000ce8      0x162 .\CortexM3\ARM_GCC_493\Debug\CS301_Class.a(Timer_TS.o)
 .debug_line    0x00000e4a      0x304 .\CortexM3\ARM_GCC_493\Debug\CS301_Class.a(USBUART.o)
 .debug_line    0x0000114e      0x21c .\CortexM3\ARM_GCC_493\Debug\CS301_Class.a(USBUART_drv.o)
 .debug_line    0x0000136a       0xf4 .\CortexM3\ARM_GCC_493\Debug\CS301_Class.a(USBUART_episr.o)
 .debug_line    0x0000145e       0xe8 .\CortexM3\ARM_GCC_493\Debug\CS301_Class.a(USBUART_pm.o)
 .debug_line    0x00001546      0x458 .\CortexM3\ARM_GCC_493\Debug\CS301_Class.a(USBUART_std.o)
 .debug_line    0x0000199e       0x91 .\CortexM3\ARM_GCC_493\Debug\CS301_Class.a(USBUART_vnd.o)
 .debug_line    0x00001a2f      0x209 .\CortexM3\ARM_GCC_493\Debug\CS301_Class.a(ADC_SAR.o)
 .debug_line    0x00001c38       0x97 .\CortexM3\ARM_GCC_493\Debug\CS301_Class.a(ADC_TempBuf_dma.o)
 .debug_line    0x00001ccf       0x98 .\CortexM3\ARM_GCC_493\Debug\CS301_Class.a(ADC_FinalBuf_dma.o)
 .debug_line    0x00001d67      0x15b .\CortexM3\ARM_GCC_493\Debug\CS301_Class.a(ADC_IRQ.o)
 .debug_line    0x00001ec2       0xc0 .\CortexM3\ARM_GCC_493\Debug\CS301_Class.a(USBUART_Dp.o)
 .debug_line    0x00001f82       0x68 .\CortexM3\ARM_GCC_493\Debug\CS301_Class.a(CyBootAsmGnu.o)
 .debug_line    0x00001fea      0x2b7 .\CortexM3\ARM_GCC_493\Debug\CS301_Class.a(CyDmac.o)
 .debug_line    0x000022a1      0x872 .\CortexM3\ARM_GCC_493\Debug\CS301_Class.a(CyLib.o)
 .debug_line    0x00002b13      0x381 .\CortexM3\ARM_GCC_493\Debug\CS301_Class.a(cyPm.o)
 .debug_line    0x00002e94      0x142 .\CortexM3\ARM_GCC_493\Debug\CS301_Class.a(PWM_1.o)
 .debug_line    0x00002fd6      0x279 .\CortexM3\ARM_GCC_493\Debug\CS301_Class.a(isr_eoc.o)
 .debug_line    0x0000324f      0x18b .\CortexM3\ARM_GCC_493\Debug\CS301_Class.a(PWM_2.o)
 .debug_line    0x000033da       0x94 .\CortexM3\ARM_GCC_493\Debug\CS301_Class.a(LED.o)
 .debug_line    0x0000346e      0x10c .\CortexM3\ARM_GCC_493\Debug\CS301_Class.a(QuadDec_M1.o)
 .debug_line    0x0000357a      0x10c .\CortexM3\ARM_GCC_493\Debug\CS301_Class.a(QuadDec_M2.o)
 .debug_line    0x00003686      0x190 .\CortexM3\ARM_GCC_493\Debug\CS301_Class.a(QuadDec_M1_Cnt16.o)
 .debug_line    0x00003816      0x190 .\CortexM3\ARM_GCC_493\Debug\CS301_Class.a(QuadDec_M2_Cnt16.o)
 .debug_line    0x000039a6       0x95 .\CortexM3\ARM_GCC_493\Debug\CS301_Class.a(INV2.o)
 .debug_line    0x00003a3b       0x95 .\CortexM3\ARM_GCC_493\Debug\CS301_Class.a(INV1.o)
 .debug_line    0x00003ad0       0x9a .\CortexM3\ARM_GCC_493\Debug\CS301_Class.a(ADC_DEBUG.o)
 .debug_line    0x00003b6a      0x30e .\CortexM3\ARM_GCC_493\Debug\CS301_Class.a(USBUART_cdc.o)
 .debug_line    0x00003e78       0x97 .\CortexM3\ARM_GCC_493\Debug\CS301_Class.a(USBUART_cls.o)
 .debug_line    0x00003f0f       0x63 .\CortexM3\ARM_GCC_493\Debug\CS301_Class.a(USBUART_descr.o)
 .debug_line    0x00003f72      0x207 .\CortexM3\ARM_GCC_493\Debug\CS301_Class.a(CyFlash.o)
 .debug_line    0x00004179      0x217 .\CortexM3\ARM_GCC_493\Debug\CS301_Class.a(CySpc.o)

.debug_frame    0x00000000     0x4744
 *(.debug_frame)
 .debug_frame   0x00000000      0x2a0 .\CortexM3\ARM_GCC_493\Debug\main.o
 .debug_frame   0x000002a0       0x60 .\CortexM3\ARM_GCC_493\Debug\tacho.o
 .debug_frame   0x00000300       0xd8 .\CortexM3\ARM_GCC_493\Debug\Cm3Start.o
 .debug_frame   0x000003d8      0x16c .\CortexM3\ARM_GCC_493\Debug\CS301_Class.a(cyfitter_cfg.o)
 .debug_frame   0x00000544      0x264 .\CortexM3\ARM_GCC_493\Debug\CS301_Class.a(ADC.o)
 .debug_frame   0x000007a8      0x1e8 .\CortexM3\ARM_GCC_493\Debug\CS301_Class.a(isr_TS.o)
 .debug_frame   0x00000990      0x208 .\CortexM3\ARM_GCC_493\Debug\CS301_Class.a(Timer_TS.o)
 .debug_frame   0x00000b98      0x37c .\CortexM3\ARM_GCC_493\Debug\CS301_Class.a(USBUART.o)
 .debug_frame   0x00000f14      0x23c .\CortexM3\ARM_GCC_493\Debug\CS301_Class.a(USBUART_drv.o)
 .debug_frame   0x00001150       0xbc .\CortexM3\ARM_GCC_493\Debug\CS301_Class.a(USBUART_episr.o)
 .debug_frame   0x0000120c       0xbc .\CortexM3\ARM_GCC_493\Debug\CS301_Class.a(USBUART_pm.o)
 .debug_frame   0x000012c8      0x224 .\CortexM3\ARM_GCC_493\Debug\CS301_Class.a(USBUART_std.o)
 .debug_frame   0x000014ec       0x38 .\CortexM3\ARM_GCC_493\Debug\CS301_Class.a(USBUART_vnd.o)
 .debug_frame   0x00001524      0x2c0 .\CortexM3\ARM_GCC_493\Debug\CS301_Class.a(ADC_SAR.o)
 .debug_frame   0x000017e4       0x58 .\CortexM3\ARM_GCC_493\Debug\CS301_Class.a(ADC_TempBuf_dma.o)
 .debug_frame   0x0000183c       0x58 .\CortexM3\ARM_GCC_493\Debug\CS301_Class.a(ADC_FinalBuf_dma.o)
 .debug_frame   0x00001894      0x1e8 .\CortexM3\ARM_GCC_493\Debug\CS301_Class.a(ADC_IRQ.o)
 .debug_frame   0x00001a7c       0xf4 .\CortexM3\ARM_GCC_493\Debug\CS301_Class.a(USBUART_Dp.o)
 .debug_frame   0x00001b70      0x3d0 .\CortexM3\ARM_GCC_493\Debug\CS301_Class.a(CyDmac.o)
 .debug_frame   0x00001f40      0xbe8 .\CortexM3\ARM_GCC_493\Debug\CS301_Class.a(CyLib.o)
 .debug_frame   0x00002b28      0x234 .\CortexM3\ARM_GCC_493\Debug\CS301_Class.a(cyPm.o)
 .debug_frame   0x00002d5c      0x1d0 .\CortexM3\ARM_GCC_493\Debug\CS301_Class.a(PWM_1.o)
 .debug_frame   0x00002f2c      0x1e0 .\CortexM3\ARM_GCC_493\Debug\CS301_Class.a(isr_eoc.o)
 .debug_frame   0x0000310c      0x25c .\CortexM3\ARM_GCC_493\Debug\CS301_Class.a(PWM_2.o)
 .debug_frame   0x00003368       0xa8 .\CortexM3\ARM_GCC_493\Debug\CS301_Class.a(LED.o)
 .debug_frame   0x00003410      0x160 .\CortexM3\ARM_GCC_493\Debug\CS301_Class.a(QuadDec_M1.o)
 .debug_frame   0x00003570      0x160 .\CortexM3\ARM_GCC_493\Debug\CS301_Class.a(QuadDec_M2.o)
 .debug_frame   0x000036d0      0x258 .\CortexM3\ARM_GCC_493\Debug\CS301_Class.a(QuadDec_M1_Cnt16.o)
 .debug_frame   0x00003928      0x258 .\CortexM3\ARM_GCC_493\Debug\CS301_Class.a(QuadDec_M2_Cnt16.o)
 .debug_frame   0x00003b80       0xa8 .\CortexM3\ARM_GCC_493\Debug\CS301_Class.a(INV2.o)
 .debug_frame   0x00003c28       0xa8 .\CortexM3\ARM_GCC_493\Debug\CS301_Class.a(INV1.o)
 .debug_frame   0x00003cd0       0xa8 .\CortexM3\ARM_GCC_493\Debug\CS301_Class.a(ADC_DEBUG.o)
 .debug_frame   0x00003d78      0x3ec .\CortexM3\ARM_GCC_493\Debug\CS301_Class.a(USBUART_cdc.o)
 .debug_frame   0x00004164       0x38 .\CortexM3\ARM_GCC_493\Debug\CS301_Class.a(USBUART_cls.o)
 .debug_frame   0x0000419c      0x210 .\CortexM3\ARM_GCC_493\Debug\CS301_Class.a(CyFlash.o)
 .debug_frame   0x000043ac      0x1f8 .\CortexM3\ARM_GCC_493\Debug\CS301_Class.a(CySpc.o)
 .debug_frame   0x000045a4       0x28 c:/program files (x86)/cypress/psoc creator/3.3/psoc creator/import/gnu/arm/4.9.3/bin/../lib/gcc/arm-none-eabi/4.9.3/armv7-m\libgcc.a(_aeabi_ldivmod.o)
 .debug_frame   0x000045cc       0x54 c:/program files (x86)/cypress/psoc creator/3.3/psoc creator/import/gnu/arm/4.9.3/bin/../lib/gcc/arm-none-eabi/4.9.3/armv7-m\libgcc.a(bpabi.o)
 .debug_frame   0x00004620       0x34 c:/program files (x86)/cypress/psoc creator/3.3/psoc creator/import/gnu/arm/4.9.3/bin/../lib/gcc/arm-none-eabi/4.9.3/armv7-m\libgcc.a(_divdi3.o)
 .debug_frame   0x00004654       0x34 c:/program files (x86)/cypress/psoc creator/3.3/psoc creator/import/gnu/arm/4.9.3/bin/../lib/gcc/arm-none-eabi/4.9.3/armv7-m\libgcc.a(_udivdi3.o)
 .debug_frame   0x00004688       0x20 c:/program files (x86)/cypress/psoc creator/3.3/psoc creator/import/gnu/arm/4.9.3/bin/../lib/gcc/arm-none-eabi/4.9.3/../../../../arm-none-eabi/lib/armv7-m\libg_nano.a(lib_a-errno.o)
 .debug_frame   0x000046a8       0x28 c:/program files (x86)/cypress/psoc creator/3.3/psoc creator/import/gnu/arm/4.9.3/bin/../lib/gcc/arm-none-eabi/4.9.3/../../../../arm-none-eabi/lib/armv7-m\libg_nano.a(lib_a-exit.o)
 .debug_frame   0x000046d0       0x2c c:/program files (x86)/cypress/psoc creator/3.3/psoc creator/import/gnu/arm/4.9.3/bin/../lib/gcc/arm-none-eabi/4.9.3/../../../../arm-none-eabi/lib/armv7-m\libg_nano.a(lib_a-init.o)
 .debug_frame   0x000046fc       0x28 c:/program files (x86)/cypress/psoc creator/3.3/psoc creator/import/gnu/arm/4.9.3/bin/../lib/gcc/arm-none-eabi/4.9.3/../../../../arm-none-eabi/lib/armv7-m\libg_nano.a(lib_a-memcpy.o)
 .debug_frame   0x00004724       0x20 c:/program files (x86)/cypress/psoc creator/3.3/psoc creator/import/gnu/arm/4.9.3/bin/../lib/gcc/arm-none-eabi/4.9.3/../../../../arm-none-eabi/lib/armv7-m\libg_nano.a(lib_a-memset.o)

.debug_str      0x00000000     0x3f62
 *(.debug_str)
 .debug_str     0x00000000      0x576 .\CortexM3\ARM_GCC_493\Debug\main.o
                                0x607 (size before relaxing)
 .debug_str     0x00000576       0x39 .\CortexM3\ARM_GCC_493\Debug\tacho.o
                                0x215 (size before relaxing)
 .debug_str     0x000005af       0x77 .\CortexM3\ARM_GCC_493\Debug\cymetadata.o
                                0x234 (size before relaxing)
 .debug_str     0x00000626      0x138 .\CortexM3\ARM_GCC_493\Debug\Cm3Start.o
                                0x315 (size before relaxing)
 .debug_str     0x0000075e      0x17f .\CortexM3\ARM_GCC_493\Debug\CS301_Class.a(cyfitter_cfg.o)
                                0x376 (size before relaxing)
 .debug_str     0x000008dd      0x1cd .\CortexM3\ARM_GCC_493\Debug\CS301_Class.a(ADC.o)
                                0x3bd (size before relaxing)
 .debug_str     0x00000aaa      0x10e .\CortexM3\ARM_GCC_493\Debug\CS301_Class.a(isr_TS.o)
                                0x2f2 (size before relaxing)
 .debug_str     0x00000bb8      0x194 .\CortexM3\ARM_GCC_493\Debug\CS301_Class.a(Timer_TS.o)
                                0x363 (size before relaxing)
 .debug_str     0x00000d4c      0x425 .\CortexM3\ARM_GCC_493\Debug\CS301_Class.a(USBUART.o)
                                0x629 (size before relaxing)
 .debug_str     0x00001171      0x30e .\CortexM3\ARM_GCC_493\Debug\CS301_Class.a(USBUART_drv.o)
                                0x638 (size before relaxing)
 .debug_str     0x0000147f       0x82 .\CortexM3\ARM_GCC_493\Debug\CS301_Class.a(USBUART_episr.o)
                                0x305 (size before relaxing)
 .debug_str     0x00001501       0xae .\CortexM3\ARM_GCC_493\Debug\CS301_Class.a(USBUART_pm.o)
                                0x2a9 (size before relaxing)
 .debug_str     0x000015af      0x30d .\CortexM3\ARM_GCC_493\Debug\CS301_Class.a(USBUART_std.o)
                                0x798 (size before relaxing)
 .debug_str     0x000018bc       0x61 .\CortexM3\ARM_GCC_493\Debug\CS301_Class.a(USBUART_vnd.o)
                                0x2b5 (size before relaxing)
 .debug_str     0x0000191d      0x1e6 .\CortexM3\ARM_GCC_493\Debug\CS301_Class.a(ADC_SAR.o)
                                0x43e (size before relaxing)
 .debug_str     0x00001b03       0xad .\CortexM3\ARM_GCC_493\Debug\CS301_Class.a(ADC_TempBuf_dma.o)
                                0x271 (size before relaxing)
 .debug_str     0x00001bb0       0x76 .\CortexM3\ARM_GCC_493\Debug\CS301_Class.a(ADC_FinalBuf_dma.o)
                                0x275 (size before relaxing)
 .debug_str     0x00001c26      0x104 .\CortexM3\ARM_GCC_493\Debug\CS301_Class.a(ADC_IRQ.o)
                                0x300 (size before relaxing)
 .debug_str     0x00001d2a       0xb7 .\CortexM3\ARM_GCC_493\Debug\CS301_Class.a(USBUART_Dp.o)
                                0x28b (size before relaxing)
 .debug_str     0x00001de1      0x342 .\CortexM3\ARM_GCC_493\Debug\CS301_Class.a(CyDmac.o)
                                0x55b (size before relaxing)
 .debug_str     0x00002123      0x7ab .\CortexM3\ARM_GCC_493\Debug\CS301_Class.a(CyLib.o)
                                0xa10 (size before relaxing)
 .debug_str     0x000028ce      0x367 .\CortexM3\ARM_GCC_493\Debug\CS301_Class.a(cyPm.o)
                                0x575 (size before relaxing)
 .debug_str     0x00002c35      0x118 .\CortexM3\ARM_GCC_493\Debug\CS301_Class.a(PWM_1.o)
                                0x30b (size before relaxing)
 .debug_str     0x00002d4d      0x10d .\CortexM3\ARM_GCC_493\Debug\CS301_Class.a(isr_eoc.o)
                                0x33e (size before relaxing)
 .debug_str     0x00002e5a      0x167 .\CortexM3\ARM_GCC_493\Debug\CS301_Class.a(PWM_2.o)
                                0x36f (size before relaxing)
 .debug_str     0x00002fc1       0x53 .\CortexM3\ARM_GCC_493\Debug\CS301_Class.a(LED.o)
                                0x222 (size before relaxing)
 .debug_str     0x00003014       0xfc .\CortexM3\ARM_GCC_493\Debug\CS301_Class.a(QuadDec_M1.o)
                                0x2f3 (size before relaxing)
 .debug_str     0x00003110       0xf5 .\CortexM3\ARM_GCC_493\Debug\CS301_Class.a(QuadDec_M2.o)
                                0x2f3 (size before relaxing)
 .debug_str     0x00003205      0x247 .\CortexM3\ARM_GCC_493\Debug\CS301_Class.a(QuadDec_M1_Cnt16.o)
                                0x43a (size before relaxing)
 .debug_str     0x0000344c      0x238 .\CortexM3\ARM_GCC_493\Debug\CS301_Class.a(QuadDec_M2_Cnt16.o)
                                0x43a (size before relaxing)
 .debug_str     0x00003684       0x58 .\CortexM3\ARM_GCC_493\Debug\CS301_Class.a(INV2.o)
                                0x227 (size before relaxing)
 .debug_str     0x000036dc       0x58 .\CortexM3\ARM_GCC_493\Debug\CS301_Class.a(INV1.o)
                                0x227 (size before relaxing)
 .debug_str     0x00003734       0x71 .\CortexM3\ARM_GCC_493\Debug\CS301_Class.a(ADC_DEBUG.o)
                                0x240 (size before relaxing)
 .debug_str     0x000037a5      0x40e .\CortexM3\ARM_GCC_493\Debug\CS301_Class.a(USBUART_cdc.o)
                                0x758 (size before relaxing)
 .debug_str     0x00003bb3       0x41 .\CortexM3\ARM_GCC_493\Debug\CS301_Class.a(USBUART_cls.o)
                                0x2cd (size before relaxing)
 .debug_str     0x00003bf4      0x106 .\CortexM3\ARM_GCC_493\Debug\CS301_Class.a(USBUART_descr.o)
                                0x3d0 (size before relaxing)
 .debug_str     0x00003cfa      0x147 .\CortexM3\ARM_GCC_493\Debug\CS301_Class.a(CyFlash.o)
                                0x334 (size before relaxing)
 .debug_str     0x00003e41      0x121 .\CortexM3\ARM_GCC_493\Debug\CS301_Class.a(CySpc.o)
                                0x331 (size before relaxing)

.debug_loc
 *(.debug_loc)

.debug_macinfo
 *(.debug_macinfo)

.debug_ranges   0x00000000      0xf88
 *(.debug_ranges)
 .debug_ranges  0x00000000       0x98 .\CortexM3\ARM_GCC_493\Debug\main.o
 .debug_ranges  0x00000098       0x18 .\CortexM3\ARM_GCC_493\Debug\tacho.o
 .debug_ranges  0x000000b0       0x38 .\CortexM3\ARM_GCC_493\Debug\Cm3Start.o
 .debug_ranges  0x000000e8       0x50 .\CortexM3\ARM_GCC_493\Debug\CS301_Class.a(cyfitter_cfg.o)
 .debug_ranges  0x00000138       0x90 .\CortexM3\ARM_GCC_493\Debug\CS301_Class.a(ADC.o)
 .debug_ranges  0x000001c8       0x70 .\CortexM3\ARM_GCC_493\Debug\CS301_Class.a(isr_TS.o)
 .debug_ranges  0x00000238       0x78 .\CortexM3\ARM_GCC_493\Debug\CS301_Class.a(Timer_TS.o)
 .debug_ranges  0x000002b0       0xb8 .\CortexM3\ARM_GCC_493\Debug\CS301_Class.a(USBUART.o)
 .debug_ranges  0x00000368       0x88 .\CortexM3\ARM_GCC_493\Debug\CS301_Class.a(USBUART_drv.o)
 .debug_ranges  0x000003f0       0x30 .\CortexM3\ARM_GCC_493\Debug\CS301_Class.a(USBUART_episr.o)
 .debug_ranges  0x00000420       0x30 .\CortexM3\ARM_GCC_493\Debug\CS301_Class.a(USBUART_pm.o)
 .debug_ranges  0x00000450       0x70 .\CortexM3\ARM_GCC_493\Debug\CS301_Class.a(USBUART_std.o)
 .debug_ranges  0x000004c0       0x10 .\CortexM3\ARM_GCC_493\Debug\CS301_Class.a(USBUART_vnd.o)
 .debug_ranges  0x000004d0       0x98 .\CortexM3\ARM_GCC_493\Debug\CS301_Class.a(ADC_SAR.o)
 .debug_ranges  0x00000568       0x18 .\CortexM3\ARM_GCC_493\Debug\CS301_Class.a(ADC_TempBuf_dma.o)
 .debug_ranges  0x00000580       0x18 .\CortexM3\ARM_GCC_493\Debug\CS301_Class.a(ADC_FinalBuf_dma.o)
 .debug_ranges  0x00000598       0x70 .\CortexM3\ARM_GCC_493\Debug\CS301_Class.a(ADC_IRQ.o)
 .debug_ranges  0x00000608       0x38 .\CortexM3\ARM_GCC_493\Debug\CS301_Class.a(USBUART_Dp.o)
 .debug_ranges  0x00000640       0xc8 .\CortexM3\ARM_GCC_493\Debug\CS301_Class.a(CyDmac.o)
 .debug_ranges  0x00000708      0x288 .\CortexM3\ARM_GCC_493\Debug\CS301_Class.a(CyLib.o)
 .debug_ranges  0x00000990       0x88 .\CortexM3\ARM_GCC_493\Debug\CS301_Class.a(cyPm.o)
 .debug_ranges  0x00000a18       0x68 .\CortexM3\ARM_GCC_493\Debug\CS301_Class.a(PWM_1.o)
 .debug_ranges  0x00000a80       0x70 .\CortexM3\ARM_GCC_493\Debug\CS301_Class.a(isr_eoc.o)
 .debug_ranges  0x00000af0       0x88 .\CortexM3\ARM_GCC_493\Debug\CS301_Class.a(PWM_2.o)
 .debug_ranges  0x00000b78       0x28 .\CortexM3\ARM_GCC_493\Debug\CS301_Class.a(LED.o)
 .debug_ranges  0x00000ba0       0x50 .\CortexM3\ARM_GCC_493\Debug\CS301_Class.a(QuadDec_M1.o)
 .debug_ranges  0x00000bf0       0x50 .\CortexM3\ARM_GCC_493\Debug\CS301_Class.a(QuadDec_M2.o)
 .debug_ranges  0x00000c40       0x88 .\CortexM3\ARM_GCC_493\Debug\CS301_Class.a(QuadDec_M1_Cnt16.o)
 .debug_ranges  0x00000cc8       0x88 .\CortexM3\ARM_GCC_493\Debug\CS301_Class.a(QuadDec_M2_Cnt16.o)
 .debug_ranges  0x00000d50       0x28 .\CortexM3\ARM_GCC_493\Debug\CS301_Class.a(INV2.o)
 .debug_ranges  0x00000d78       0x28 .\CortexM3\ARM_GCC_493\Debug\CS301_Class.a(INV1.o)
 .debug_ranges  0x00000da0       0x28 .\CortexM3\ARM_GCC_493\Debug\CS301_Class.a(ADC_DEBUG.o)
 .debug_ranges  0x00000dc8       0xd8 .\CortexM3\ARM_GCC_493\Debug\CS301_Class.a(USBUART_cdc.o)
 .debug_ranges  0x00000ea0       0x10 .\CortexM3\ARM_GCC_493\Debug\CS301_Class.a(USBUART_cls.o)
 .debug_ranges  0x00000eb0       0x70 .\CortexM3\ARM_GCC_493\Debug\CS301_Class.a(CyFlash.o)
 .debug_ranges  0x00000f20       0x68 .\CortexM3\ARM_GCC_493\Debug\CS301_Class.a(CySpc.o)

.comment        0x00000000       0x70
 .comment       0x00000000       0x70 .\CortexM3\ARM_GCC_493\Debug\main.o
                                 0x71 (size before relaxing)
 .comment       0x00000000       0x71 .\CortexM3\ARM_GCC_493\Debug\tacho.o
 .comment       0x00000000       0x71 .\CortexM3\ARM_GCC_493\Debug\cymetadata.o
 .comment       0x00000000       0x71 .\CortexM3\ARM_GCC_493\Debug\Cm3Start.o
 .comment       0x00000000       0x71 .\CortexM3\ARM_GCC_493\Debug\CS301_Class.a(cyfitter_cfg.o)
 .comment       0x00000000       0x71 .\CortexM3\ARM_GCC_493\Debug\CS301_Class.a(ADC.o)
 .comment       0x00000000       0x71 .\CortexM3\ARM_GCC_493\Debug\CS301_Class.a(isr_TS.o)
 .comment       0x00000000       0x71 .\CortexM3\ARM_GCC_493\Debug\CS301_Class.a(Timer_TS.o)
 .comment       0x00000000       0x71 .\CortexM3\ARM_GCC_493\Debug\CS301_Class.a(USBUART.o)
 .comment       0x00000000       0x71 .\CortexM3\ARM_GCC_493\Debug\CS301_Class.a(USBUART_drv.o)
 .comment       0x00000000       0x71 .\CortexM3\ARM_GCC_493\Debug\CS301_Class.a(USBUART_episr.o)
 .comment       0x00000000       0x71 .\CortexM3\ARM_GCC_493\Debug\CS301_Class.a(USBUART_pm.o)
 .comment       0x00000000       0x71 .\CortexM3\ARM_GCC_493\Debug\CS301_Class.a(USBUART_std.o)
 .comment       0x00000000       0x71 .\CortexM3\ARM_GCC_493\Debug\CS301_Class.a(USBUART_vnd.o)
 .comment       0x00000000       0x71 .\CortexM3\ARM_GCC_493\Debug\CS301_Class.a(ADC_SAR.o)
 .comment       0x00000000       0x71 .\CortexM3\ARM_GCC_493\Debug\CS301_Class.a(ADC_TempBuf_dma.o)
 .comment       0x00000000       0x71 .\CortexM3\ARM_GCC_493\Debug\CS301_Class.a(ADC_FinalBuf_dma.o)
 .comment       0x00000000       0x71 .\CortexM3\ARM_GCC_493\Debug\CS301_Class.a(ADC_IRQ.o)
 .comment       0x00000000       0x71 .\CortexM3\ARM_GCC_493\Debug\CS301_Class.a(USBUART_Dp.o)
 .comment       0x00000000       0x71 .\CortexM3\ARM_GCC_493\Debug\CS301_Class.a(CyDmac.o)
 .comment       0x00000000       0x71 .\CortexM3\ARM_GCC_493\Debug\CS301_Class.a(CyLib.o)
 .comment       0x00000000       0x71 .\CortexM3\ARM_GCC_493\Debug\CS301_Class.a(cyPm.o)
 .comment       0x00000000       0x71 .\CortexM3\ARM_GCC_493\Debug\CS301_Class.a(PWM_1.o)
 .comment       0x00000000       0x71 .\CortexM3\ARM_GCC_493\Debug\CS301_Class.a(isr_eoc.o)
 .comment       0x00000000       0x71 .\CortexM3\ARM_GCC_493\Debug\CS301_Class.a(PWM_2.o)
 .comment       0x00000000       0x71 .\CortexM3\ARM_GCC_493\Debug\CS301_Class.a(LED.o)
 .comment       0x00000000       0x71 .\CortexM3\ARM_GCC_493\Debug\CS301_Class.a(QuadDec_M1.o)
 .comment       0x00000000       0x71 .\CortexM3\ARM_GCC_493\Debug\CS301_Class.a(QuadDec_M2.o)
 .comment       0x00000000       0x71 .\CortexM3\ARM_GCC_493\Debug\CS301_Class.a(QuadDec_M1_Cnt16.o)
 .comment       0x00000000       0x71 .\CortexM3\ARM_GCC_493\Debug\CS301_Class.a(QuadDec_M2_Cnt16.o)
 .comment       0x00000000       0x71 .\CortexM3\ARM_GCC_493\Debug\CS301_Class.a(INV2.o)
 .comment       0x00000000       0x71 .\CortexM3\ARM_GCC_493\Debug\CS301_Class.a(INV1.o)
 .comment       0x00000000       0x71 .\CortexM3\ARM_GCC_493\Debug\CS301_Class.a(ADC_DEBUG.o)
 .comment       0x00000000       0x71 .\CortexM3\ARM_GCC_493\Debug\CS301_Class.a(USBUART_cdc.o)
 .comment       0x00000000       0x71 .\CortexM3\ARM_GCC_493\Debug\CS301_Class.a(USBUART_cls.o)
 .comment       0x00000000       0x71 .\CortexM3\ARM_GCC_493\Debug\CS301_Class.a(USBUART_descr.o)
 .comment       0x00000000       0x71 .\CortexM3\ARM_GCC_493\Debug\CS301_Class.a(CyFlash.o)
 .comment       0x00000000       0x71 .\CortexM3\ARM_GCC_493\Debug\CS301_Class.a(CySpc.o)

.debug_weaknames
 *(.debug_weaknames)

.debug_funcnames
 *(.debug_funcnames)

.debug_typenames
 *(.debug_typenames)

.debug_varnames
 *(.debug_varnames)

.note.gnu.arm.ident
 *(.note.gnu.arm.ident)

.ARM.attributes
                0x00000000       0x29
 *(.ARM.attributes)
 .ARM.attributes
                0x00000000       0x1d c:/program files (x86)/cypress/psoc creator/3.3/psoc creator/import/gnu/arm/4.9.3/bin/../lib/gcc/arm-none-eabi/4.9.3/armv7-m/crti.o
 .ARM.attributes
                0x0000001d       0x2d c:/program files (x86)/cypress/psoc creator/3.3/psoc creator/import/gnu/arm/4.9.3/bin/../lib/gcc/arm-none-eabi/4.9.3/armv7-m/crtbegin.o
 .ARM.attributes
                0x0000004a       0x1b c:/program files (x86)/cypress/psoc creator/3.3/psoc creator/import/gnu/arm/4.9.3/bin/../lib/gcc/arm-none-eabi/4.9.3/../../../../arm-none-eabi/lib/armv7-m/crt0.o
 .ARM.attributes
                0x00000065       0x33 .\CortexM3\ARM_GCC_493\Debug\main.o
 .ARM.attributes
                0x00000098       0x33 .\CortexM3\ARM_GCC_493\Debug\tacho.o
 .ARM.attributes
                0x000000cb       0x33 .\CortexM3\ARM_GCC_493\Debug\cymetadata.o
 .ARM.attributes
                0x000000fe       0x33 .\CortexM3\ARM_GCC_493\Debug\Cm3Start.o
 .ARM.attributes
                0x00000131       0x33 .\CortexM3\ARM_GCC_493\Debug\CS301_Class.a(cyfitter_cfg.o)
 .ARM.attributes
                0x00000164       0x33 .\CortexM3\ARM_GCC_493\Debug\CS301_Class.a(ADC.o)
 .ARM.attributes
                0x00000197       0x33 .\CortexM3\ARM_GCC_493\Debug\CS301_Class.a(isr_TS.o)
 .ARM.attributes
                0x000001ca       0x33 .\CortexM3\ARM_GCC_493\Debug\CS301_Class.a(Timer_TS.o)
 .ARM.attributes
                0x000001fd       0x33 .\CortexM3\ARM_GCC_493\Debug\CS301_Class.a(USBUART.o)
 .ARM.attributes
                0x00000230       0x33 .\CortexM3\ARM_GCC_493\Debug\CS301_Class.a(USBUART_drv.o)