Archive member included because of file (symbol)

.\CortexM3\ARM_GCC_493\Debug\CS301_Class.a(cyfitter_cfg.o)
                              .\CortexM3\ARM_GCC_493\Debug\Cm3Start.o (cyfitter_cfg)
.\CortexM3\ARM_GCC_493\Debug\CS301_Class.a(ADC.o)
                              .\CortexM3\ARM_GCC_493\Debug\main.o (ADC_Start)
.\CortexM3\ARM_GCC_493\Debug\CS301_Class.a(isr_TS.o)
                              .\CortexM3\ARM_GCC_493\Debug\main.o (isr_TS_Start)
.\CortexM3\ARM_GCC_493\Debug\CS301_Class.a(Timer_TS.o)
                              .\CortexM3\ARM_GCC_493\Debug\main.o (Timer_TS_Start)
.\CortexM3\ARM_GCC_493\Debug\CS301_Class.a(USBUART.o)
                              .\CortexM3\ARM_GCC_493\Debug\main.o (USBUART_Start)
.\CortexM3\ARM_GCC_493\Debug\CS301_Class.a(USBUART_drv.o)
                              .\CortexM3\ARM_GCC_493\Debug\CS301_Class.a(USBUART.o) (USBUART_EP)
.\CortexM3\ARM_GCC_493\Debug\CS301_Class.a(USBUART_episr.o)
                              .\CortexM3\ARM_GCC_493\Debug\CS301_Class.a(USBUART.o) (USBUART_EP_1_ISR)
.\CortexM3\ARM_GCC_493\Debug\CS301_Class.a(USBUART_pm.o)
                              .\CortexM3\ARM_GCC_493\Debug\CS301_Class.a(USBUART.o) (USBUART_DP_ISR)
.\CortexM3\ARM_GCC_493\Debug\CS301_Class.a(USBUART_std.o)
                              .\CortexM3\ARM_GCC_493\Debug\CS301_Class.a(USBUART_drv.o) (USBUART_HandleStandardRqst)
.\CortexM3\ARM_GCC_493\Debug\CS301_Class.a(USBUART_vnd.o)
                              .\CortexM3\ARM_GCC_493\Debug\CS301_Class.a(USBUART_drv.o) (USBUART_HandleVendorRqst)
.\CortexM3\ARM_GCC_493\Debug\CS301_Class.a(ADC_SAR.o)
                              .\CortexM3\ARM_GCC_493\Debug\CS301_Class.a(ADC.o) (ADC_SAR_shift)
.\CortexM3\ARM_GCC_493\Debug\CS301_Class.a(ADC_TempBuf_dma.o)
                              .\CortexM3\ARM_GCC_493\Debug\CS301_Class.a(ADC.o) (ADC_TempBuf_DmaInitialize)
.\CortexM3\ARM_GCC_493\Debug\CS301_Class.a(ADC_FinalBuf_dma.o)
                              .\CortexM3\ARM_GCC_493\Debug\CS301_Class.a(ADC.o) (ADC_FinalBuf_DmaInitialize)
.\CortexM3\ARM_GCC_493\Debug\CS301_Class.a(ADC_IRQ.o)
                              .\CortexM3\ARM_GCC_493\Debug\CS301_Class.a(ADC.o) (ADC_IRQ_SetVector)
.\CortexM3\ARM_GCC_493\Debug\CS301_Class.a(USBUART_Dp.o)
                              .\CortexM3\ARM_GCC_493\Debug\CS301_Class.a(USBUART_pm.o) (USBUART_Dp_ClearInterrupt)
.\CortexM3\ARM_GCC_493\Debug\CS301_Class.a(CyBootAsmGnu.o)
                              .\CortexM3\ARM_GCC_493\Debug\CS301_Class.a(cyfitter_cfg.o) (CyDelayCycles)
.\CortexM3\ARM_GCC_493\Debug\CS301_Class.a(CyDmac.o)
                              .\CortexM3\ARM_GCC_493\Debug\Cm3Start.o (CyDmacConfigure)
.\CortexM3\ARM_GCC_493\Debug\CS301_Class.a(CyLib.o)
                              .\CortexM3\ARM_GCC_493\Debug\Cm3Start.o (CyResetStatus)
.\CortexM3\ARM_GCC_493\Debug\CS301_Class.a(cyPm.o)
                              .\CortexM3\ARM_GCC_493\Debug\CS301_Class.a(CyLib.o) (CyPmReadStatus)
.\CortexM3\ARM_GCC_493\Debug\CS301_Class.a(PWM_1.o)
                              .\CortexM3\ARM_GCC_493\Debug\main.o (PWM_1_Start)
.\CortexM3\ARM_GCC_493\Debug\CS301_Class.a(isr_eoc.o)
                              .\CortexM3\ARM_GCC_493\Debug\main.o (isr_eoc_StartEx)
.\CortexM3\ARM_GCC_493\Debug\CS301_Class.a(PWM_2.o)
                              .\CortexM3\ARM_GCC_493\Debug\main.o (PWM_2_Start)
.\CortexM3\ARM_GCC_493\Debug\CS301_Class.a(QuadDec_M1.o)
                              .\CortexM3\ARM_GCC_493\Debug\main.o (QuadDec_M1_Start)
.\CortexM3\ARM_GCC_493\Debug\CS301_Class.a(QuadDec_M2.o)
                              .\CortexM3\ARM_GCC_493\Debug\main.o (QuadDec_M2_Start)
.\CortexM3\ARM_GCC_493\Debug\CS301_Class.a(QuadDec_M1_Cnt16.o)
                              .\CortexM3\ARM_GCC_493\Debug\CS301_Class.a(QuadDec_M1.o) (QuadDec_M1_Cnt16_WriteCounter)
.\CortexM3\ARM_GCC_493\Debug\CS301_Class.a(QuadDec_M2_Cnt16.o)
                              .\CortexM3\ARM_GCC_493\Debug\CS301_Class.a(QuadDec_M2.o) (QuadDec_M2_Cnt16_WriteCounter)
.\CortexM3\ARM_GCC_493\Debug\CS301_Class.a(INV2.o)
                              .\CortexM3\ARM_GCC_493\Debug\main.o (INV2_Write)
.\CortexM3\ARM_GCC_493\Debug\CS301_Class.a(INV1.o)
                              .\CortexM3\ARM_GCC_493\Debug\main.o (INV1_Write)
.\CortexM3\ARM_GCC_493\Debug\CS301_Class.a(ADC_DEBUG.o)
                              .\CortexM3\ARM_GCC_493\Debug\main.o (ADC_DEBUG_Write)
.\CortexM3\ARM_GCC_493\Debug\CS301_Class.a(USBUART_cdc.o)
                              .\CortexM3\ARM_GCC_493\Debug\CS301_Class.a(USBUART_std.o) (USBUART_Cdc_EpInit)
.\CortexM3\ARM_GCC_493\Debug\CS301_Class.a(USBUART_cls.o)
                              .\CortexM3\ARM_GCC_493\Debug\CS301_Class.a(USBUART_drv.o) (USBUART_DispatchClassRqst)
.\CortexM3\ARM_GCC_493\Debug\CS301_Class.a(USBUART_descr.o)
                              .\CortexM3\ARM_GCC_493\Debug\CS301_Class.a(USBUART_std.o) (USBUART_DEVICE0_DESCR)
.\CortexM3\ARM_GCC_493\Debug\CS301_Class.a(CyFlash.o)
[...]
Memory Configuration

Name             Origin             Length             Attributes
rom              0x00000000         0x00040000         xr
ram              0x1fff8000         0x00010000         xrw
*default*        0x00000000         0xffffffff

Linker script and memory map

LOAD c:/program files (x86)/cypress/psoc creator/3.3/psoc creator/import/gnu/arm/4.9.3/bin/../lib/gcc/arm-none-eabi/4.9.3/armv7-m/crti.o
LOAD c:/program files (x86)/cypress/psoc creator/3.3/psoc creator/import/gnu/arm/4.9.3/bin/../lib/gcc/arm-none-eabi/4.9.3/armv7-m/crtbegin.o
LOAD c:/program files (x86)/cypress/psoc creator/3.3/psoc creator/import/gnu/arm/4.9.3/bin/../lib/gcc/arm-none-eabi/4.9.3/../../../../arm-none-eabi/lib/armv7-m/crt0.o
START GROUP
LOAD .\CortexM3\ARM_GCC_493\Debug\main.o
LOAD .\CortexM3\ARM_GCC_493\Debug\tacho.o
LOAD .\CortexM3\ARM_GCC_493\Debug\cymetadata.o
LOAD .\CortexM3\ARM_GCC_493\Debug\Cm3Start.o
LOAD .\CortexM3\ARM_GCC_493\Debug\CS301_Class.a
LOAD C:\Program Files (x86)\Cypress\PSoC Creator\3.3\PSoC Creator\psoc\content\cycomponentlibrary\CyComponentLibrary.cylib\CortexM3\ARM_GCC_493\Debug\CyComponentLibrary.a
END GROUP
START GROUP
LOAD c:/program files (x86)/cypress/psoc creator/3.3/psoc creator/import/gnu/arm/4.9.3/bin/../lib/gcc/arm-none-eabi/4.9.3/armv7-m\libgcc.a
LOAD c:/program files (x86)/cypress/psoc creator/3.3/psoc creator/import/gnu/arm/4.9.3/bin/../lib/gcc/arm-none-eabi/4.9.3/../../../../arm-none-eabi/lib/armv7-m\libg_nano.a
LOAD c:/program files (x86)/cypress/psoc creator/3.3/psoc creator/import/gnu/arm/4.9.3/bin/../lib/gcc/arm-none-eabi/4.9.3/../../../../arm-none-eabi/lib/armv7-m\libc_nano.a
END GROUP
START GROUP
LOAD c:/program files (x86)/cypress/psoc creator/3.3/psoc creator/import/gnu/arm/4.9.3/bin/../lib/gcc/arm-none-eabi/4.9.3/armv7-m\libgcc.a
LOAD c:/program files (x86)/cypress/psoc creator/3.3/psoc creator/import/gnu/arm/4.9.3/bin/../lib/gcc/arm-none-eabi/4.9.3/../../../../arm-none-eabi/lib/armv7-m\libc_nano.a
END GROUP
LOAD c:/program files (x86)/cypress/psoc creator/3.3/psoc creator/import/gnu/arm/4.9.3/bin/../lib/gcc/arm-none-eabi/4.9.3/armv7-m/crtend.o
LOAD c:/program files (x86)/cypress/psoc creator/3.3/psoc creator/import/gnu/arm/4.9.3/bin/../lib/gcc/arm-none-eabi/4.9.3/armv7-m/crtn.o
START GROUP
LOAD c:/program files (x86)/cypress/psoc creator/3.3/psoc creator/import/gnu/arm/4.9.3/bin/../lib/gcc/arm-none-eabi/4.9.3/armv7-m\libgcc.a
LOAD c:/program files (x86)/cypress/psoc creator/3.3/psoc creator/import/gnu/arm/4.9.3/bin/../lib/gcc/arm-none-eabi/4.9.3/../../../../arm-none-eabi/lib/armv7-m\libc.a
LOAD c:/program files (x86)/cypress/psoc creator/3.3/psoc creator/import/gnu/arm/4.9.3/bin/../lib/gcc/arm-none-eabi/4.9.3/../../../../arm-none-eabi/lib/armv7-m\libnosys.a
END GROUP
                0x00000000                CY_APPL_ORIGIN = 0x0
                0x00000100                CY_FLASH_ROW_SIZE = 0x100
                0x00000020                CY_ECC_ROW_SIZE = 0x20
                0x00000000                CY_EE_IN_BTLDR = 0x0
                0x00000000                CY_APPL_LOADABLE = 0x0
                0x00000800                CY_EE_SIZE = 0x800
                0x00000001                CY_APPL_NUM = 0x1
                0x00000001                CY_APPL_MAX = 0x1
                0x00000040                CY_METADATA_SIZE = 0x40
                0x00000000                CY_APPL_LOADABLE = 0x0
                0x00000000                CY_CHECKSUM_EXCLUDE_SIZE = ALIGN (0x0, CY_FLASH_ROW_SIZE)
                0x1fff82c0                PROVIDE (__cy_heap_start, _end)
                0x00000001                PROVIDE (__cy_region_num, ((__cy_regions_end - __cy_regions) / 0x10))
                0x20008000                PROVIDE (__cy_stack, (ORIGIN (ram) + 0x10000))
                0x20007800                PROVIDE (__cy_heap_end, (__cy_stack - 0x800))

.cybootloader   0x00000000        0x0
 *(.cybootloader)
                0x00000000                appl1_start = CY_APPL_ORIGIN?CY_APPL_ORIGIN:ALIGN (CY_FLASH_ROW_SIZE)
                0x0001ff00                appl2_start = (appl1_start + ALIGN ((((0x40000 - appl1_start) - (0x2 * CY_FLASH_ROW_SIZE)) / 0x2), CY_FLASH_ROW_SIZE))
                0x00000000                appl_start = (CY_APPL_NUM == 0x1)?appl1_start:appl2_start
                0x00000000                ecc_offset = ((appl_start / CY_FLASH_ROW_SIZE) * CY_ECC_ROW_SIZE)
                0x00000000                ee_offset = (CY_APPL_LOADABLE && ! (CY_EE_IN_BTLDR))?((CY_EE_SIZE / CY_APPL_MAX) * (CY_APPL_NUM - 0x1)):0x0
                0x00000800                ee_size = (CY_APPL_LOADABLE && ! (CY_EE_IN_BTLDR))?(CY_EE_SIZE / CY_APPL_MAX):CY_EE_SIZE
                0x00000000                PROVIDE (CY_ECC_OFFSET, ecc_offset)

.text           0x00000000     0x4e8a
 CREATE_OBJECT_SYMBOLS
                0x00000000                PROVIDE (__cy_interrupt_vector, RomVectors)
 *(.romvectors)
 .romvectors    0x00000000       0x10 .\CortexM3\ARM_GCC_493\Debug\Cm3Start.o
                0x00000000                RomVectors
                0x00000001                ASSERT ((. != __cy_interrupt_vector), No interrupt vector)
                0x00000001                ASSERT (CY_APPL_ORIGIN?(SIZEOF (.cybootloader) <= CY_APPL_ORIGIN):0x1, Wrong image location)
                0x00000010                PROVIDE (__cy_reset, Reset)
 *(.text.Reset)
 .text.Reset    0x00000010       0x18 .\CortexM3\ARM_GCC_493\Debug\Cm3Start.o
                0x00000010                Reset
                0x00000001                ASSERT ((. != __cy_reset), No reset code)
 *(.dma_init)
                0x00000001                ASSERT ((((appl_start + .) <= 0x10000) || 0x1), DMA Init must be within the first 64k of flash)
 *(.text .text.* .gnu.linkonce.t.*)
 .text          0x00000028       0x5c c:/program files (x86)/cypress/psoc creator/3.3/psoc creator/import/gnu/arm/4.9.3/bin/../lib/gcc/arm-none-eabi/4.9.3/armv7-m/crtbegin.o
 .text.ENCODER_ISR
                0x00000084       0x30 .\CortexM3\ARM_GCC_493\Debug\main.o
                0x00000084                ENCODER_ISR
 .text.ADC_ISR  0x000000b4       0x18 .\CortexM3\ARM_GCC_493\Debug\main.o
                0x000000b4                ADC_ISR
 .text.main     0x000000cc       0x90 .\CortexM3\ARM_GCC_493\Debug\main.o
                0x000000cc                main
 *fill*         0x0000015c        0x4 
 .text.getDistance
                0x00000160       0xd0 .\CortexM3\ARM_GCC_493\Debug\main.o
                0x00000160                getDistance
 .text.turnForDegrees
                0x00000230       0x8c .\CortexM3\ARM_GCC_493\Debug\main.o
                0x00000230                turnForDegrees
 .text.getValForChannel
                0x000002bc       0x24 .\CortexM3\ARM_GCC_493\Debug\main.o
                0x000002bc                getValForChannel
 .text.updateSensorValues
                0x000002e0       0xb4 .\CortexM3\ARM_GCC_493\Debug\main.o
                0x000002e0                updateSensorValues
 .text.changeLeftWheelSpeed
                0x00000394       0x2c .\CortexM3\ARM_GCC_493\Debug\main.o
                0x00000394                changeLeftWheelSpeed
 .text.changeRightWheelSpeed
                0x000003c0       0x2c .\CortexM3\ARM_GCC_493\Debug\main.o
                0x000003c0                changeRightWheelSpeed
 .text.correctSpeed
                0x000003ec       0x54 .\CortexM3\ARM_GCC_493\Debug\main.o
                0x000003ec                correctSpeed
 .text.setWheelDirection
                0x00000440       0x2c .\CortexM3\ARM_GCC_493\Debug\main.o
                0x00000440                setWheelDirection
 .text.sharpTurnLeft
                0x0000046c      0x114 .\CortexM3\ARM_GCC_493\Debug\main.o
                0x0000046c                sharpTurnLeft
 .text.IntDefaultHandler
                0x00000580        0x8 .\CortexM3\ARM_GCC_493\Debug\Cm3Start.o
                0x00000580                IntDefaultHandler
 .text.Start_c  0x00000588       0x98 .\CortexM3\ARM_GCC_493\Debug\Cm3Start.o
                0x00000588                Start_c
 .text.initialize_psoc
                0x00000620       0x90 .\CortexM3\ARM_GCC_493\Debug\Cm3Start.o
                0x00000620                initialize_psoc
 .text.CYMEMZERO
                0x000006b0       0x1c .\CortexM3\ARM_GCC_493\Debug\CS301_Class.a(cyfitter_cfg.o)
 .text.CYCONFIGCPY
                0x000006cc       0x1c .\CortexM3\ARM_GCC_493\Debug\CS301_Class.a(cyfitter_cfg.o)
 .text.CyClockStartupError
                0x000006e8        0xc .\CortexM3\ARM_GCC_493\Debug\CS301_Class.a(cyfitter_cfg.o)
 .text.cfg_write_bytes32
                0x000006f4       0x74 .\CortexM3\ARM_GCC_493\Debug\CS301_Class.a(cyfitter_cfg.o)
 .text.ClockSetup
                0x00000768      0x154 .\CortexM3\ARM_GCC_493\Debug\CS301_Class.a(cyfitter_cfg.o)
 .text.AnalogSetDefault
                0x000008bc       0xc4 .\CortexM3\ARM_GCC_493\Debug\CS301_Class.a(cyfitter_cfg.o)
 .text.cyfitter_cfg
                0x00000980      0x1dc .\CortexM3\ARM_GCC_493\Debug\CS301_Class.a(cyfitter_cfg.o)
                0x00000980                cyfitter_cfg
 .text.ADC_Init
                0x00000b5c       0x50 .\CortexM3\ARM_GCC_493\Debug\CS301_Class.a(ADC.o)
                0x00000b5c                ADC_Init
 .text.ADC_Enable
                0x00000bac      0x13c .\CortexM3\ARM_GCC_493\Debug\CS301_Class.a(ADC.o)
                0x00000bac                ADC_Enable
 .text.ADC_Start
                0x00000ce8       0x2c .\CortexM3\ARM_GCC_493\Debug\CS301_Class.a(ADC.o)
                0x00000ce8                ADC_Start
 .text.ADC_StartConvert
                0x00000d14        0xc .\CortexM3\ARM_GCC_493\Debug\CS301_Class.a(ADC.o)
                0x00000d14                ADC_StartConvert
 .text.ADC_GetResult16
                0x00000d20       0x3c .\CortexM3\ARM_GCC_493\Debug\CS301_Class.a(ADC.o)
                0x00000d20                ADC_GetResult16
 .text.ADC_CountsTo_mVolts
                0x00000d5c       0x20 .\CortexM3\ARM_GCC_493\Debug\CS301_Class.a(ADC.o)
                0x00000d5c                ADC_CountsTo_mVolts
 .text.isr_TS_Start
                0x00000d7c       0x20 .\CortexM3\ARM_GCC_493\Debug\CS301_Class.a(isr_TS.o)
                0x00000d7c                isr_TS_Start
 .text.isr_TS_StartEx
                0x00000d9c       0x24 .\CortexM3\ARM_GCC_493\Debug\CS301_Class.a(isr_TS.o)
                0x00000d9c                isr_TS_StartEx
 .text.isr_TS_Interrupt
                0x00000dc0       0x1c .\CortexM3\ARM_GCC_493\Debug\CS301_Class.a(isr_TS.o)
                0x00000dc0                isr_TS_Interrupt
 .text.isr_TS_SetVector
                0x00000ddc       0x24 .\CortexM3\ARM_GCC_493\Debug\CS301_Class.a(isr_TS.o)
                0x00000ddc                isr_TS_SetVector
 .text.isr_TS_SetPriority
                0x00000e00       0x24 .\CortexM3\ARM_GCC_493\Debug\CS301_Class.a(isr_TS.o)
                0x00000e00                isr_TS_SetPriority
 .text.isr_TS_Enable
                0x00000e24       0x18 .\CortexM3\ARM_GCC_493\Debug\CS301_Class.a(isr_TS.o)
                0x00000e24                isr_TS_Enable
 .text.isr_TS_Disable
                0x00000e3c       0x18 .\CortexM3\ARM_GCC_493\Debug\CS301_Class.a(isr_TS.o)
                0x00000e3c                isr_TS_Disable
 .text.Timer_TS_Init
                0x00000e54       0x9c .\CortexM3\ARM_GCC_493\Debug\CS301_Class.a(Timer_TS.o)
                0x00000e54                Timer_TS_Init
 .text.Timer_TS_Enable
                0x00000ef0       0x48 .\CortexM3\ARM_GCC_493\Debug\CS301_Class.a(Timer_TS.o)
                0x00000ef0                Timer_TS_Enable
 .text.Timer_TS_Start
                0x00000f38       0x20 .\CortexM3\ARM_GCC_493\Debug\CS301_Class.a(Timer_TS.o)
                0x00000f38                Timer_TS_Start
 .text.Timer_TS_SetInterruptMode
                0x00000f58       0x20 .\CortexM3\ARM_GCC_493\Debug\CS301_Class.a(Timer_TS.o)
                0x00000f58                Timer_TS_SetInterruptMode
 .text.Timer_TS_WritePeriod
                0x00000f78       0x24 .\CortexM3\ARM_GCC_493\Debug\CS301_Class.a(Timer_TS.o)
                0x00000f78                Timer_TS_WritePeriod
 .text.Timer_TS_WriteCounter
                0x00000f9c       0x20 .\CortexM3\ARM_GCC_493\Debug\CS301_Class.a(Timer_TS.o)
                0x00000f9c                Timer_TS_WriteCounter
 .text.USBUART_Start
                0x00000fbc       0x38 .\CortexM3\ARM_GCC_493\Debug\CS301_Class.a(USBUART.o)
                0x00000fbc                USBUART_Start
 .text.USBUART_Init
                0x00000ff4      0x1a0 .\CortexM3\ARM_GCC_493\Debug\CS301_Class.a(USBUART.o)
                0x00000ff4                USBUART_Init
 .text.USBUART_InitComponent
                0x00001194      0x100 .\CortexM3\ARM_GCC_493\Debug\CS301_Class.a(USBUART.o)
                0x00001194                USBUART_InitComponent
 .text.USBUART_ReInitComponent
                0x00001294       0x68 .\CortexM3\ARM_GCC_493\Debug\CS301_Class.a(USBUART.o)
                0x00001294                USBUART_ReInitComponent
 .text.USBUART_EP_0_ISR
                0x000012fc       0xf8 .\CortexM3\ARM_GCC_493\Debug\CS301_Class.a(USBUART_drv.o)
                0x000012fc                USBUART_EP_0_ISR
 .text.USBUART_HandleSetup
                0x000013f4       0x88 .\CortexM3\ARM_GCC_493\Debug\CS301_Class.a(USBUART_drv.o)
                0x000013f4                USBUART_HandleSetup
 .text.USBUART_HandleIN
                0x0000147c       0x4c .\CortexM3\ARM_GCC_493\Debug\CS301_Class.a(USBUART_drv.o)
                0x0000147c                USBUART_HandleIN
 .text.USBUART_HandleOUT
                0x000014c8       0x58 .\CortexM3\ARM_GCC_493\Debug\CS301_Class.a(USBUART_drv.o)
                0x000014c8                USBUART_HandleOUT
 .text.USBUART_LoadEP0
                0x00001520       0xd0 .\CortexM3\ARM_GCC_493\Debug\CS301_Class.a(USBUART_drv.o)
                0x00001520                USBUART_LoadEP0
 .text.USBUART_InitControlRead
                0x000015f0       0x70 .\CortexM3\ARM_GCC_493\Debug\CS301_Class.a(USBUART_drv.o)
                0x000015f0                USBUART_InitControlRead
 .text.USBUART_InitZeroLengthControlTransfer
                0x00001660       0x44 .\CortexM3\ARM_GCC_493\Debug\CS301_Class.a(USBUART_drv.o)
                0x00001660                USBUART_InitZeroLengthControlTransfer
 .text.USBUART_ControlReadDataStage
                0x000016a4        0xc .\CortexM3\ARM_GCC_493\Debug\CS301_Class.a(USBUART_drv.o)
                0x000016a4                USBUART_ControlReadDataStage
 .text.USBUART_ControlReadStatusStage
                0x000016b0       0x40 .\CortexM3\ARM_GCC_493\Debug\CS301_Class.a(USBUART_drv.o)
                0x000016b0                USBUART_ControlReadStatusStage
 .text.USBUART_InitControlWrite
                0x000016f0       0x64 .\CortexM3\ARM_GCC_493\Debug\CS301_Class.a(USBUART_drv.o)
                0x000016f0                USBUART_InitControlWrite
 .text.USBUART_ControlWriteDataStage
                0x00001754       0xb4 .\CortexM3\ARM_GCC_493\Debug\CS301_Class.a(USBUART_drv.o)
                0x00001754                USBUART_ControlWriteDataStage
 .text.USBUART_ControlWriteStatusStage
                0x00001808       0x20 .\CortexM3\ARM_GCC_493\Debug\CS301_Class.a(USBUART_drv.o)
                0x00001808                USBUART_ControlWriteStatusStage
 .text.USBUART_InitNoDataControlTransfer
                0x00001828       0x38 .\CortexM3\ARM_GCC_493\Debug\CS301_Class.a(USBUART_drv.o)
                0x00001828                USBUART_InitNoDataControlTransfer
 .text.USBUART_NoDataControlStatusStage
                0x00001860       0x48 .\CortexM3\ARM_GCC_493\Debug\CS301_Class.a(USBUART_drv.o)
                0x00001860                USBUART_NoDataControlStatusStage
 .text.USBUART_UpdateStatusBlock
                0x000018a8       0x40 .\CortexM3\ARM_GCC_493\Debug\CS301_Class.a(USBUART_drv.o)
                0x000018a8                USBUART_UpdateStatusBlock
 .text.USBUART_InitializeStatusBlock
                0x000018e8       0x34 .\CortexM3\ARM_GCC_493\Debug\CS301_Class.a(USBUART_drv.o)
                0x000018e8                USBUART_InitializeStatusBlock
 .text.USBUART_EP_1_ISR
                0x0000191c       0x54 .\CortexM3\ARM_GCC_493\Debug\CS301_Class.a(USBUART_episr.o)
                0x0000191c                USBUART_EP_1_ISR
 .text.USBUART_EP_2_ISR
                0x00001970       0x54 .\CortexM3\ARM_GCC_493\Debug\CS301_Class.a(USBUART_episr.o)
                0x00001970                USBUART_EP_2_ISR
 .text.USBUART_EP_3_ISR
                0x000019c4       0x5c .\CortexM3\ARM_GCC_493\Debug\CS301_Class.a(USBUART_episr.o)
                0x000019c4                USBUART_EP_3_ISR
 .text.USBUART_SOF_ISR
                0x00001a20        0xc .\CortexM3\ARM_GCC_493\Debug\CS301_Class.a(USBUART_episr.o)
                0x00001a20                USBUART_SOF_ISR
 .text.USBUART_BUS_RESET_ISR
                0x00001a2c        0xc .\CortexM3\ARM_GCC_493\Debug\CS301_Class.a(USBUART_episr.o)
                0x00001a2c                USBUART_BUS_RESET_ISR
 .text.USBUART_DP_ISR
                0x00001a38        0xc .\CortexM3\ARM_GCC_493\Debug\CS301_Class.a(USBUART_pm.o)
                0x00001a38                USBUART_DP_ISR
 .text.USBUART_HandleStandardRqst
                0x00001a44      0x48c .\CortexM3\ARM_GCC_493\Debug\CS301_Class.a(USBUART_std.o)
                0x00001a44                USBUART_HandleStandardRqst
 .text.USBUART_ReadDieID
                0x00001ed0       0xd4 .\CortexM3\ARM_GCC_493\Debug\CS301_Class.a(USBUART_std.o)
                0x00001ed0                USBUART_ReadDieID
 .text.USBUART_ConfigReg
                0x00001fa4      0x11c .\CortexM3\ARM_GCC_493\Debug\CS301_Class.a(USBUART_std.o)
                0x00001fa4                USBUART_ConfigReg
 .text.USBUART_Config
                0x000020c0      0x394 .\CortexM3\ARM_GCC_493\Debug\CS301_Class.a(USBUART_std.o)
                0x000020c0                USBUART_Config
 .text.USBUART_ConfigAltChanged
                0x00002454      0x23c .\CortexM3\ARM_GCC_493\Debug\CS301_Class.a(USBUART_std.o)
                0x00002454                USBUART_ConfigAltChanged
 .text.USBUART_GetConfigTablePtr
                0x00002690       0x54 .\CortexM3\ARM_GCC_493\Debug\CS301_Class.a(USBUART_std.o)
                0x00002690                USBUART_GetConfigTablePtr
 .text.USBUART_GetDeviceTablePtr
                0x000026e4       0x24 .\CortexM3\ARM_GCC_493\Debug\CS301_Class.a(USBUART_std.o)
                0x000026e4                USBUART_GetDeviceTablePtr
 .text.USBUART_GetInterfaceClassTablePtr
                0x00002708       0x4c .\CortexM3\ARM_GCC_493\Debug\CS301_Class.a(USBUART_std.o)
                0x00002708                USBUART_GetInterfaceClassTablePtr
 .text.USBUART_SetEndpointHalt
                0x00002754       0xdc .\CortexM3\ARM_GCC_493\Debug\CS301_Class.a(USBUART_std.o)
                0x00002754                USBUART_SetEndpointHalt
 .text.USBUART_ClearEndpointHalt
                0x00002830      0x130 .\CortexM3\ARM_GCC_493\Debug\CS301_Class.a(USBUART_std.o)
                0x00002830                USBUART_ClearEndpointHalt
 .text.USBUART_ValidateAlternateSetting
                0x00002960       0x70 .\CortexM3\ARM_GCC_493\Debug\CS301_Class.a(USBUART_std.o)
                0x00002960                USBUART_ValidateAlternateSetting
 .text.USBUART_HandleVendorRqst
                0x000029d0       0x54 .\CortexM3\ARM_GCC_493\Debug\CS301_Class.a(USBUART_vnd.o)
                0x000029d0                USBUART_HandleVendorRqst
 .text.ADC_SAR_Start
                0x00002a24       0x20 .\CortexM3\ARM_GCC_493\Debug\CS301_Class.a(ADC_SAR.o)
                0x00002a24                ADC_SAR_Start
 .text.ADC_SAR_Init
                0x00002a44       0x2c .\CortexM3\ARM_GCC_493\Debug\CS301_Class.a(ADC_SAR.o)
                0x00002a44                ADC_SAR_Init
 .text.ADC_SAR_Enable
                0x00002a70       0xc0 .\CortexM3\ARM_GCC_493\Debug\CS301_Class.a(ADC_SAR.o)
                0x00002a70                ADC_SAR_Enable
 .text.ADC_SAR_SetResolution
                0x00002b30       0x50 .\CortexM3\ARM_GCC_493\Debug\CS301_Class.a(ADC_SAR.o)
                0x00002b30                ADC_SAR_SetResolution
 .text.ADC_SAR_StartConvert
                0x00002b80       0x20 .\CortexM3\ARM_GCC_493\Debug\CS301_Class.a(ADC_SAR.o)
                0x00002b80                ADC_SAR_StartConvert
 .text.ADC_SAR_CalcGain
                0x00002ba0       0x80 .\CortexM3\ARM_GCC_493\Debug\CS301_Class.a(ADC_SAR.o)
 .text.ADC_SAR_CountsTo_mVolts
                0x00002c20       0x8c .\CortexM3\ARM_GCC_493\Debug\CS301_Class.a(ADC_SAR.o)
                0x00002c20                ADC_SAR_CountsTo_mVolts
 .text.ADC_TempBuf_DmaInitialize
                0x00002cac       0x68 .\CortexM3\ARM_GCC_493\Debug\CS301_Class.a(ADC_TempBuf_dma.o)
                0x00002cac                ADC_TempBuf_DmaInitialize
 .text.ADC_FinalBuf_DmaInitialize
                0x00002d14       0x68 .\CortexM3\ARM_GCC_493\Debug\CS301_Class.a(ADC_FinalBuf_dma.o)
                0x00002d14                ADC_FinalBuf_DmaInitialize
 .text.ADC_IRQ_SetVector
                0x00002d7c       0x24 .\CortexM3\ARM_GCC_493\Debug\CS301_Class.a(ADC_IRQ.o)
                0x00002d7c                ADC_IRQ_SetVector
 .text.ADC_IRQ_SetPriority
                0x00002da0       0x24 .\CortexM3\ARM_GCC_493\Debug\CS301_Class.a(ADC_IRQ.o)
                0x00002da0                ADC_IRQ_SetPriority
 .text.ADC_IRQ_Enable
                0x00002dc4       0x18 .\CortexM3\ARM_GCC_493\Debug\CS301_Class.a(ADC_IRQ.o)
                0x00002dc4                ADC_IRQ_Enable
 .text.USBUART_Dp_ClearInterrupt
                0x00002ddc       0x20 .\CortexM3\ARM_GCC_493\Debug\CS301_Class.a(USBUART_Dp.o)
                0x00002ddc                USBUART_Dp_ClearInterrupt
 *fill*         0x00002dfc        0x4 
 .text          0x00002e00       0x20 .\CortexM3\ARM_GCC_493\Debug\CS301_Class.a(CyBootAsmGnu.o)
                0x00002e00                CyDelayCycles
                0x00002e10                CyEnterCriticalSection
                0x00002e18                CyExitCriticalSection
 .text.CyDmacConfigure
                0x00002e20       0x5c .\CortexM3\ARM_GCC_493\Debug\CS301_Class.a(CyDmac.o)
                0x00002e20                CyDmacConfigure
 .text.CyDmaChEnable
                0x00002e7c       0x8c .\CortexM3\ARM_GCC_493\Debug\CS301_Class.a(CyDmac.o)
                0x00002e7c                CyDmaChEnable
 .text.CyDmaClearPendingDrq
                0x00002f08       0x64 .\CortexM3\ARM_GCC_493\Debug\CS301_Class.a(CyDmac.o)
                0x00002f08                CyDmaClearPendingDrq
 .text.CyDmaChPriority
                0x00002f6c       0x60 .\CortexM3\ARM_GCC_493\Debug\CS301_Class.a(CyDmac.o)
                0x00002f6c                CyDmaChPriority
 .text.CyDmaChSetExtendedAddress
                0x00002fcc       0x7c .\CortexM3\ARM_GCC_493\Debug\CS301_Class.a(CyDmac.o)
                0x00002fcc                CyDmaChSetExtendedAddress
 .text.CyDmaChSetInitialTd
                0x00003048       0x3c .\CortexM3\ARM_GCC_493\Debug\CS301_Class.a(CyDmac.o)
                0x00003048                CyDmaChSetInitialTd
 .text.CyDmaChSetConfiguration
                0x00003084       0xa0 .\CortexM3\ARM_GCC_493\Debug\CS301_Class.a(CyDmac.o)
                0x00003084                CyDmaChSetConfiguration
 .text.CyDmaTdAllocate
                0x00003124       0x5c .\CortexM3\ARM_GCC_493\Debug\CS301_Class.a(CyDmac.o)
                0x00003124                CyDmaTdAllocate
 .text.CyDmaTdSetConfiguration
                0x00003180       0x80 .\CortexM3\ARM_GCC_493\Debug\CS301_Class.a(CyDmac.o)
                0x00003180                CyDmaTdSetConfiguration
 .text.CyDmaTdSetAddress
                0x00003200       0x5c .\CortexM3\ARM_GCC_493\Debug\CS301_Class.a(CyDmac.o)
                0x00003200                CyDmaTdSetAddress
 .text.CyHalt   0x0000325c       0x18 .\CortexM3\ARM_GCC_493\Debug\CS301_Class.a(CyLib.o)
                0x0000325c                CyHalt
 .text.CyDelay  0x00003274       0x44 .\CortexM3\ARM_GCC_493\Debug\CS301_Class.a(CyLib.o)
                0x00003274                CyDelay
 .text.CyDelayUs
                0x000032b8       0x24 .\CortexM3\ARM_GCC_493\Debug\CS301_Class.a(CyLib.o)
                0x000032b8                CyDelayUs
 .text.CyIntSetVector
                0x000032dc       0x50 .\CortexM3\ARM_GCC_493\Debug\CS301_Class.a(CyLib.o)
                0x000032dc                CyIntSetVector
 .text.CyIntSetPriority
                0x0000332c       0x44 .\CortexM3\ARM_GCC_493\Debug\CS301_Class.a(CyLib.o)
                0x0000332c                CyIntSetPriority
 .text.CyGetUniqueId
                0x00003370       0xc4 .\CortexM3\ARM_GCC_493\Debug\CS301_Class.a(CyLib.o)
                0x00003370                CyGetUniqueId
 .text.PWM_1_Start
                0x00003434       0x20 .\CortexM3\ARM_GCC_493\Debug\CS301_Class.a(PWM_1.o)
                0x00003434                PWM_1_Start
 .text.PWM_1_Init
                0x00003454       0xc0 .\CortexM3\ARM_GCC_493\Debug\CS301_Class.a(PWM_1.o)
                0x00003454                PWM_1_Init
 .text.PWM_1_Enable
                0x00003514       0x48 .\CortexM3\ARM_GCC_493\Debug\CS301_Class.a(PWM_1.o)
                0x00003514                PWM_1_Enable
 .text.PWM_1_WritePeriod
                0x0000355c       0x20 .\CortexM3\ARM_GCC_493\Debug\CS301_Class.a(PWM_1.o)
                0x0000355c                PWM_1_WritePeriod
 .text.PWM_1_WriteCompare
                0x0000357c       0x20 .\CortexM3\ARM_GCC_493\Debug\CS301_Class.a(PWM_1.o)
                0x0000357c                PWM_1_WriteCompare
 .text.PWM_1_SetInterruptMode
                0x0000359c       0x20 .\CortexM3\ARM_GCC_493\Debug\CS301_Class.a(PWM_1.o)
                0x0000359c                PWM_1_SetInterruptMode
 .text.PWM_1_ReadCompare
                0x000035bc       0x18 .\CortexM3\ARM_GCC_493\Debug\CS301_Class.a(PWM_1.o)
                0x000035bc                PWM_1_ReadCompare
 .text.isr_eoc_StartEx
                0x000035d4       0x24 .\CortexM3\ARM_GCC_493\Debug\CS301_Class.a(isr_eoc.o)
                0x000035d4                isr_eoc_StartEx
 .text.isr_eoc_SetVector
                0x000035f8       0x24 .\CortexM3\ARM_GCC_493\Debug\CS301_Class.a(isr_eoc.o)
                0x000035f8                isr_eoc_SetVector
 .text.isr_eoc_SetPriority
                0x0000361c       0x24 .\CortexM3\ARM_GCC_493\Debug\CS301_Class.a(isr_eoc.o)
                0x0000361c                isr_eoc_SetPriority
 .text.isr_eoc_Enable
                0x00003640       0x18 .\CortexM3\ARM_GCC_493\Debug\CS301_Class.a(isr_eoc.o)
                0x00003640                isr_eoc_Enable
 .text.isr_eoc_Disable
                0x00003658       0x18 .\CortexM3\ARM_GCC_493\Debug\CS301_Class.a(isr_eoc.o)
                0x00003658                isr_eoc_Disable
 .text.PWM_2_Start
                0x00003670       0x20 .\CortexM3\ARM_GCC_493\Debug\CS301_Class.a(PWM_2.o)
                0x00003670                PWM_2_Start
 .text.PWM_2_Init
                0x00003690       0x94 .\CortexM3\ARM_GCC_493\Debug\CS301_Class.a(PWM_2.o)
                0x00003690                PWM_2_Init
 .text.PWM_2_Enable
                0x00003724       0x20 .\CortexM3\ARM_GCC_493\Debug\CS301_Class.a(PWM_2.o)
                0x00003724                PWM_2_Enable
 .text.PWM_2_WriteCounter
                0x00003744       0x20 .\CortexM3\ARM_GCC_493\Debug\CS301_Class.a(PWM_2.o)
                0x00003744                PWM_2_WriteCounter
 .text.PWM_2_ClearFIFO
                0x00003764       0x1c .\CortexM3\ARM_GCC_493\Debug\CS301_Class.a(PWM_2.o)
                0x00003764                PWM_2_ClearFIFO
 .text.PWM_2_WritePeriod
                0x00003780       0x20 .\CortexM3\ARM_GCC_493\Debug\CS301_Class.a(PWM_2.o)
                0x00003780                PWM_2_WritePeriod
 .text.PWM_2_WriteCompare
                0x000037a0       0x20 .\CortexM3\ARM_GCC_493\Debug\CS301_Class.a(PWM_2.o)
                0x000037a0                PWM_2_WriteCompare
 .text.PWM_2_SetInterruptMode
                0x000037c0       0x20 .\CortexM3\ARM_GCC_493\Debug\CS301_Class.a(PWM_2.o)
                0x000037c0                PWM_2_SetInterruptMode
 .text.PWM_2_ReadStatusRegister
                0x000037e0       0x18 .\CortexM3\ARM_GCC_493\Debug\CS301_Class.a(PWM_2.o)
                0x000037e0                PWM_2_ReadStatusRegister
 .text.PWM_2_ReadCapture
                0x000037f8       0x18 .\CortexM3\ARM_GCC_493\Debug\CS301_Class.a(PWM_2.o)
                0x000037f8                PWM_2_ReadCapture
 .text.PWM_2_ReadCompare
                0x00003810       0x18 .\CortexM3\ARM_GCC_493\Debug\CS301_Class.a(PWM_2.o)
                0x00003810                PWM_2_ReadCompare
 .text.QuadDec_M1_Init
                0x00003828        0xc .\CortexM3\ARM_GCC_493\Debug\CS301_Class.a(QuadDec_M1.o)
                0x00003828                QuadDec_M1_Init
 .text.QuadDec_M1_Enable
                0x00003834       0x3c .\CortexM3\ARM_GCC_493\Debug\CS301_Class.a(QuadDec_M1.o)
                0x00003834                QuadDec_M1_Enable
 .text.QuadDec_M1_Start
                0x00003870       0x2c .\CortexM3\ARM_GCC_493\Debug\CS301_Class.a(QuadDec_M1.o)
                0x00003870                QuadDec_M1_Start
 .text.QuadDec_M1_GetCounter
                0x0000389c       0x24 .\CortexM3\ARM_GCC_493\Debug\CS301_Class.a(QuadDec_M1.o)
                0x0000389c                QuadDec_M1_GetCounter
 .text.QuadDec_M1_GetEvents
                0x000038c0       0x20 .\CortexM3\ARM_GCC_493\Debug\CS301_Class.a(QuadDec_M1.o)
                0x000038c0                QuadDec_M1_GetEvents
 .text.QuadDec_M1_SetInterruptMask
                0x000038e0       0x20 .\CortexM3\ARM_GCC_493\Debug\CS301_Class.a(QuadDec_M1.o)
                0x000038e0                QuadDec_M1_SetInterruptMask
 .text.QuadDec_M2_Init
                0x00003900        0xc .\CortexM3\ARM_GCC_493\Debug\CS301_Class.a(QuadDec_M2.o)
                0x00003900                QuadDec_M2_Init
 .text.QuadDec_M2_Enable
                0x0000390c       0x3c .\CortexM3\ARM_GCC_493\Debug\CS301_Class.a(QuadDec_M2.o)
                0x0000390c                QuadDec_M2_Enable
 .text.QuadDec_M2_Start
                0x00003948       0x2c .\CortexM3\ARM_GCC_493\Debug\CS301_Class.a(QuadDec_M2.o)
                0x00003948                QuadDec_M2_Start
 .text.QuadDec_M2_GetCounter
                0x00003974       0x24 .\CortexM3\ARM_GCC_493\Debug\CS301_Class.a(QuadDec_M2.o)
                0x00003974                QuadDec_M2_GetCounter
 .text.QuadDec_M2_GetEvents
                0x00003998       0x20 .\CortexM3\ARM_GCC_493\Debug\CS301_Class.a(QuadDec_M2.o)
                0x00003998                QuadDec_M2_GetEvents
 .text.QuadDec_M2_SetInterruptMask
                0x000039b8       0x20 .\CortexM3\ARM_GCC_493\Debug\CS301_Class.a(QuadDec_M2.o)
                0x000039b8                QuadDec_M2_SetInterruptMask
 .text.QuadDec_M1_Cnt16_Init
                0x000039d8       0x80 .\CortexM3\ARM_GCC_493\Debug\CS301_Class.a(QuadDec_M1_Cnt16.o)
                0x000039d8                QuadDec_M1_Cnt16_Init
 .text.QuadDec_M1_Cnt16_Enable
                0x00003a58       0x20 .\CortexM3\ARM_GCC_493\Debug\CS301_Class.a(QuadDec_M1_Cnt16.o)
                0x00003a58                QuadDec_M1_Cnt16_Enable
 .text.QuadDec_M1_Cnt16_Start
                0x00003a78       0x20 .\CortexM3\ARM_GCC_493\Debug\CS301_Class.a(QuadDec_M1_Cnt16.o)
                0x00003a78                QuadDec_M1_Cnt16_Start
 .text.QuadDec_M1_Cnt16_SetInterruptMode
                0x00003a98       0x20 .\CortexM3\ARM_GCC_493\Debug\CS301_Class.a(QuadDec_M1_Cnt16.o)
                0x00003a98                QuadDec_M1_Cnt16_SetInterruptMode
 .text.QuadDec_M1_Cnt16_ReadStatusRegister
                0x00003ab8       0x18 .\CortexM3\ARM_GCC_493\Debug\CS301_Class.a(QuadDec_M1_Cnt16.o)
                0x00003ab8                QuadDec_M1_Cnt16_ReadStatusRegister
 .text.QuadDec_M1_Cnt16_WriteCounter
                0x00003ad0       0x20 .\CortexM3\ARM_GCC_493\Debug\CS301_Class.a(QuadDec_M1_Cnt16.o)
                0x00003ad0                QuadDec_M1_Cnt16_WriteCounter
 .text.QuadDec_M1_Cnt16_ReadCounter
                0x00003af0       0x20 .\CortexM3\ARM_GCC_493\Debug\CS301_Class.a(QuadDec_M1_Cnt16.o)
                0x00003af0                QuadDec_M1_Cnt16_ReadCounter
 .text.QuadDec_M1_Cnt16_ReadCapture
                0x00003b10       0x18 .\CortexM3\ARM_GCC_493\Debug\CS301_Class.a(QuadDec_M1_Cnt16.o)
                0x00003b10                QuadDec_M1_Cnt16_ReadCapture
 .text.QuadDec_M1_Cnt16_WritePeriod
                0x00003b28       0x20 .\CortexM3\ARM_GCC_493\Debug\CS301_Class.a(QuadDec_M1_Cnt16.o)
                0x00003b28                QuadDec_M1_Cnt16_WritePeriod
 .text.QuadDec_M1_Cnt16_WriteCompare
                0x00003b48       0x20 .\CortexM3\ARM_GCC_493\Debug\CS301_Class.a(QuadDec_M1_Cnt16.o)
                0x00003b48                QuadDec_M1_Cnt16_WriteCompare
 .text.QuadDec_M1_Cnt16_ClearFIFO
                0x00003b68       0x1c .\CortexM3\ARM_GCC_493\Debug\CS301_Class.a(QuadDec_M1_Cnt16.o)
                0x00003b68                QuadDec_M1_Cnt16_ClearFIFO
 .text.QuadDec_M2_Cnt16_Init
                0x00003b84       0x80 .\CortexM3\ARM_GCC_493\Debug\CS301_Class.a(QuadDec_M2_Cnt16.o)
                0x00003b84                QuadDec_M2_Cnt16_Init
 .text.QuadDec_M2_Cnt16_Enable
                0x00003c04       0x20 .\CortexM3\ARM_GCC_493\Debug\CS301_Class.a(QuadDec_M2_Cnt16.o)
                0x00003c04                QuadDec_M2_Cnt16_Enable
 .text.QuadDec_M2_Cnt16_Start
                0x00003c24       0x20 .\CortexM3\ARM_GCC_493\Debug\CS301_Class.a(QuadDec_M2_Cnt16.o)
                0x00003c24                QuadDec_M2_Cnt16_Start
 .text.QuadDec_M2_Cnt16_SetInterruptMode
                0x00003c44       0x20 .\CortexM3\ARM_GCC_493\Debug\CS301_Class.a(QuadDec_M2_Cnt16.o)
                0x00003c44                QuadDec_M2_Cnt16_SetInterruptMode
 .text.QuadDec_M2_Cnt16_ReadStatusRegister
                0x00003c64       0x18 .\CortexM3\ARM_GCC_493\Debug\CS301_Class.a(QuadDec_M2_Cnt16.o)
                0x00003c64                QuadDec_M2_Cnt16_ReadStatusRegister
 .text.QuadDec_M2_Cnt16_WriteCounter
                0x00003c7c       0x20 .\CortexM3\ARM_GCC_493\Debug\CS301_Class.a(QuadDec_M2_Cnt16.o)
                0x00003c7c                QuadDec_M2_Cnt16_WriteCounter
 .text.QuadDec_M2_Cnt16_ReadCounter
                0x00003c9c       0x20 .\CortexM3\ARM_GCC_493\Debug\CS301_Class.a(QuadDec_M2_Cnt16.o)
                0x00003c9c                QuadDec_M2_Cnt16_ReadCounter
 .text.QuadDec_M2_Cnt16_ReadCapture
                0x00003cbc       0x18 .\CortexM3\ARM_GCC_493\Debug\CS301_Class.a(QuadDec_M2_Cnt16.o)
                0x00003cbc                QuadDec_M2_Cnt16_ReadCapture
 .text.QuadDec_M2_Cnt16_WritePeriod
                0x00003cd4       0x20 .\CortexM3\ARM_GCC_493\Debug\CS301_Class.a(QuadDec_M2_Cnt16.o)
                0x00003cd4                QuadDec_M2_Cnt16_WritePeriod
 .text.QuadDec_M2_Cnt16_WriteCompare
                0x00003cf4       0x20 .\CortexM3\ARM_GCC_493\Debug\CS301_Class.a(QuadDec_M2_Cnt16.o)
                0x00003cf4                QuadDec_M2_Cnt16_WriteCompare
 .text.QuadDec_M2_Cnt16_ClearFIFO
                0x00003d14       0x1c .\CortexM3\ARM_GCC_493\Debug\CS301_Class.a(QuadDec_M2_Cnt16.o)
                0x00003d14                QuadDec_M2_Cnt16_ClearFIFO
 .text.INV2_Write
                0x00003d30       0x3c .\CortexM3\ARM_GCC_493\Debug\CS301_Class.a(INV2.o)
                0x00003d30                INV2_Write
 .text.INV1_Write
                0x00003d6c       0x3c .\CortexM3\ARM_GCC_493\Debug\CS301_Class.a(INV1.o)
                0x00003d6c                INV1_Write
 .text.ADC_DEBUG_Write
                0x00003da8       0x3c .\CortexM3\ARM_GCC_493\Debug\CS301_Class.a(ADC_DEBUG.o)
                0x00003da8                ADC_DEBUG_Write
 .text.USBUART_DispatchCDCClassRqst
                0x00003de4       0xe8 .\CortexM3\ARM_GCC_493\Debug\CS301_Class.a(USBUART_cdc.o)
                0x00003de4                USBUART_DispatchCDCClassRqst
 .text.USBUART_GetInterfaceComPort
                0x00003ecc       0x60 .\CortexM3\ARM_GCC_493\Debug\CS301_Class.a(USBUART_cdc.o)
                0x00003ecc                USBUART_GetInterfaceComPort
 .text.USBUART_Cdc_EpInit
                0x00003f2c       0x94 .\CortexM3\ARM_GCC_493\Debug\CS301_Class.a(USBUART_cdc.o)
                0x00003f2c                USBUART_Cdc_EpInit
 .text.USBUART_DispatchClassRqst
                0x00003fc0       0x7c .\CortexM3\ARM_GCC_493\Debug\CS301_Class.a(USBUART_cls.o)
                0x00003fc0                USBUART_DispatchClassRqst
 .text          0x0000403c      0x370 c:/program files (x86)/cypress/psoc creator/3.3/psoc creator/import/gnu/arm/4.9.3/bin/../lib/gcc/arm-none-eabi/4.9.3/armv7-m\libgcc.a(_arm_addsubdf3.o)
                0x0000403c                __aeabi_drsub
                0x00004044                __aeabi_dsub
                0x00004044                __subdf3
                0x00004048                __aeabi_dadd
                0x00004048                __adddf3
                0x000042c0                __floatunsidf
                0x000042c0                __aeabi_ui2d
                0x000042e0                __floatsidf
                0x000042e0                __aeabi_i2d
                0x00004304                __aeabi_f2d
                0x00004304                __extendsfdf2
                0x00004340                __floatundidf
                0x00004340                __aeabi_ul2d
                0x00004350                __floatdidf
                0x00004350                __aeabi_l2d
 .text          0x000043ac      0x424 c:/program files (x86)/cypress/psoc creator/3.3/psoc creator/import/gnu/arm/4.9.3/bin/../lib/gcc/arm-none-eabi/4.9.3/armv7-m\libgcc.a(_arm_muldivdf3.o)
                0x000043ac                __aeabi_dmul
                0x000043ac                __muldf3
                0x00004600                __divdf3
                0x00004600                __aeabi_ddiv
 .text          0x000047d0       0xa0 c:/program files (x86)/cypress/psoc creator/3.3/psoc creator/import/gnu/arm/4.9.3/bin/../lib/gcc/arm-none-eabi/4.9.3/armv7-m\libgcc.a(_arm_truncdfsf2.o)
                0x000047d0                __truncdfsf2
                0x000047d0                __aeabi_d2f
 .text          0x00004870      0x21c c:/program files (x86)/cypress/psoc creator/3.3/psoc creator/import/gnu/arm/4.9.3/bin/../lib/gcc/arm-none-eabi/4.9.3/armv7-m\libgcc.a(_arm_addsubsf3.o)
                0x00004870                __aeabi_frsub
                0x00004878                __subsf3
                0x00004878                __aeabi_fsub
                0x0000487c                __aeabi_fadd
                0x0000487c                __addsf3
                0x000049dc                __aeabi_ui2f
                0x000049dc                __floatunsisf
                0x000049e4                __aeabi_i2f
                0x000049e4                __floatsisf
                0x00004a00                __aeabi_ul2f
                0x00004a00                __floatundisf
                0x00004a10                __aeabi_l2f
                0x00004a10                __floatdisf
 .text          0x00004a8c      0x2a0 c:/program files (x86)/cypress/psoc creator/3.3/psoc creator/import/gnu/arm/4.9.3/bin/../lib/gcc/arm-none-eabi/4.9.3/armv7-m\libgcc.a(_arm_muldivsf3.o)
                0x00004a8c                __mulsf3
                0x00004a8c                __aeabi_fmul
                0x00004bf4                __aeabi_fdiv
                0x00004bf4                __divsf3
 .text          0x00004d2c       0xec c:/program files (x86)/cypress/psoc creator/3.3/psoc creator/import/gnu/arm/4.9.3/bin/../lib/gcc/arm-none-eabi/4.9.3/armv7-m\libgcc.a(_arm_cmpsf2.o)
                0x00004d2c                __gesf2
                0x00004d2c                __gtsf2
                0x00004d34                __lesf2
                0x00004d34                __ltsf2
                0x00004d3c                __nesf2
                0x00004d3c                __eqsf2
                0x00004d3c                __cmpsf2
                0x00004d9c                __aeabi_cfrcmple
                0x00004da4                __aeabi_cfcmpeq
                0x00004da4                __aeabi_cfcmple
                0x00004db4                __aeabi_fcmpeq
                0x00004dc8                __aeabi_fcmplt
                0x00004ddc                __aeabi_fcmple
                0x00004df0                __aeabi_fcmpge
                0x00004e04                __aeabi_fcmpgt
 .text.__libc_init_array
                0x00004e18       0x4c c:/program files (x86)/cypress/psoc creator/3.3/psoc creator/import/gnu/arm/4.9.3/bin/../lib/gcc/arm-none-eabi/4.9.3/../../../../arm-none-eabi/lib/armv7-m\libg_nano.a(lib_a-init.o)
                0x00004e18                __libc_init_array
 .text.memcpy   0x00004e64       0x16 c:/program files (x86)/cypress/psoc creator/3.3/psoc creator/import/gnu/arm/4.9.3/bin/../lib/gcc/arm-none-eabi/4.9.3/../../../../arm-none-eabi/lib/armv7-m\libg_nano.a(lib_a-memcpy.o)
                0x00004e64                memcpy
 .text.memset   0x00004e7a       0x10 c:/program files (x86)/cypress/psoc creator/3.3/psoc creator/import/gnu/arm/4.9.3/bin/../lib/gcc/arm-none-eabi/4.9.3/../../../../arm-none-eabi/lib/armv7-m\libg_nano.a(lib_a-memset.o)
                0x00004e7a                memset
 *(.plt)
 *(.gnu.warning)
 *(.glue_7t)
 .glue_7t       0x00000000        0x0 linker stubs
 *(.glue_7)
 .glue_7        0x00000000        0x0 linker stubs
 *(.vfp11_veneer)
 .vfp11_veneer  0x00000000        0x0 linker stubs
 *(.bootloader)
 *(.ARM.extab* .gnu.linkonce.armextab.*)
 *(.gcc_except_table)

.v4_bx          0x00004e8c        0x0
 .v4_bx         0x00000000        0x0 linker stubs

.iplt           0x00004e8c        0x0
 .iplt          0x00000000        0x0 c:/program files (x86)/cypress/psoc creator/3.3/psoc creator/import/gnu/arm/4.9.3/bin/../lib/gcc/arm-none-eabi/4.9.3/armv7-m/crtbegin.o

.eh_frame_hdr
 *(.eh_frame_hdr)

.eh_frame       0x00004e8c        0x4
 *(.eh_frame)
 .eh_frame      0x00004e8c        0x0 c:/program files (x86)/cypress/psoc creator/3.3/psoc creator/import/gnu/arm/4.9.3/bin/../lib/gcc/arm-none-eabi/4.9.3/armv7-m/crtbegin.o
 .eh_frame      0x00004e8c        0x4 c:/program files (x86)/cypress/psoc creator/3.3/psoc creator/import/gnu/arm/4.9.3/bin/../lib/gcc/arm-none-eabi/4.9.3/armv7-m/crtend.o
                0x00004e90                PROVIDE (__exidx_start, .)

.ARM.exidx
 *(.ARM.exidx* .gnu.linkonce.armexidx.*)
                0x00004e90                __exidx_end = .

.rodata         0x00004e90      0x220
 *(.rodata .rodata.* .gnu.linkonce.r.*)
 .rodata        0x00004e90       0x38 .\CortexM3\ARM_GCC_493\Debug\CS301_Class.a(cyfitter_cfg.o)
 .rodata        0x00004ec8       0x14 .\CortexM3\ARM_GCC_493\Debug\CS301_Class.a(USBUART_std.o)
 .rodata        0x00004edc      0x19c .\CortexM3\ARM_GCC_493\Debug\CS301_Class.a(USBUART_descr.o)
                0x00004edc                USBUART_DEVICE0_DESCR
                0x00004ef0                USBUART_DEVICE0_CONFIGURATION0_DESCR
                0x00004f34                USBUART_STRING_DESCRIPTORS
                0x00004fd4                USBUART_SN_STRING_DESCRIPTOR
                0x00004fd8                USBUART_DEVICE0_CONFIGURATION0_EP_SETTINGS_TABLE
                0x00004ff0                USBUART_DEVICE0_CONFIGURATION0_INTERFACE_CLASS
                0x00004ff4                USBUART_DEVICE0_CONFIGURATION0_TABLE
                0x0000501c                USBUART_DEVICE0_TABLE
                0x00005034                USBUART_TABLE
                0x0000503c                USBUART_MSOS_DESCRIPTOR
                0x00005050                USBUART_MSOS_CONFIGURATION_DESCR
                0x00005078                . = ALIGN (0x4)
 *(.init)
 .init          0x00005078        0x4 c:/program files (x86)/cypress/psoc creator/3.3/psoc creator/import/gnu/arm/4.9.3/bin/../lib/gcc/arm-none-eabi/4.9.3/armv7-m/crti.o
                0x00005078                _init
 .init          0x0000507c        0x8 c:/program files (x86)/cypress/psoc creator/3.3/psoc creator/import/gnu/arm/4.9.3/bin/../lib/gcc/arm-none-eabi/4.9.3/armv7-m/crtn.o
                0x00005084                . = ALIGN (0x4)
                0x00005084                __preinit_array_start = .
 *(.preinit_array)
                0x00005084                __preinit_array_end = .
                0x00005084                . = ALIGN (0x4)
                0x00005084                __init_array_start = .
 *(SORT(.init_array.*))
 *(.init_array)
 .init_array    0x00005084        0x4 c:/program files (x86)/cypress/psoc creator/3.3/psoc creator/import/gnu/arm/4.9.3/bin/../lib/gcc/arm-none-eabi/4.9.3/armv7-m/crtbegin.o
 .init_array    0x00005088        0x4 .\CortexM3\ARM_GCC_493\Debug\Cm3Start.o
                0x0000508c                __init_array_end = .
                0x0000508c                . = ALIGN (0x4)
 *(.fini)
 .fini          0x0000508c        0x4 c:/program files (x86)/cypress/psoc creator/3.3/psoc creator/import/gnu/arm/4.9.3/bin/../lib/gcc/arm-none-eabi/4.9.3/armv7-m/crti.o
                0x0000508c                _fini
 .fini          0x00005090        0x8 c:/program files (x86)/cypress/psoc creator/3.3/psoc creator/import/gnu/arm/4.9.3/bin/../lib/gcc/arm-none-eabi/4.9.3/armv7-m/crtn.o
                0x00005098                . = ALIGN (0x4)
                0x00005098                __fini_array_start = .
 *(.fini_array)
 .fini_array    0x00005098        0x4 c:/program files (x86)/cypress/psoc creator/3.3/psoc creator/import/gnu/arm/4.9.3/bin/../lib/gcc/arm-none-eabi/4.9.3/armv7-m/crtbegin.o
 *(SORT(.fini_array.*))
                0x0000509c                __fini_array_end = .
                0x0000509c                . = ALIGN (0x4)
 *crtbegin.o(.ctors)
 *(EXCLUDE_FILE(*crtend.o) .ctors)
 *(SORT(.ctors.*))
 *crtend.o(.ctors)
                0x0000509c                . = ALIGN (0x4)
 *crtbegin.o(.dtors)
 *(EXCLUDE_FILE(*crtend.o) .dtors)
 *(SORT(.dtors.*))
 *crtend.o(.dtors)
                0x0000509c                . = ALIGN (0x4)
                0x0000509c                __cy_regions = .
                0x0000509c        0x4 LONG 0x50b0 __cy_region_init_ram
                0x000050a0        0x4 LONG 0x1fff8108 __cy_region_start_data
                0x000050a4        0x4 LONG 0x40 __cy_region_init_size_ram
                0x000050a8        0x4 LONG 0x178 __cy_region_zero_size_ram
                0x000050ac                __cy_regions_end = .
                0x000050b0                . = ALIGN (0x8)
 *fill*         0x000050ac        0x4 
                0x000050b0                _etext = .

.cy_checksum_exclude
                0x000050b0        0x0
 *(.cy_checksum_exclude)

.ramvectors     0x1fff8000      0x100
                0x1fff8000                __cy_region_start_ram = .
 *(.ramvectors)
 .ramvectors    0x1fff8000      0x100 .\CortexM3\ARM_GCC_493\Debug\Cm3Start.o
                0x1fff8000                CyRamVectors

.noinit         0x1fff8100        0x5
 *(.noinit)
 .noinit        0x1fff8100        0x4 .\CortexM3\ARM_GCC_493\Debug\Cm3Start.o
 .noinit        0x1fff8104        0x1 .\CortexM3\ARM_GCC_493\Debug\CS301_Class.a(CyLib.o)
                0x1fff8104                CyResetStatus

.data           0x1fff8108       0x40 load address 0x000050b0
                0x1fff8108                __cy_region_start_data = .
 *(.jcr)
 .jcr           0x1fff8108        0x0 c:/program files (x86)/cypress/psoc creator/3.3/psoc creator/import/gnu/arm/4.9.3/bin/../lib/gcc/arm-none-eabi/4.9.3/armv7-m/crtbegin.o
 .jcr           0x1fff8108        0x4 c:/program files (x86)/cypress/psoc creator/3.3/psoc creator/import/gnu/arm/4.9.3/bin/../lib/gcc/arm-none-eabi/4.9.3/armv7-m/crtend.o
 *(.got.plt)
 *(.got)
 *(.shdata)
 *(.data .data.* .gnu.linkonce.d.*)
 .data          0x1fff810c        0x2 .\CortexM3\ARM_GCC_493\Debug\CS301_Class.a(ADC.o)
 .data          0x1fff810e        0x1 .\CortexM3\ARM_GCC_493\Debug\CS301_Class.a(ADC_TempBuf_dma.o)
                0x1fff810e                ADC_TempBuf_DmaHandle
 .data          0x1fff810f        0x1 .\CortexM3\ARM_GCC_493\Debug\CS301_Class.a(ADC_FinalBuf_dma.o)
                0x1fff810f                ADC_FinalBuf_DmaHandle
 .data          0x1fff8110        0x8 .\CortexM3\ARM_GCC_493\Debug\CS301_Class.a(CyDmac.o)
 .data          0x1fff8118       0x10 .\CortexM3\ARM_GCC_493\Debug\CS301_Class.a(CyLib.o)
                0x1fff8118                cydelay_freq_hz
                0x1fff811c                cydelay_freq_khz
                0x1fff8120                cydelay_freq_mhz
                0x1fff8124                cydelay_32k_ms
 .data          0x1fff8128       0x1c .\CortexM3\ARM_GCC_493\Debug\CS301_Class.a(USBUART_cdc.o)
                0x1fff8128                USBUART_linesCoding
                0x1fff8148                . = ALIGN (0x8)
 *fill*         0x1fff8144        0x4 
 *(.ram)
                0x1fff8148                _edata = .

.igot.plt       0x1fff8148        0x0 load address 0x000050f0
 .igot.plt      0x00000000        0x0 c:/program files (x86)/cypress/psoc creator/3.3/psoc creator/import/gnu/arm/4.9.3/bin/../lib/gcc/arm-none-eabi/4.9.3/armv7-m/crtbegin.o

.bss            0x1fff8148      0x178 load address 0x000050f0
                0x1fff8148                PROVIDE (__bss_start__, .)
 *(.shbss)
 *(.bss .bss.* .gnu.linkonce.b.*)
 .bss           0x1fff8148       0x1c c:/program files (x86)/cypress/psoc creator/3.3/psoc creator/import/gnu/arm/4.9.3/bin/../lib/gcc/arm-none-eabi/4.9.3/armv7-m/crtbegin.o
 .bss           0x1fff8164       0x48 .\CortexM3\ARM_GCC_493\Debug\main.o
                0x1fff8164                ts
                0x1fff8166                ts_enc
                0x1fff8168                ts_update
                0x1fff816a                ts_speed
                0x1fff816c                ts_display
                0x1fff816e                flag_ts_enc
                0x1fff816f                flag_ts_update
                0x1fff8170                flag_ts_speed
                0x1fff8171                flag_ts_display
                0x1fff8172                flag_rx
                0x1fff8173                flag_packet
                0x1fff8174                flag_KB_string
                0x1fff8175                dataready_flag
                0x1fff8178                sensor_readings
                0x1fff8180                adc_flag
                0x1fff8184                adc_readings
                0x1fff819c                sample_count
                0x1fff81a0                countM1
                0x1fff81a4                countM2
                0x1fff81a8                timer_flag
 .bss           0x1fff81ac       0x14 .\CortexM3\ARM_GCC_493\Debug\CS301_Class.a(ADC.o)
                0x1fff81ac                ADC_initVar
 .bss           0x1fff81c0        0x1 .\CortexM3\ARM_GCC_493\Debug\CS301_Class.a(Timer_TS.o)
                0x1fff81c0                Timer_TS_initVar
 .bss           0x1fff81c1        0x1 .\CortexM3\ARM_GCC_493\Debug\CS301_Class.a(USBUART.o)
                0x1fff81c1                USBUART_initVar
 *fill*         0x1fff81c2        0x2 
 .bss           0x1fff81c4        0x4 .\CortexM3\ARM_GCC_493\Debug\CS301_Class.a(USBUART_std.o)
 .bss           0x1fff81c8        0x1 .\CortexM3\ARM_GCC_493\Debug\CS301_Class.a(ADC_SAR.o)
                0x1fff81c8                ADC_SAR_initVar
 .bss           0x1fff81c9        0x1 .\CortexM3\ARM_GCC_493\Debug\CS301_Class.a(PWM_1.o)
                0x1fff81c9                PWM_1_initVar
 .bss           0x1fff81ca        0x1 .\CortexM3\ARM_GCC_493\Debug\CS301_Class.a(PWM_2.o)
                0x1fff81ca                PWM_2_initVar
 .bss           0x1fff81cb        0x1 .\CortexM3\ARM_GCC_493\Debug\CS301_Class.a(QuadDec_M1.o)
                0x1fff81cb                QuadDec_M1_initVar
 .bss           0x1fff81cc        0x1 .\CortexM3\ARM_GCC_493\Debug\CS301_Class.a(QuadDec_M2.o)
                0x1fff81cc                QuadDec_M2_initVar
 .bss           0x1fff81cd        0x1 .\CortexM3\ARM_GCC_493\Debug\CS301_Class.a(QuadDec_M1_Cnt16.o)
                0x1fff81cd                QuadDec_M1_Cnt16_initVar
 .bss           0x1fff81ce        0x1 .\CortexM3\ARM_GCC_493\Debug\CS301_Class.a(QuadDec_M2_Cnt16.o)
                0x1fff81ce                QuadDec_M2_Cnt16_initVar
 *(COMMON)
 *fill*         0x1fff81cf        0x1 
 COMMON         0x1fff81d0        0xc .\CortexM3\ARM_GCC_493\Debug\CS301_Class.a(ADC.o)
                0x1fff81d0                ADC_finalArray
 COMMON         0x1fff81dc       0x9a .\CortexM3\ARM_GCC_493\Debug\CS301_Class.a(USBUART_drv.o)
                0x1fff81dc                USBUART_lastPacketSize
                0x1fff81dd                USBUART_device
                0x1fff81de                USBUART_transferByteCount
                0x1fff81e0                USBUART_transferState
                0x1fff81e4                USBUART_interfaceSettingLast
                0x1fff81e8                USBUART_currentTD
                0x1fff81f4                USBUART_interfaceNumber
                0x1fff81f8                USBUART_interfaceClass
                0x1fff81fc                USBUART_configurationChanged
                0x1fff81fd                USBUART_ep0Mode
                0x1fff81fe                USBUART_deviceAddress
                0x1fff81ff                USBUART_configuration
                0x1fff8200                USBUART_ep0Count
                0x1fff8201                USBUART_deviceStatus
                0x1fff8204                USBUART_EP
                0x1fff8270                USBUART_interfaceSetting
                0x1fff8272                USBUART_ep0Toggle
                0x1fff8274                USBUART_interfaceStatus
 *fill*         0x1fff8276        0x2 
 COMMON         0x1fff8278        0xa .\CortexM3\ARM_GCC_493\Debug\CS301_Class.a(ADC_SAR.o)
                0x1fff8278                ADC_SAR_countsPerVolt
                0x1fff827a                ADC_SAR_shift
                0x1fff827c                ADC_SAR_countsPer10Volt
                0x1fff8280                ADC_SAR_offset
 *fill*         0x1fff8282        0x2 
 COMMON         0x1fff8284       0x18 .\CortexM3\ARM_GCC_493\Debug\CS301_Class.a(USBUART_cdc.o)
                0x1fff8284                USBUART_linesChanged
                0x1fff8288                USBUART_cdcDataInEp
                0x1fff828c                USBUART_cdcCommInInterruptEp
                0x1fff8290                USBUART_cdcDataOutEp
                0x1fff8294                USBUART_serialStateBitmap
                0x1fff8298                USBUART_linesControlBitmap
 COMMON         0x1fff829c       0x22 .\CortexM3\ARM_GCC_493\Debug\CS301_Class.a(USBUART_descr.o)
                0x1fff829c                USBUART_idSerialNumberStringDescriptor
                0x1fff82c0                . = ALIGN (0x8)
 *fill*         0x1fff82be        0x2 
 *(.ram.b)
                0x1fff82c0                _end = .
                0x1fff82c0                __end = .
                0x1fff82c0                PROVIDE (end, .)
                0x1fff82c0                PROVIDE (__bss_end__, .)
                0x000050b0                __cy_region_init_ram = LOADADDR (.data)
                0x00000040                __cy_region_init_size_ram = (_edata - ADDR (.data))
                0x00000178                __cy_region_zero_size_ram = (_end - _edata)

.heap           0x1fff82c0       0x80 load address 0x000050f0
                0x1fff82c0                . = _end
                0x1fff8340                . = (. + 0x80)
 *fill*         0x1fff82c0       0x80 
                0x1fff8340                __cy_heap_limit = .

.stack          0x20007800      0x800
                0x20007800                __cy_stack_limit = .
                0x20008000                . = (. + 0x800)
 *fill*         0x20007800      0x800 
                0x00000001                ASSERT ((__cy_stack_limit >= __cy_heap_limit), region RAM overflowed with stack)
                0x00000000                cy_checksum_exclude_size = (CY_APPL_LOADABLE == 0x1)?SIZEOF (.cy_checksum_exclude):0x0
                0x00000001                ASSERT ((cy_checksum_exclude_size <= CY_CHECKSUM_EXCLUDE_SIZE), CY_BOOT: Section .cy_checksum_exclude size exceedes specified limit.)

.cyloadermeta
 *(.cyloadermeta)

.cyloadablemeta
 *(.cyloadablemeta)

.cyconfigecc    0x80000000     0x1028
 *(.cyconfigecc)
 .cyconfigecc   0x80000000     0x1028 .\CortexM3\ARM_GCC_493\Debug\cymetadata.o
                0x80000000                cy_meta_configecc

.cycustnvl      0x90000000        0x4
 *(.cycustnvl)
 .cycustnvl     0x90000000        0x4 .\CortexM3\ARM_GCC_493\Debug\cymetadata.o
                0x90000000                cy_meta_custnvl

.cywolatch      0x90100000        0x4
 *(.cywolatch)
 .cywolatch     0x90100000        0x4 .\CortexM3\ARM_GCC_493\Debug\cymetadata.o
                0x90100000                cy_meta_wonvl

.cyeeprom       0x90200000        0x0
 *(.cyeeprom)
                0x00000001                ASSERT ((. <= ((0x90200000 + ee_offset) + ee_size)), .cyeeprom data will not fit in EEPROM)

.cyflashprotect
                0x90400000      0x100
 *(.cyflashprotect)
 .cyflashprotect
                0x90400000      0x100 .\CortexM3\ARM_GCC_493\Debug\cymetadata.o
                0x90400000                cy_meta_flashprotect

.cymeta         0x90500000        0xc
 *(.cymeta)
 .cymeta        0x90500000        0xc .\CortexM3\ARM_GCC_493\Debug\cymetadata.o
                0x90500000                cy_metadata

.rel.dyn        0x000050f0        0x0 load address 0x9050000c
 .rel.iplt      0x00000000        0x0 c:/program files (x86)/cypress/psoc creator/3.3/psoc creator/import/gnu/arm/4.9.3/bin/../lib/gcc/arm-none-eabi/4.9.3/armv7-m/crtbegin.o

.stab
 *(.stab)

.stabstr
 *(.stabstr)

.debug
 *(.debug)

.line
 *(.line)

.debug_srcinfo
 *(.debug_srcinfo)

.debug_sfnames
 *(.debug_sfnames)

.debug_aranges  0x00000000     0x11d8
 *(.debug_aranges)
 .debug_aranges
                0x00000000       0xa0 .\CortexM3\ARM_GCC_493\Debug\main.o
 .debug_aranges
                0x000000a0       0x28 .\CortexM3\ARM_GCC_493\Debug\tacho.o
 .debug_aranges
                0x000000c8       0x18 .\CortexM3\ARM_GCC_493\Debug\cymetadata.o
 .debug_aranges
                0x000000e0       0x48 .\CortexM3\ARM_GCC_493\Debug\Cm3Start.o
 .debug_aranges
                0x00000128       0x60 .\CortexM3\ARM_GCC_493\Debug\CS301_Class.a(cyfitter_cfg.o)
 .debug_aranges
                0x00000188       0xa0 .\CortexM3\ARM_GCC_493\Debug\CS301_Class.a(ADC.o)
 .debug_aranges
                0x00000228       0x80 .\CortexM3\ARM_GCC_493\Debug\CS301_Class.a(isr_TS.o)
 .debug_aranges
                0x000002a8       0x88 .\CortexM3\ARM_GCC_493\Debug\CS301_Class.a(Timer_TS.o)
 .debug_aranges
                0x00000330       0xc8 .\CortexM3\ARM_GCC_493\Debug\CS301_Class.a(USBUART.o)
 .debug_aranges
                0x000003f8       0x98 .\CortexM3\ARM_GCC_493\Debug\CS301_Class.a(USBUART_drv.o)
 .debug_aranges
                0x00000490       0x40 .\CortexM3\ARM_GCC_493\Debug\CS301_Class.a(USBUART_episr.o)
 .debug_aranges
                0x000004d0       0x40 .\CortexM3\ARM_GCC_493\Debug\CS301_Class.a(USBUART_pm.o)
 .debug_aranges
                0x00000510       0x80 .\CortexM3\ARM_GCC_493\Debug\CS301_Class.a(USBUART_std.o)
 .debug_aranges
                0x00000590       0x20 .\CortexM3\ARM_GCC_493\Debug\CS301_Class.a(USBUART_vnd.o)
 .debug_aranges
                0x000005b0       0xa8 .\CortexM3\ARM_GCC_493\Debug\CS301_Class.a(ADC_SAR.o)
 .debug_aranges
                0x00000658       0x28 .\CortexM3\ARM_GCC_493\Debug\CS301_Class.a(ADC_TempBuf_dma.o)
 .debug_aranges
                0x00000680       0x28 .\CortexM3\ARM_GCC_493\Debug\CS301_Class.a(ADC_FinalBuf_dma.o)
 .debug_aranges
                0x000006a8       0x80 .\CortexM3\ARM_GCC_493\Debug\CS301_Class.a(ADC_IRQ.o)
 .debug_aranges
                0x00000728       0x48 .\CortexM3\ARM_GCC_493\Debug\CS301_Class.a(USBUART_Dp.o)
 .debug_aranges
                0x00000770       0x20 .\CortexM3\ARM_GCC_493\Debug\CS301_Class.a(CyBootAsmGnu.o)
 .debug_aranges
                0x00000790       0xd8 .\CortexM3\ARM_GCC_493\Debug\CS301_Class.a(CyDmac.o)
 .debug_aranges
                0x00000868      0x298 .\CortexM3\ARM_GCC_493\Debug\CS301_Class.a(CyLib.o)
 .debug_aranges
                0x00000b00       0x98 .\CortexM3\ARM_GCC_493\Debug\CS301_Class.a(cyPm.o)
 .debug_aranges
                0x00000b98       0x78 .\CortexM3\ARM_GCC_493\Debug\CS301_Class.a(PWM_1.o)
 .debug_aranges
                0x00000c10       0x80 .\CortexM3\ARM_GCC_493\Debug\CS301_Class.a(isr_eoc.o)
 .debug_aranges
                0x00000c90       0x98 .\CortexM3\ARM_GCC_493\Debug\CS301_Class.a(PWM_2.o)
 .debug_aranges
                0x00000d28       0x60 .\CortexM3\ARM_GCC_493\Debug\CS301_Class.a(QuadDec_M1.o)
 .debug_aranges
                0x00000d88       0x60 .\CortexM3\ARM_GCC_493\Debug\CS301_Class.a(QuadDec_M2.o)
 .debug_aranges
                0x00000de8       0x98 .\CortexM3\ARM_GCC_493\Debug\CS301_Class.a(QuadDec_M1_Cnt16.o)
 .debug_aranges
                0x00000e80       0x98 .\CortexM3\ARM_GCC_493\Debug\CS301_Class.a(QuadDec_M2_Cnt16.o)
 .debug_aranges
                0x00000f18       0x38 .\CortexM3\ARM_GCC_493\Debug\CS301_Class.a(INV2.o)
 .debug_aranges
                0x00000f50       0x38 .\CortexM3\ARM_GCC_493\Debug\CS301_Class.a(INV1.o)
 .debug_aranges
                0x00000f88       0x38 .\CortexM3\ARM_GCC_493\Debug\CS301_Class.a(ADC_DEBUG.o)
 .debug_aranges
                0x00000fc0       0xe8 .\CortexM3\ARM_GCC_493\Debug\CS301_Class.a(USBUART_cdc.o)
 .debug_aranges
                0x000010a8       0x20 .\CortexM3\ARM_GCC_493\Debug\CS301_Class.a(USBUART_cls.o)
 .debug_aranges
                0x000010c8       0x18 .\CortexM3\ARM_GCC_493\Debug\CS301_Class.a(USBUART_descr.o)
 .debug_aranges
                0x000010e0       0x80 .\CortexM3\ARM_GCC_493\Debug\CS301_Class.a(CyFlash.o)
 .debug_aranges
                0x00001160       0x78 .\CortexM3\ARM_GCC_493\Debug\CS301_Class.a(CySpc.o)

.debug_pubnames
 *(.debug_pubnames)

.debug_info     0x00000000     0x85b7
 *(.debug_info .gnu.linkonce.wi.*)
 .debug_info    0x00000000      0x858 .\CortexM3\ARM_GCC_493\Debug\main.o
 .debug_info    0x00000858      0x147 .\CortexM3\ARM_GCC_493\Debug\tacho.o
 .debug_info    0x0000099f      0x13f .\CortexM3\ARM_GCC_493\Debug\cymetadata.o
 .debug_info    0x00000ade      0x313 .\CortexM3\ARM_GCC_493\Debug\Cm3Start.o
 .debug_info    0x00000df1      0x469 .\CortexM3\ARM_GCC_493\Debug\CS301_Class.a(cyfitter_cfg.o)
 .debug_info    0x0000125a      0x3a4 .\CortexM3\ARM_GCC_493\Debug\CS301_Class.a(ADC.o)
 .debug_info    0x000015fe      0x244 .\CortexM3\ARM_GCC_493\Debug\CS301_Class.a(isr_TS.o)
 .debug_info    0x00001842      0x23e .\CortexM3\ARM_GCC_493\Debug\CS301_Class.a(Timer_TS.o)
 .debug_info    0x00001a80      0x70b .\CortexM3\ARM_GCC_493\Debug\CS301_Class.a(USBUART.o)
 .debug_info    0x0000218b      0x521 .\CortexM3\ARM_GCC_493\Debug\CS301_Class.a(USBUART_drv.o)
 .debug_info    0x000026ac      0x22f .\CortexM3\ARM_GCC_493\Debug\CS301_Class.a(USBUART_episr.o)
 .debug_info    0x000028db      0x186 .\CortexM3\ARM_GCC_493\Debug\CS301_Class.a(USBUART_pm.o)
 .debug_info    0x00002a61      0x950 .\CortexM3\ARM_GCC_493\Debug\CS301_Class.a(USBUART_std.o)
 .debug_info    0x000033b1      0x19d .\CortexM3\ARM_GCC_493\Debug\CS301_Class.a(USBUART_vnd.o)
 .debug_info    0x0000354e      0x45b .\CortexM3\ARM_GCC_493\Debug\CS301_Class.a(ADC_SAR.o)
 .debug_info    0x000039a9      0x114 .\CortexM3\ARM_GCC_493\Debug\CS301_Class.a(ADC_TempBuf_dma.o)
 .debug_info    0x00003abd      0x114 .\CortexM3\ARM_GCC_493\Debug\CS301_Class.a(ADC_FinalBuf_dma.o)
 .debug_info    0x00003bd1      0x23a .\CortexM3\ARM_GCC_493\Debug\CS301_Class.a(ADC_IRQ.o)
 .debug_info    0x00003e0b      0x171 .\CortexM3\ARM_GCC_493\Debug\CS301_Class.a(USBUART_Dp.o)
 .debug_info    0x00003f7c       0xda .\CortexM3\ARM_GCC_493\Debug\CS301_Class.a(CyBootAsmGnu.o)
 .debug_info    0x00004056      0x8b4 .\CortexM3\ARM_GCC_493\Debug\CS301_Class.a(CyDmac.o)
 .debug_info    0x0000490a      0xe34 .\CortexM3\ARM_GCC_493\Debug\CS301_Class.a(CyLib.o)
 .debug_info    0x0000573e      0x561 .\CortexM3\ARM_GCC_493\Debug\CS301_Class.a(cyPm.o)
 .debug_info    0x00005c9f      0x22e .\CortexM3\ARM_GCC_493\Debug\CS301_Class.a(PWM_1.o)
 .debug_info    0x00005ecd      0x293 .\CortexM3\ARM_GCC_493\Debug\CS301_Class.a(isr_eoc.o)
 .debug_info    0x00006160      0x2a0 .\CortexM3\ARM_GCC_493\Debug\CS301_Class.a(PWM_2.o)
 .debug_info    0x00006400      0x201 .\CortexM3\ARM_GCC_493\Debug\CS301_Class.a(QuadDec_M1.o)
 .debug_info    0x00006601      0x201 .\CortexM3\ARM_GCC_493\Debug\CS301_Class.a(QuadDec_M2.o)
 .debug_info    0x00006802      0x28a .\CortexM3\ARM_GCC_493\Debug\CS301_Class.a(QuadDec_M1_Cnt16.o)
 .debug_info    0x00006a8c      0x28a .\CortexM3\ARM_GCC_493\Debug\CS301_Class.a(QuadDec_M2_Cnt16.o)
 .debug_info    0x00006d16      0x11e .\CortexM3\ARM_GCC_493\Debug\CS301_Class.a(INV2.o)
 .debug_info    0x00006e34      0x11e .\CortexM3\ARM_GCC_493\Debug\CS301_Class.a(INV1.o)
 .debug_info    0x00006f52      0x11e .\CortexM3\ARM_GCC_493\Debug\CS301_Class.a(ADC_DEBUG.o)
 .debug_info    0x00007070      0x903 .\CortexM3\ARM_GCC_493\Debug\CS301_Class.a(USBUART_cdc.o)
 .debug_info    0x00007973      0x1bc .\CortexM3\ARM_GCC_493\Debug\CS301_Class.a(USBUART_cls.o)
 .debug_info    0x00007b2f      0x2cb .\CortexM3\ARM_GCC_493\Debug\CS301_Class.a(USBUART_descr.o)
 .debug_info    0x00007dfa      0x36a .\CortexM3\ARM_GCC_493\Debug\CS301_Class.a(CyFlash.o)
 .debug_info    0x00008164      0x453 .\CortexM3\ARM_GCC_493\Debug\CS301_Class.a(CySpc.o)

.debug_abbrev   0x00000000     0x2c13
 *(.debug_abbrev)
 .debug_abbrev  0x00000000      0x1f8 .\CortexM3\ARM_GCC_493\Debug\main.o
 .debug_abbrev  0x000001f8       0x96 .\CortexM3\ARM_GCC_493\Debug\tacho.o
 .debug_abbrev  0x0000028e       0x77 .\CortexM3\ARM_GCC_493\Debug\cymetadata.o
 .debug_abbrev  0x00000305      0x1a7 .\CortexM3\ARM_GCC_493\Debug\Cm3Start.o
 .debug_abbrev  0x000004ac      0x1b7 .\CortexM3\ARM_GCC_493\Debug\CS301_Class.a(cyfitter_cfg.o)
 .debug_abbrev  0x00000663      0x155 .\CortexM3\ARM_GCC_493\Debug\CS301_Class.a(ADC.o)
 .debug_abbrev  0x000007b8      0x183 .\CortexM3\ARM_GCC_493\Debug\CS301_Class.a(isr_TS.o)
 .debug_abbrev  0x0000093b       0xe9 .\CortexM3\ARM_GCC_493\Debug\CS301_Class.a(Timer_TS.o)
 .debug_abbrev  0x00000a24      0x1f3 .\CortexM3\ARM_GCC_493\Debug\CS301_Class.a(USBUART.o)
 .debug_abbrev  0x00000c17      0x161 .\CortexM3\ARM_GCC_493\Debug\CS301_Class.a(USBUART_drv.o)
 .debug_abbrev  0x00000d78       0xfd .\CortexM3\ARM_GCC_493\Debug\CS301_Class.a(USBUART_episr.o)
 .debug_abbrev  0x00000e75       0xd1 .\CortexM3\ARM_GCC_493\Debug\CS301_Class.a(USBUART_pm.o)
 .debug_abbrev  0x00000f46      0x1c2 .\CortexM3\ARM_GCC_493\Debug\CS301_Class.a(USBUART_std.o)
 .debug_abbrev  0x00001108       0xc5 .\CortexM3\ARM_GCC_493\Debug\CS301_Class.a(USBUART_vnd.o)
 .debug_abbrev  0x000011cd      0x173 .\CortexM3\ARM_GCC_493\Debug\CS301_Class.a(ADC_SAR.o)
 .debug_abbrev  0x00001340       0x8b .\CortexM3\ARM_GCC_493\Debug\CS301_Class.a(ADC_TempBuf_dma.o)
 .debug_abbrev  0x000013cb       0x8b .\CortexM3\ARM_GCC_493\Debug\CS301_Class.a(ADC_FinalBuf_dma.o)
 .debug_abbrev  0x00001456      0x172 .\CortexM3\ARM_GCC_493\Debug\CS301_Class.a(ADC_IRQ.o)
 .debug_abbrev  0x000015c8       0x90 .\CortexM3\ARM_GCC_493\Debug\CS301_Class.a(USBUART_Dp.o)
 .debug_abbrev  0x00001658       0x14 .\CortexM3\ARM_GCC_493\Debug\CS301_Class.a(CyBootAsmGnu.o)
 .debug_abbrev  0x0000166c      0x194 .\CortexM3\ARM_GCC_493\Debug\CS301_Class.a(CyDmac.o)
 .debug_abbrev  0x00001800      0x217 .\CortexM3\ARM_GCC_493\Debug\CS301_Class.a(CyLib.o)
 .debug_abbrev  0x00001a17      0x161 .\CortexM3\ARM_GCC_493\Debug\CS301_Class.a(cyPm.o)
 .debug_abbrev  0x00001b78      0x116 .\CortexM3\ARM_GCC_493\Debug\CS301_Class.a(PWM_1.o)
 .debug_abbrev  0x00001c8e      0x19b .\CortexM3\ARM_GCC_493\Debug\CS301_Class.a(isr_eoc.o)
 .debug_abbrev  0x00001e29      0x12e .\CortexM3\ARM_GCC_493\Debug\CS301_Class.a(PWM_2.o)
 .debug_abbrev  0x00001f57      0x130 .\CortexM3\ARM_GCC_493\Debug\CS301_Class.a(QuadDec_M1.o)
 .debug_abbrev  0x00002087      0x130 .\CortexM3\ARM_GCC_493\Debug\CS301_Class.a(QuadDec_M2.o)
 .debug_abbrev  0x000021b7      0x12c .\CortexM3\ARM_GCC_493\Debug\CS301_Class.a(QuadDec_M1_Cnt16.o)
 .debug_abbrev  0x000022e3      0x12c .\CortexM3\ARM_GCC_493\Debug\CS301_Class.a(QuadDec_M2_Cnt16.o)
 .debug_abbrev  0x0000240f       0x90 .\CortexM3\ARM_GCC_493\Debug\CS301_Class.a(INV2.o)
 .debug_abbrev  0x0000249f       0x90 .\CortexM3\ARM_GCC_493\Debug\CS301_Class.a(INV1.o)
 .debug_abbrev  0x0000252f       0x90 .\CortexM3\ARM_GCC_493\Debug\CS301_Class.a(ADC_DEBUG.o)
 .debug_abbrev  0x000025bf      0x233 .\CortexM3\ARM_GCC_493\Debug\CS301_Class.a(USBUART_cdc.o)
 .debug_abbrev  0x000027f2       0xc5 .\CortexM3\ARM_GCC_493\Debug\CS301_Class.a(USBUART_cls.o)
 .debug_abbrev  0x000028b7       0xb4 .\CortexM3\ARM_GCC_493\Debug\CS301_Class.a(USBUART_descr.o)
 .debug_abbrev  0x0000296b      0x13c .\CortexM3\ARM_GCC_493\Debug\CS301_Class.a(CyFlash.o)
 .debug_abbrev  0x00002aa7      0x16c .\CortexM3\ARM_GCC_493\Debug\CS301_Class.a(CySpc.o)

.debug_line     0x00000000     0x42be
 *(.debug_line)
 .debug_line    0x00000000      0x3a1 .\CortexM3\ARM_GCC_493\Debug\main.o
 .debug_line    0x000003a1      0x180 .\CortexM3\ARM_GCC_493\Debug\tacho.o
 .debug_line    0x00000521       0x53 .\CortexM3\ARM_GCC_493\Debug\cymetadata.o
 .debug_line    0x00000574      0x1d5 .\CortexM3\ARM_GCC_493\Debug\Cm3Start.o
 .debug_line    0x00000749      0x237 .\CortexM3\ARM_GCC_493\Debug\CS301_Class.a(cyfitter_cfg.o)
 .debug_line    0x00000980      0x1c1 .\CortexM3\ARM_GCC_493\Debug\CS301_Class.a(ADC.o)
 .debug_line    0x00000b41      0x169 .\CortexM3\ARM_GCC_493\Debug\CS301_Class.a(isr_TS.o)
 .debug_line    0x00000caa      0x162 .\CortexM3\ARM_GCC_493\Debug\CS301_Class.a(Timer_TS.o)
 .debug_line    0x00000e0c      0x304 .\CortexM3\ARM_GCC_493\Debug\CS301_Class.a(USBUART.o)
 .debug_line    0x00001110      0x21c .\CortexM3\ARM_GCC_493\Debug\CS301_Class.a(USBUART_drv.o)
 .debug_line    0x0000132c       0xf4 .\CortexM3\ARM_GCC_493\Debug\CS301_Class.a(USBUART_episr.o)
 .debug_line    0x00001420       0xe8 .\CortexM3\ARM_GCC_493\Debug\CS301_Class.a(USBUART_pm.o)
 .debug_line    0x00001508      0x458 .\CortexM3\ARM_GCC_493\Debug\CS301_Class.a(USBUART_std.o)
 .debug_line    0x00001960       0x91 .\CortexM3\ARM_GCC_493\Debug\CS301_Class.a(USBUART_vnd.o)
 .debug_line    0x000019f1      0x209 .\CortexM3\ARM_GCC_493\Debug\CS301_Class.a(ADC_SAR.o)
 .debug_line    0x00001bfa       0x97 .\CortexM3\ARM_GCC_493\Debug\CS301_Class.a(ADC_TempBuf_dma.o)
 .debug_line    0x00001c91       0x98 .\CortexM3\ARM_GCC_493\Debug\CS301_Class.a(ADC_FinalBuf_dma.o)
 .debug_line    0x00001d29      0x15b .\CortexM3\ARM_GCC_493\Debug\CS301_Class.a(ADC_IRQ.o)
 .debug_line    0x00001e84       0xc0 .\CortexM3\ARM_GCC_493\Debug\CS301_Class.a(USBUART_Dp.o)
 .debug_line    0x00001f44       0x68 .\CortexM3\ARM_GCC_493\Debug\CS301_Class.a(CyBootAsmGnu.o)
 .debug_line    0x00001fac      0x2b7 .\CortexM3\ARM_GCC_493\Debug\CS301_Class.a(CyDmac.o)
 .debug_line    0x00002263      0x872 .\CortexM3\ARM_GCC_493\Debug\CS301_Class.a(CyLib.o)
 .debug_line    0x00002ad5      0x381 .\CortexM3\ARM_GCC_493\Debug\CS301_Class.a(cyPm.o)
 .debug_line    0x00002e56      0x142 .\CortexM3\ARM_GCC_493\Debug\CS301_Class.a(PWM_1.o)
 .debug_line    0x00002f98      0x279 .\CortexM3\ARM_GCC_493\Debug\CS301_Class.a(isr_eoc.o)
 .debug_line    0x00003211      0x18b .\CortexM3\ARM_GCC_493\Debug\CS301_Class.a(PWM_2.o)
 .debug_line    0x0000339c      0x10c .\CortexM3\ARM_GCC_493\Debug\CS301_Class.a(QuadDec_M1.o)
 .debug_line    0x000034a8      0x10c .\CortexM3\ARM_GCC_493\Debug\CS301_Class.a(QuadDec_M2.o)
 .debug_line    0x000035b4      0x190 .\CortexM3\ARM_GCC_493\Debug\CS301_Class.a(QuadDec_M1_Cnt16.o)
 .debug_line    0x00003744      0x190 .\CortexM3\ARM_GCC_493\Debug\CS301_Class.a(QuadDec_M2_Cnt16.o)
 .debug_line    0x000038d4       0x95 .\CortexM3\ARM_GCC_493\Debug\CS301_Class.a(INV2.o)
 .debug_line    0x00003969       0x95 .\CortexM3\ARM_GCC_493\Debug\CS301_Class.a(INV1.o)
 .debug_line    0x000039fe       0x9a .\CortexM3\ARM_GCC_493\Debug\CS301_Class.a(ADC_DEBUG.o)
 .debug_line    0x00003a98      0x30e .\CortexM3\ARM_GCC_493\Debug\CS301_Class.a(USBUART_cdc.o)
 .debug_line    0x00003da6       0x97 .\CortexM3\ARM_GCC_493\Debug\CS301_Class.a(USBUART_cls.o)
 .debug_line    0x00003e3d       0x63 .\CortexM3\ARM_GCC_493\Debug\CS301_Class.a(USBUART_descr.o)
 .debug_line    0x00003ea0      0x207 .\CortexM3\ARM_GCC_493\Debug\CS301_Class.a(CyFlash.o)
 .debug_line    0x000040a7      0x217 .\CortexM3\ARM_GCC_493\Debug\CS301_Class.a(CySpc.o)

.debug_frame    0x00000000     0x468c
 *(.debug_frame)
 .debug_frame   0x00000000      0x290 .\CortexM3\ARM_GCC_493\Debug\main.o
 .debug_frame   0x00000290       0x60 .\CortexM3\ARM_GCC_493\Debug\tacho.o
 .debug_frame   0x000002f0       0xd8 .\CortexM3\ARM_GCC_493\Debug\Cm3Start.o
 .debug_frame   0x000003c8      0x16c .\CortexM3\ARM_GCC_493\Debug\CS301_Class.a(cyfitter_cfg.o)
 .debug_frame   0x00000534      0x264 .\CortexM3\ARM_GCC_493\Debug\CS301_Class.a(ADC.o)
 .debug_frame   0x00000798      0x1e8 .\CortexM3\ARM_GCC_493\Debug\CS301_Class.a(isr_TS.o)
 .debug_frame   0x00000980      0x208 .\CortexM3\ARM_GCC_493\Debug\CS301_Class.a(Timer_TS.o)
 .debug_frame   0x00000b88      0x37c .\CortexM3\ARM_GCC_493\Debug\CS301_Class.a(USBUART.o)
 .debug_frame   0x00000f04      0x23c .\CortexM3\ARM_GCC_493\Debug\CS301_Class.a(USBUART_drv.o)
 .debug_frame   0x00001140       0xbc .\CortexM3\ARM_GCC_493\Debug\CS301_Class.a(USBUART_episr.o)
 .debug_frame   0x000011fc       0xbc .\CortexM3\ARM_GCC_493\Debug\CS301_Class.a(USBUART_pm.o)
 .debug_frame   0x000012b8      0x224 .\CortexM3\ARM_GCC_493\Debug\CS301_Class.a(USBUART_std.o)
 .debug_frame   0x000014dc       0x38 .\CortexM3\ARM_GCC_493\Debug\CS301_Class.a(USBUART_vnd.o)
 .debug_frame   0x00001514      0x2c0 .\CortexM3\ARM_GCC_493\Debug\CS301_Class.a(ADC_SAR.o)
 .debug_frame   0x000017d4       0x58 .\CortexM3\ARM_GCC_493\Debug\CS301_Class.a(ADC_TempBuf_dma.o)
 .debug_frame   0x0000182c       0x58 .\CortexM3\ARM_GCC_493\Debug\CS301_Class.a(ADC_FinalBuf_dma.o)
 .debug_frame   0x00001884      0x1e8 .\CortexM3\ARM_GCC_493\Debug\CS301_Class.a(ADC_IRQ.o)
 .debug_frame   0x00001a6c       0xf4 .\CortexM3\ARM_GCC_493\Debug\CS301_Class.a(USBUART_Dp.o)
 .debug_frame   0x00001b60      0x3d0 .\CortexM3\ARM_GCC_493\Debug\CS301_Class.a(CyDmac.o)
 .debug_frame   0x00001f30      0xbe8 .\CortexM3\ARM_GCC_493\Debug\CS301_Class.a(CyLib.o)
 .debug_frame   0x00002b18      0x234 .\CortexM3\ARM_GCC_493\Debug\CS301_Class.a(cyPm.o)
 .debug_frame   0x00002d4c      0x1d0 .\CortexM3\ARM_GCC_493\Debug\CS301_Class.a(PWM_1.o)
 .debug_frame   0x00002f1c      0x1e0 .\CortexM3\ARM_GCC_493\Debug\CS301_Class.a(isr_eoc.o)
 .debug_frame   0x000030fc      0x25c .\CortexM3\ARM_GCC_493\Debug\CS301_Class.a(PWM_2.o)
 .debug_frame   0x00003358      0x160 .\CortexM3\ARM_GCC_493\Debug\CS301_Class.a(QuadDec_M1.o)
 .debug_frame   0x000034b8      0x160 .\CortexM3\ARM_GCC_493\Debug\CS301_Class.a(QuadDec_M2.o)
 .debug_frame   0x00003618      0x258 .\CortexM3\ARM_GCC_493\Debug\CS301_Class.a(QuadDec_M1_Cnt16.o)
 .debug_frame   0x00003870      0x258 .\CortexM3\ARM_GCC_493\Debug\CS301_Class.a(QuadDec_M2_Cnt16.o)
 .debug_frame   0x00003ac8       0xa8 .\CortexM3\ARM_GCC_493\Debug\CS301_Class.a(INV2.o)
 .debug_frame   0x00003b70       0xa8 .\CortexM3\ARM_GCC_493\Debug\CS301_Class.a(INV1.o)
 .debug_frame   0x00003c18       0xa8 .\CortexM3\ARM_GCC_493\Debug\CS301_Class.a(ADC_DEBUG.o)
 .debug_frame   0x00003cc0      0x3ec .\CortexM3\ARM_GCC_493\Debug\CS301_Class.a(USBUART_cdc.o)
 .debug_frame   0x000040ac       0x38 .\CortexM3\ARM_GCC_493\Debug\CS301_Class.a(USBUART_cls.o)
 .debug_frame   0x000040e4      0x210 .\CortexM3\ARM_GCC_493\Debug\CS301_Class.a(CyFlash.o)
 .debug_frame   0x000042f4      0x1f8 .\CortexM3\ARM_GCC_493\Debug\CS301_Class.a(CySpc.o)
 .debug_frame   0x000044ec       0x28 c:/program files (x86)/cypress/psoc creator/3.3/psoc creator/import/gnu/arm/4.9.3/bin/../lib/gcc/arm-none-eabi/4.9.3/armv7-m\libgcc.a(_aeabi_ldivmod.o)
 .debug_frame   0x00004514       0x54 c:/program files (x86)/cypress/psoc creator/3.3/psoc creator/import/gnu/arm/4.9.3/bin/../lib/gcc/arm-none-eabi/4.9.3/armv7-m\libgcc.a(bpabi.o)
 .debug_frame   0x00004568       0x34 c:/program files (x86)/cypress/psoc creator/3.3/psoc creator/import/gnu/arm/4.9.3/bin/../lib/gcc/arm-none-eabi/4.9.3/armv7-m\libgcc.a(_divdi3.o)
 .debug_frame   0x0000459c       0x34 c:/program files (x86)/cypress/psoc creator/3.3/psoc creator/import/gnu/arm/4.9.3/bin/../lib/gcc/arm-none-eabi/4.9.3/armv7-m\libgcc.a(_udivdi3.o)
 .debug_frame   0x000045d0       0x20 c:/program files (x86)/cypress/psoc creator/3.3/psoc creator/import/gnu/arm/4.9.3/bin/../lib/gcc/arm-none-eabi/4.9.3/../../../../arm-none-eabi/lib/armv7-m\libg_nano.a(lib_a-errno.o)
 .debug_frame   0x000045f0       0x28 c:/program files (x86)/cypress/psoc creator/3.3/psoc creator/import/gnu/arm/4.9.3/bin/../lib/gcc/arm-none-eabi/4.9.3/../../../../arm-none-eabi/lib/armv7-m\libg_nano.a(lib_a-exit.o)
 .debug_frame   0x00004618       0x2c c:/program files (x86)/cypress/psoc creator/3.3/psoc creator/import/gnu/arm/4.9.3/bin/../lib/gcc/arm-none-eabi/4.9.3/../../../../arm-none-eabi/lib/armv7-m\libg_nano.a(lib_a-init.o)
 .debug_frame   0x00004644       0x28 c:/program files (x86)/cypress/psoc creator/3.3/psoc creator/import/gnu/arm/4.9.3/bin/../lib/gcc/arm-none-eabi/4.9.3/../../../../arm-none-eabi/lib/armv7-m\libg_nano.a(lib_a-memcpy.o)
 .debug_frame   0x0000466c       0x20 c:/program files (x86)/cypress/psoc creator/3.3/psoc creator/import/gnu/arm/4.9.3/bin/../lib/gcc/arm-none-eabi/4.9.3/../../../../arm-none-eabi/lib/armv7-m\libg_nano.a(lib_a-memset.o)

.debug_str      0x00000000     0x3f54
 *(.debug_str)
 .debug_str     0x00000000      0x5bb .\CortexM3\ARM_GCC_493\Debug\main.o
                                0x64c (size before relaxing)
 .debug_str     0x000005bb       0x39 .\CortexM3\ARM_GCC_493\Debug\tacho.o
                                0x215 (size before relaxing)
 .debug_str     0x000005f4       0x77 .\CortexM3\ARM_GCC_493\Debug\cymetadata.o
                                0x234 (size before relaxing)
 .debug_str     0x0000066b      0x138 .\CortexM3\ARM_GCC_493\Debug\Cm3Start.o
                                0x315 (size before relaxing)
 .debug_str     0x000007a3      0x17f .\CortexM3\ARM_GCC_493\Debug\CS301_Class.a(cyfitter_cfg.o)
                                0x376 (size before relaxing)
 .debug_str     0x00000922      0x1cd .\CortexM3\ARM_GCC_493\Debug\CS301_Class.a(ADC.o)
                                0x3bd (size before relaxing)
 .debug_str     0x00000aef      0x10e .\CortexM3\ARM_GCC_493\Debug\CS301_Class.a(isr_TS.o)
                                0x2f2 (size before relaxing)
 .debug_str     0x00000bfd      0x194 .\CortexM3\ARM_GCC_493\Debug\CS301_Class.a(Timer_TS.o)
                                0x363 (size before relaxing)
 .debug_str     0x00000d91      0x425 .\CortexM3\ARM_GCC_493\Debug\CS301_Class.a(USBUART.o)
                                0x629 (size before relaxing)
 .debug_str     0x000011b6      0x30e .\CortexM3\ARM_GCC_493\Debug\CS301_Class.a(USBUART_drv.o)
                                0x638 (size before relaxing)
 .debug_str     0x000014c4       0x82 .\CortexM3\ARM_GCC_493\Debug\CS301_Class.a(USBUART_episr.o)
                                0x305 (size before relaxing)
 .debug_str     0x00001546       0xae .\CortexM3\ARM_GCC_493\Debug\CS301_Class.a(USBUART_pm.o)
                                0x2a9 (size before relaxing)
 .debug_str     0x000015f4      0x30d .\CortexM3\ARM_GCC_493\Debug\CS301_Class.a(USBUART_std.o)
                                0x798 (size before relaxing)
 .debug_str     0x00001901       0x61 .\CortexM3\ARM_GCC_493\Debug\CS301_Class.a(USBUART_vnd.o)
                                0x2b5 (size before relaxing)
 .debug_str     0x00001962      0x1e6 .\CortexM3\ARM_GCC_493\Debug\CS301_Class.a(ADC_SAR.o)
                                0x43e (size before relaxing)
 .debug_str     0x00001b48       0xad .\CortexM3\ARM_GCC_493\Debug\CS301_Class.a(ADC_TempBuf_dma.o)
                                0x271 (size before relaxing)
 .debug_str     0x00001bf5       0x76 .\CortexM3\ARM_GCC_493\Debug\CS301_Class.a(ADC_FinalBuf_dma.o)
                                0x275 (size before relaxing)
 .debug_str     0x00001c6b      0x104 .\CortexM3\ARM_GCC_493\Debug\CS301_Class.a(ADC_IRQ.o)
                                0x300 (size before relaxing)
 .debug_str     0x00001d6f       0xb7 .\CortexM3\ARM_GCC_493\Debug\CS301_Class.a(USBUART_Dp.o)
                                0x28b (size before relaxing)
 .debug_str     0x00001e26      0x342 .\CortexM3\ARM_GCC_493\Debug\CS301_Class.a(CyDmac.o)
                                0x55b (size before relaxing)
 .debug_str     0x00002168      0x7ab .\CortexM3\ARM_GCC_493\Debug\CS301_Class.a(CyLib.o)
                                0xa10 (size before relaxing)
 .debug_str     0x00002913      0x367 .\CortexM3\ARM_GCC_493\Debug\CS301_Class.a(cyPm.o)
                                0x575 (size before relaxing)
 .debug_str     0x00002c7a      0x118 .\CortexM3\ARM_GCC_493\Debug\CS301_Class.a(PWM_1.o)
                                0x30b (size before relaxing)
 .debug_str     0x00002d92      0x10d .\CortexM3\ARM_GCC_493\Debug\CS301_Class.a(isr_eoc.o)
                                0x33e (size before relaxing)
 .debug_str     0x00002e9f      0x167 .\CortexM3\ARM_GCC_493\Debug\CS301_Class.a(PWM_2.o)
                                0x36f (size before relaxing)
 .debug_str     0x00003006       0xfc .\CortexM3\ARM_GCC_493\Debug\CS301_Class.a(QuadDec_M1.o)
                                0x2f3 (size before relaxing)
 .debug_str     0x00003102       0xf5 .\CortexM3\ARM_GCC_493\Debug\CS301_Class.a(QuadDec_M2.o)
                                0x2f3 (size before relaxing)
 .debug_str     0x000031f7      0x247 .\CortexM3\ARM_GCC_493\Debug\CS301_Class.a(QuadDec_M1_Cnt16.o)
                                0x43a (size before relaxing)
 .debug_str     0x0000343e      0x238 .\CortexM3\ARM_GCC_493\Debug\CS301_Class.a(QuadDec_M2_Cnt16.o)
                                0x43a (size before relaxing)
 .debug_str     0x00003676       0x58 .\CortexM3\ARM_GCC_493\Debug\CS301_Class.a(INV2.o)
                                0x227 (size before relaxing)
 .debug_str     0x000036ce       0x58 .\CortexM3\ARM_GCC_493\Debug\CS301_Class.a(INV1.o)
                                0x227 (size before relaxing)
 .debug_str     0x00003726       0x71 .\CortexM3\ARM_GCC_493\Debug\CS301_Class.a(ADC_DEBUG.o)
                                0x240 (size before relaxing)
 .debug_str     0x00003797      0x40e .\CortexM3\ARM_GCC_493\Debug\CS301_Class.a(USBUART_cdc.o)
                                0x758 (size before relaxing)
 .debug_str     0x00003ba5       0x41 .\CortexM3\ARM_GCC_493\Debug\CS301_Class.a(USBUART_cls.o)
                                0x2cd (size before relaxing)
 .debug_str     0x00003be6      0x106 .\CortexM3\ARM_GCC_493\Debug\CS301_Class.a(USBUART_descr.o)
                                0x3d0 (size before relaxing)
 .debug_str     0x00003cec      0x147 .\CortexM3\ARM_GCC_493\Debug\CS301_Class.a(CyFlash.o)
                                0x334 (size before relaxing)
 .debug_str     0x00003e33      0x121 .\CortexM3\ARM_GCC_493\Debug\CS301_Class.a(CySpc.o)
                                0x331 (size before relaxing)

.debug_loc
 *(.debug_loc)

.debug_macinfo
 *(.debug_macinfo)

.debug_ranges   0x00000000      0xf58
 *(.debug_ranges)
 .debug_ranges  0x00000000       0x90 .\CortexM3\ARM_GCC_493\Debug\main.o
 .debug_ranges  0x00000090       0x18 .\CortexM3\ARM_GCC_493\Debug\tacho.o
 .debug_ranges  0x000000a8       0x38 .\CortexM3\ARM_GCC_493\Debug\Cm3Start.o
 .debug_ranges  0x000000e0       0x50 .\CortexM3\ARM_GCC_493\Debug\CS301_Class.a(cyfitter_cfg.o)
 .debug_ranges  0x00000130       0x90 .\CortexM3\ARM_GCC_493\Debug\CS301_Class.a(ADC.o)
 .debug_ranges  0x000001c0       0x70 .\CortexM3\ARM_GCC_493\Debug\CS301_Class.a(isr_TS.o)
 .debug_ranges  0x00000230       0x78 .\CortexM3\ARM_GCC_493\Debug\CS301_Class.a(Timer_TS.o)
 .debug_ranges  0x000002a8       0xb8 .\CortexM3\ARM_GCC_493\Debug\CS301_Class.a(USBUART.o)
 .debug_ranges  0x00000360       0x88 .\CortexM3\ARM_GCC_493\Debug\CS301_Class.a(USBUART_drv.o)
 .debug_ranges  0x000003e8       0x30 .\CortexM3\ARM_GCC_493\Debug\CS301_Class.a(USBUART_episr.o)
 .debug_ranges  0x00000418       0x30 .\CortexM3\ARM_GCC_493\Debug\CS301_Class.a(USBUART_pm.o)
 .debug_ranges  0x00000448       0x70 .\CortexM3\ARM_GCC_493\Debug\CS301_Class.a(USBUART_std.o)
 .debug_ranges  0x000004b8       0x10 .\CortexM3\ARM_GCC_493\Debug\CS301_Class.a(USBUART_vnd.o)
 .debug_ranges  0x000004c8       0x98 .\CortexM3\ARM_GCC_493\Debug\CS301_Class.a(ADC_SAR.o)
 .debug_ranges  0x00000560       0x18 .\CortexM3\ARM_GCC_493\Debug\CS301_Class.a(ADC_TempBuf_dma.o)
 .debug_ranges  0x00000578       0x18 .\CortexM3\ARM_GCC_493\Debug\CS301_Class.a(ADC_FinalBuf_dma.o)
 .debug_ranges  0x00000590       0x70 .\CortexM3\ARM_GCC_493\Debug\CS301_Class.a(ADC_IRQ.o)
 .debug_ranges  0x00000600       0x38 .\CortexM3\ARM_GCC_493\Debug\CS301_Class.a(USBUART_Dp.o)
 .debug_ranges  0x00000638       0xc8 .\CortexM3\ARM_GCC_493\Debug\CS301_Class.a(CyDmac.o)
 .debug_ranges  0x00000700      0x288 .\CortexM3\ARM_GCC_493\Debug\CS301_Class.a(CyLib.o)
 .debug_ranges  0x00000988       0x88 .\CortexM3\ARM_GCC_493\Debug\CS301_Class.a(cyPm.o)
 .debug_ranges  0x00000a10       0x68 .\CortexM3\ARM_GCC_493\Debug\CS301_Class.a(PWM_1.o)
 .debug_ranges  0x00000a78       0x70 .\CortexM3\ARM_GCC_493\Debug\CS301_Class.a(isr_eoc.o)
 .debug_ranges  0x00000ae8       0x88 .\CortexM3\ARM_GCC_493\Debug\CS301_Class.a(PWM_2.o)
 .debug_ranges  0x00000b70       0x50 .\CortexM3\ARM_GCC_493\Debug\CS301_Class.a(QuadDec_M1.o)
 .debug_ranges  0x00000bc0       0x50 .\CortexM3\ARM_GCC_493\Debug\CS301_Class.a(QuadDec_M2.o)
 .debug_ranges  0x00000c10       0x88 .\CortexM3\ARM_GCC_493\Debug\CS301_Class.a(QuadDec_M1_Cnt16.o)
 .debug_ranges  0x00000c98       0x88 .\CortexM3\ARM_GCC_493\Debug\CS301_Class.a(QuadDec_M2_Cnt16.o)
 .debug_ranges  0x00000d20       0x28 .\CortexM3\ARM_GCC_493\Debug\CS301_Class.a(INV2.o)
 .debug_ranges  0x00000d48       0x28 .\CortexM3\ARM_GCC_493\Debug\CS301_Class.a(INV1.o)
 .debug_ranges  0x00000d70       0x28 .\CortexM3\ARM_GCC_493\Debug\CS301_Class.a(ADC_DEBUG.o)
 .debug_ranges  0x00000d98       0xd8 .\CortexM3\ARM_GCC_493\Debug\CS301_Class.a(USBUART_cdc.o)
 .debug_ranges  0x00000e70       0x10 .\CortexM3\ARM_GCC_493\Debug\CS301_Class.a(USBUART_cls.o)
 .debug_ranges  0x00000e80       0x70 .\CortexM3\ARM_GCC_493\Debug\CS301_Class.a(CyFlash.o)
 .debug_ranges  0x00000ef0       0x68 .\CortexM3\ARM_GCC_493\Debug\CS301_Class.a(CySpc.o)

.comment        0x00000000       0x70
 .comment       0x00000000       0x70 .\CortexM3\ARM_GCC_493\Debug\main.o
                                 0x71 (size before relaxing)
 .comment       0x00000000       0x71 .\CortexM3\ARM_GCC_493\Debug\tacho.o
 .comment       0x00000000       0x71 .\CortexM3\ARM_GCC_493\Debug\cymetadata.o
 .comment       0x00000000       0x71 .\CortexM3\ARM_GCC_493\Debug\Cm3Start.o
 .comment       0x00000000       0x71 .\CortexM3\ARM_GCC_493\Debug\CS301_Class.a(cyfitter_cfg.o)
 .comment       0x00000000       0x71 .\CortexM3\ARM_GCC_493\Debug\CS301_Class.a(ADC.o)
 .comment       0x00000000       0x71 .\CortexM3\ARM_GCC_493\Debug\CS301_Class.a(isr_TS.o)
 .comment       0x00000000       0x71 .\CortexM3\ARM_GCC_493\Debug\CS301_Class.a(Timer_TS.o)
 .comment       0x00000000       0x71 .\CortexM3\ARM_GCC_493\Debug\CS301_Class.a(USBUART.o)
 .comment       0x00000000       0x71 .\CortexM3\ARM_GCC_493\Debug\CS301_Class.a(USBUART_drv.o)
 .comment       0x00000000       0x71 .\CortexM3\ARM_GCC_493\Debug\CS301_Class.a(USBUART_episr.o)
 .comment       0x00000000       0x71 .\CortexM3\ARM_GCC_493\Debug\CS301_Class.a(USBUART_pm.o)
 .comment       0x00000000       0x71 .\CortexM3\ARM_GCC_493\Debug\CS301_Class.a(USBUART_std.o)
 .comment       0x00000000       0x71 .\CortexM3\ARM_GCC_493\Debug\CS301_Class.a(USBUART_vnd.o)
 .comment       0x00000000       0x71 .\CortexM3\ARM_GCC_493\Debug\CS301_Class.a(ADC_SAR.o)
 .comment       0x00000000       0x71 .\CortexM3\ARM_GCC_493\Debug\CS301_Class.a(ADC_TempBuf_dma.o)
 .comment       0x00000000       0x71 .\CortexM3\ARM_GCC_493\Debug\CS301_Class.a(ADC_FinalBuf_dma.o)
 .comment       0x00000000       0x71 .\CortexM3\ARM_GCC_493\Debug\CS301_Class.a(ADC_IRQ.o)
 .comment       0x00000000       0x71 .\CortexM3\ARM_GCC_493\Debug\CS301_Class.a(USBUART_Dp.o)
 .comment       0x00000000       0x71 .\CortexM3\ARM_GCC_493\Debug\CS301_Class.a(CyDmac.o)
 .comment       0x00000000       0x71 .\CortexM3\ARM_GCC_493\Debug\CS301_Class.a(CyLib.o)
 .comment       0x00000000       0x71 .\CortexM3\ARM_GCC_493\Debug\CS301_Class.a(cyPm.o)
 .comment       0x00000000       0x71 .\CortexM3\ARM_GCC_493\Debug\CS301_Class.a(PWM_1.o)
 .comment       0x00000000       0x71 .\CortexM3\ARM_GCC_493\Debug\CS301_Class.a(isr_eoc.o)
 .comment       0x00000000       0x71 .\CortexM3\ARM_GCC_493\Debug\CS301_Class.a(PWM_2.o)
 .comment       0x00000000       0x71 .\CortexM3\ARM_GCC_493\Debug\CS301_Class.a(QuadDec_M1.o)
 .comment       0x00000000       0x71 .\CortexM3\ARM_GCC_493\Debug\CS301_Class.a(QuadDec_M2.o)
 .comment       0x00000000       0x71 .\CortexM3\ARM_GCC_493\Debug\CS301_Class.a(QuadDec_M1_Cnt16.o)
 .comment       0x00000000       0x71 .\CortexM3\ARM_GCC_493\Debug\CS301_Class.a(QuadDec_M2_Cnt16.o)
 .comment       0x00000000       0x71 .\CortexM3\ARM_GCC_493\Debug\CS301_Class.a(INV2.o)
 .comment       0x00000000       0x71 .\CortexM3\ARM_GCC_493\Debug\CS301_Class.a(INV1.o)
 .comment       0x00000000       0x71 .\CortexM3\ARM_GCC_493\Debug\CS301_Class.a(ADC_DEBUG.o)
 .comment       0x00000000       0x71 .\CortexM3\ARM_GCC_493\Debug\CS301_Class.a(USBUART_cdc.o)
 .comment       0x00000000       0x71 .\CortexM3\ARM_GCC_493\Debug\CS301_Class.a(USBUART_cls.o)
 .comment       0x00000000       0x71 .\CortexM3\ARM_GCC_493\Debug\CS301_Class.a(USBUART_descr.o)
 .comment       0x00000000       0x71 .\CortexM3\ARM_GCC_493\Debug\CS301_Class.a(CyFlash.o)
 .comment       0x00000000       0x71 .\CortexM3\ARM_GCC_493\Debug\CS301_Class.a(CySpc.o)

.debug_weaknames
 *(.debug_weaknames)

.debug_funcnames
 *(.debug_funcnames)

.debug_typenames
 *(.debug_typenames)

.debug_varnames
 *(.debug_varnames)

.note.gnu.arm.ident
 *(.note.gnu.arm.ident)

.ARM.attributes
                0x00000000       0x29
 *(.ARM.attributes)
 .ARM.attributes
                0x00000000       0x1d c:/program files (x86)/cypress/psoc creator/3.3/psoc creator/import/gnu/arm/4.9.3/bin/../lib/gcc/arm-none-eabi/4.9.3/armv7-m/crti.o
 .ARM.attributes
                0x0000001d       0x2d c:/program files (x86)/cypress/psoc creator/3.3/psoc creator/import/gnu/arm/4.9.3/bin/../lib/gcc/arm-none-eabi/4.9.3/armv7-m/crtbegin.o
 .ARM.attributes
                0x0000004a       0x1b c:/program files (x86)/cypress/psoc creator/3.3/psoc creator/import/gnu/arm/4.9.3/bin/../lib/gcc/arm-none-eabi/4.9.3/../../../../arm-none-eabi/lib/armv7-m/crt0.o
 .ARM.attributes
                0x00000065       0x33 .\CortexM3\ARM_GCC_493\Debug\main.o
 .ARM.attributes
                0x00000098       0x33 .\CortexM3\ARM_GCC_493\Debug\tacho.o
 .ARM.attributes
                0x000000cb       0x33 .\CortexM3\ARM_GCC_493\Debug\cymetadata.o
 .ARM.attributes
                0x000000fe       0x33 .\CortexM3\ARM_GCC_493\Debug\Cm3Start.o
 .ARM.attributes
                0x00000131       0x33 .\CortexM3\ARM_GCC_493\Debug\CS301_Class.a(cyfitter_cfg.o)
 .ARM.attributes
                0x00000164       0x33 .\CortexM3\ARM_GCC_493\Debug\CS301_Class.a(ADC.o)
 .ARM.attributes
                0x00000197       0x33 .\CortexM3\ARM_GCC_493\Debug\CS301_Class.a(isr_TS.o)
 .ARM.attributes
                0x000001ca       0x33 .\CortexM3\ARM_GCC_493\Debug\CS301_Class.a(Timer_TS.o)
 .ARM.attributes
                0x000001fd       0x33 .\CortexM3\ARM_GCC_493\Debug\CS301_Class.a(USBUART.o)
 .ARM.attributes
                0x00000230       0x33 .\CortexM3\ARM_GCC_493\Debug\CS301_Class.a(USBUART_drv.o)
 .ARM.attributes
                0x00000263       0x33 .\CortexM3\ARM_GCC_493\Debug\CS301_Class.a(USBUART_episr.o)
 .ARM.attributes
                0x00000296       0x33 .\CortexM3\ARM_GCC_493\Debug\CS301_Class.a(USBUART_pm.o)
 .ARM.attributes
                0x000002c9       0x33 .\CortexM3\ARM_GCC_493\Debug\CS301_Class.a(USBUART_std.o)
 .ARM.attributes
                0x000002fc       0x33 .\CortexM3\ARM_GCC_493\Debug\CS301_Class.a(USBUART_vnd.o)
 .ARM.attributes
                0x0000032f       0x33 .\CortexM3\ARM_GCC_493\Debug\CS301_Class.a(ADC_SAR.o)
 .ARM.attributes
                0x00000362       0x33 .\CortexM3\ARM_GCC_493\Debug\CS301_Class.a(ADC_TempBuf_dma.o)
 .ARM.attributes
                0x00000395       0x33 .\CortexM3\ARM_GCC_493\Debug\CS301_Class.a(ADC_FinalBuf_dma.o)
 .ARM.attributes
                0x000003c8       0x33 .\CortexM3\ARM_GCC_493\Debug\CS301_Class.a(ADC_IRQ.o)
 .ARM.attributes
                0x000003fb       0x33 .\CortexM3\ARM_GCC_493\Debug\CS301_Class.a(USBUART_Dp.o)
 .ARM.attributes
                0x0000042e       0x21 .\CortexM3\ARM_GCC_493\Debug\CS301_Class.a(CyBootAsmGnu.o)
 .ARM.attributes
                0x0000044f       0x33 .\CortexM3\ARM_GCC_493\Debug\CS301_Class.a(CyDmac.o)
 .ARM.attributes
                0x00000482       0x33 .\CortexM3\ARM_GCC_493\Debug\CS301_Class.a(CyLib.o)
 .ARM.attributes
                0x000004b5       0x33 .\CortexM3\ARM_GCC_493\Debug\CS301_Class.a(cyPm.o)
 .ARM.attributes
                0x000004e8       0x33 .\CortexM3\ARM_GCC_493\Debug\CS301_Class.a(PWM_1.o)
 .ARM.attributes
                0x0000051b       0x33 .\CortexM3\ARM_GCC_493\Debug\CS301_Class.a(isr_eoc.o)
 .ARM.attributes
                0x0000054e       0x33 .\CortexM3\ARM_GCC_493\Debug\CS301_Class.a(PWM_2.o)
 .ARM.attributes